// Jest Snapshot v1, https://goo.gl/fbAQLP

exports[`GlassIntelligentSearch matches snapshot 1`] = `
<div
  class="glass-intelligent-search glass-w-full glass-min-w-0"
  data-glass-component="true"
  style="width: 100%; max-width: 64rem; margin: 0px auto;"
>
  <style>
    
        .glass-intelligent-search-panel {
          background: linear-gradient(135deg, rgba(255, 255, 255, 0.84), rgba(248, 250, 252, 0.7)), rgba(255, 255, 255, 0.76) !important;
          background-color: rgba(255, 255, 255, 0.76) !important;
          border-color: rgba(15, 23, 42, 0.14) !important;
          color: #0f172a !important;
          box-shadow: 0 18px 52px rgba(15, 23, 42, 0.12), inset 0 1px 0 rgba(255, 255, 255, 0.76);
        }

        .glass-intelligent-search-panel .glass-text-primary,
        .glass-intelligent-search-panel .glass-text-secondary,
        .glass-intelligent-search-panel .glass-text-tertiary {
          color: #0f172a !important;
        }

        .glass-intelligent-search-panel label,
        .glass-intelligent-search-panel p,
        .glass-intelligent-search-panel span {
          color: inherit;
        }

        .glass-intelligent-search-panel button {
          background-color: rgba(255, 255, 255, 0.58) !important;
          border: 1px solid rgba(15, 23, 42, 0.14) !important;
          color: #0f172a !important;
          border-radius: 12px;
        }

        .glass-intelligent-search-panel .glass-search-primary-action {
          background: linear-gradient(135deg, rgba(3, 105, 161, 0.96), rgba(29, 78, 216, 0.92)), rgba(3, 105, 161, 0.96) !important;
          background-color: rgba(3, 105, 161, 0.96) !important;
          border-color: rgba(125, 211, 252, 0.42);
          color: #f8fafc !important;
        }

        .glass-intelligent-search-dropdown {
          background: linear-gradient(135deg, rgba(255, 255, 255, 0.92), rgba(248, 250, 252, 0.84)), rgba(255, 255, 255, 0.9) !important;
          background-color: rgba(255, 255, 255, 0.9) !important;
          backdrop-filter: blur(18px) saturate(1.35);
          -webkit-backdrop-filter: blur(18px) saturate(1.35);
        }

        .glass-intelligent-search input[type="text"] {
          appearance: none;
          -webkit-appearance: none;
          background: rgba(255, 255, 255, 0.72);
          color: #0f172a;
          border-color: rgba(15, 23, 42, 0.18);
          box-shadow: inset 0 1px 0 rgba(255, 255, 255, 0.08);
        }

        .glass-intelligent-search input[type="text"]::placeholder {
          color: rgba(51, 65, 85, 0.66);
        }

        .glass-search-checkbox {
          appearance: none;
          -webkit-appearance: none;
          width: 1rem;
          height: 1rem;
          flex: 0 0 1rem;
          margin-top: 0.125rem;
          border-radius: 0.375rem;
          border: 1px solid rgba(148, 163, 184, 0.6);
          background:
            linear-gradient(135deg, rgba(255, 255, 255, 0.88), rgba(241, 245, 249, 0.74)),
            rgba(255, 255, 255, 0.82);
          box-shadow:
            inset 0 1px 1px rgba(255, 255, 255, 0.12),
            0 4px 12px rgba(2, 6, 23, 0.22);
          cursor: pointer;
        }

        .glass-search-checkbox:checked {
          border-color: rgba(56, 189, 248, 0.9);
          background:
            linear-gradient(135deg, rgba(56, 189, 248, 0.96), rgba(37, 99, 235, 0.9)),
            rgba(255, 255, 255, 0.76);
          box-shadow:
            inset 0 0 0 3px rgba(255, 255, 255, 0.82),
            0 0 0 1px rgba(125, 211, 252, 0.34),
            0 8px 18px rgba(14, 165, 233, 0.22);
        }

        .glass-search-range {
          appearance: none;
          -webkit-appearance: none;
          height: 0.625rem;
          border-radius: 999px;
          border: 1px solid rgba(148, 163, 184, 0.42);
          background:
            linear-gradient(90deg, rgba(56, 189, 248, 0.9), rgba(125, 211, 252, 0.44)),
            rgba(255, 255, 255, 0.72);
          box-shadow:
            inset 0 1px 2px rgba(2, 6, 23, 0.28),
            0 1px 0 rgba(255, 255, 255, 0.08);
          cursor: pointer;
        }

        .glass-search-range::-webkit-slider-thumb {
          appearance: none;
          -webkit-appearance: none;
          width: 1.125rem;
          height: 1.125rem;
          border-radius: 999px;
          border: 2px solid rgba(248, 250, 252, 0.96);
          background: #38bdf8;
          box-shadow: 0 6px 18px rgba(14, 165, 233, 0.4);
        }

        .glass-search-range::-moz-range-thumb {
          width: 1.125rem;
          height: 1.125rem;
          border-radius: 999px;
          border: 2px solid rgba(248, 250, 252, 0.96);
          background: #38bdf8;
          box-shadow: 0 6px 18px rgba(14, 165, 233, 0.4);
        }
      
  </style>
  <div
    class="glass-foundation-basic glass-relative glass-intelligent-search-panel"
    style="border: 1px solid rgba(255,255,255,0.5); border-radius: 8px; box-shadow: 0px 8px 24px 0px rgba(0,0,0,0.2); transition: all 200ms ease-out; position: relative; transform: translateZ(0);"
  >
    <div
      class="glass-flex glass-flex-wrap glass-items-center glass-gap-3 glass-p-4"
    >
      <div
        class="glass-relative glass-flex-1"
      >
        <input
          aria-busy="false"
          aria-label="Search input"
          class="glass-w-full glass-min-w-0 glass-pl-10 glass-pr-4 glass-py-3 glass-border glass-border-subtle glass-radius-lg glass-focus-ring-2 glass-focus-ring-blue-500 focus:glass-border-blue glass-focus glass-touch-target glass-contrast-guard"
          placeholder="Search with natural language..."
          type="text"
          value=""
        />
        <div
          class="glass-absolute glass-left-3 glass-top-1/2 glass-transform glass--translate-y-1-2"
        >
          <span
            class="glass-text-secondary glass-text-lg"
          >
            🔍
          </span>
        </div>
      </div>
      <button
        class="glass-search-primary-action glass-px-6 glass-py-3 glass-surface-blue glass-text-primary glass-radius-lg hover:glass-surface-blue glass-focus glass-touch-target glass-contrast-guard glass-transition-colors"
      >
        Search
      </button>
    </div>
  </div>
  <div
    class="glass-mt-6"
  >
    <div
      class="glass-space-y-4"
    />
  </div>
</div>
`;
