// Jest Snapshot v1, https://goo.gl/fbAQLP

exports[`GlassWeatherGlass matches snapshot 1`] = `
<div
  aria-label="Weather visualization with controls"
  class="optimized-glass-surface glass-neutral-level1 glass-tier-high glass-weather-glass relative glass-radius-lg glass-glass-backdrop-blur-md border border-border/20"
  id="glass-weather-glass-:r4:"
  role="region"
  style="background-color: rgba(255, 255, 255, 0.08); border: 1px solid rgba(255,255,255,0.4); border-radius: 8px; box-shadow: 0px 4px 16px 0px rgba(0,0,0,0.15); transition: all 200ms ease-out; position: relative; transform: translateZ(0);"
>
  <div
    class="motion-primitive glass-flex glass-flex-col glass-gap-4 glass-p-4"
  >
    <div
      class="optimized-glass-surface glass-neutral-level2 glass-tier-high glass-weather-controls glass-flex glass-flex-wrap glass-items-center glass-gap-4 glass-p-4 glass-radius-lg glass-glass-glass-backdrop-blur-md glass-border glass-border-glass-border/20 glass-contrast-guard"
      style="border: 1px solid rgba(255,255,255,0.5); border-radius: 8px; box-shadow: 0px 8px 24px 0px rgba(0,0,0,0.2); transition: all 200ms ease-out; position: relative; transform: translateZ(0);"
    >
      <div
        class="glass-flex glass-items-center glass-gap-2"
      >
        <label
          class="glass-text-sm"
          for="weather-type"
        >
          Weather:
        </label>
        <select
          aria-label="Weather type selection"
          class="glass-px-2 glass-py-1 glass-radius-md glass-surface-overlay glass-border glass-border-glass-border/20 glass-contrast-guard glass-focus glass-touch-target"
          id="weather-type"
        >
          <option
            value="clear"
          >
            Clear
          </option>
          <option
            value="sunny"
          >
            Sunny
          </option>
          <option
            value="cloudy"
          >
            Cloudy
          </option>
          <option
            value="rainy"
          >
            Rainy
          </option>
          <option
            value="stormy"
          >
            Stormy
          </option>
          <option
            value="snowy"
          >
            Snowy
          </option>
          <option
            value="foggy"
          >
            Foggy
          </option>
          <option
            value="windy"
          >
            Windy
          </option>
        </select>
      </div>
      <div
        class="glass-flex glass-items-center glass-gap-2"
      >
        <label
          class="glass-text-sm"
          for="weather-intensity"
        >
          Intensity:
        </label>
        <input
          aria-label="Weather intensity"
          class="w-20 glass-focus glass-touch-target glass-contrast-guard"
          id="weather-intensity"
          max="1"
          min="0"
          step="0.1"
          type="range"
          value="0.5"
        />
      </div>
      <div
        class="glass-flex glass-items-center glass-gap-2"
      >
        <label
          class="glass-text-sm"
          for="weather-temp"
        >
          Temp:
        </label>
        <input
          aria-label="Temperature in Celsius"
          class="w-20 glass-focus glass-touch-target glass-contrast-guard"
          id="weather-temp"
          max="40"
          min="-20"
          type="range"
          value="20"
        />
        <span
          class="glass-text-sm min-w-[3ch]"
        >
          20
          °C
        </span>
      </div>
      <div
        class="glass-flex glass-items-center glass-gap-2"
      >
        <label
          class="glass-text-sm"
        >
          <input
            aria-label="Enable auto update"
            class="glass-mr-1 glass-focus glass-touch-target glass-contrast-guard"
            type="checkbox"
          />
          Auto Update
        </label>
        <label
          class="glass-text-sm"
        >
          <input
            aria-label="Enable weather responsive styling"
            checked=""
            class="glass-mr-1 glass-focus glass-touch-target glass-contrast-guard"
            type="checkbox"
          />
          Responsive
        </label>
      </div>
    </div>
    <div
      class="relative"
    >
      <canvas
        class="glass-border glass-border-glass-border/20 glass-radius-md"
        height="400"
        style="width: 600px; height: 400px;"
        width="600"
      />
    </div>
  </div>
</div>
`;
