// Jest Snapshot v1, https://goo.gl/fbAQLP

exports[`GlassPresenceIndicator matches snapshot 1`] = `
<div
  class="optimized-glass-surface glass-neutral-level2 glass-tier-high glass-p-4"
  style="--glass-text-primary: rgba(255,255,255,0.98); --glass-text-secondary: rgba(255,255,255,0.88); --typography-text-primary: rgba(255,255,255,0.98); --typography-text-secondary: rgba(255,255,255,0.88); border: 1px solid rgba(148,163,184,0.2); border-radius: 8px; box-shadow: 0px 8px 24px 0px rgba(0,0,0,0.2); transition: all 200ms ease-out; position: relative; transform: translateZ(0);"
>
  <div
    class="glass-flex glass-flex-wrap glass-gap-2"
  />
  <div
    class="glass-mt-3 glass-pt-3 glass-border-t glass-border-white/10 glass-flex glass-justify-between glass-items-center glass-text-xs glass-text-primary-glass-opacity-50"
    style="opacity: 0;"
  >
    <span>
      0
       online
    </span>
    <span>
      0
       total
    </span>
  </div>
</div>
`;
