// Jest Snapshot v1, https://goo.gl/fbAQLP

exports[`GlassWizardTemplate matches snapshot 1`] = `
<div
  class="w-full glass-auto-gap glass-auto-gap-3xl"
>
  <div
    class="glass-flex glass-min-w-0 glass-flex-col glass-gap-4 glass-items-stretch glass-justify-start motion-safe:transition-all motion-reduce:transition-none"
    style="display: flex; flex-direction: column; gap: var(--glass-space-4, 1rem); align-items: stretch; justify-content: flex-start; flex-wrap: nowrap; min-width: 0;"
  >
    <div
      class="glass-flex glass-min-w-0 glass-flex-col glass-gap-2 glass-items-stretch glass-justify-start motion-safe:transition-all motion-reduce:transition-none"
      style="display: flex; flex-direction: column; gap: var(--glass-space-2, 0.5rem); align-items: stretch; justify-content: flex-start; flex-wrap: nowrap; min-width: 0;"
    >
      <h1
        class="glass-text-2xl glass-font-bold glass-text-primary"
      >
        Test Wizard
      </h1>
    </div>
    <div
      class="w-full"
    >
      <div
        class="glass-flex glass-min-w-0 glass-flex-col glass-gap-6 glass-items-stretch glass-justify-start motion-safe:transition-all motion-reduce:transition-none"
        style="display: flex; flex-direction: column; gap: var(--glass-space-6, 1.5rem); align-items: stretch; justify-content: flex-start; flex-wrap: nowrap; min-width: 0;"
      >
        <div
          class="glass-flex glass-min-w-0 glass-flex-col glass-gap-2 glass-items-stretch glass-justify-start motion-safe:transition-all motion-reduce:transition-none"
          style="display: flex; flex-direction: column; gap: var(--glass-space-2, 0.5rem); align-items: stretch; justify-content: flex-start; flex-wrap: nowrap; min-width: 0;"
        >
          <div
            class="glass-flex glass-min-w-0 glass-flex-row glass-gap-2 glass-items-center glass-justify-between motion-safe:transition-all motion-reduce:transition-none"
            style="display: flex; flex-direction: row; gap: var(--glass-space-2, 0.5rem); align-items: center; justify-content: space-between; flex-wrap: nowrap; min-width: 0;"
          >
            <span
              class="glass-text-sm glass-font-medium glass-text-primary"
            >
              Step 
              1
               of 
              2
            </span>
            <span
              class="glass-text-sm glass-text-secondary"
            >
              50
              % Complete
            </span>
          </div>
          <div
            class="glass-w-full"
            data-testid="glassprogress"
          >
            <div
              aria-label="Progress"
              aria-valuemax="100"
              aria-valuemin="0"
              aria-valuenow="50"
              class="optimized-glass-surface glass-neutral-level2 glass-tier-high glass-relative glass-w-full glass-overflow-hidden bg-muted/30 glass-backdrop-blur-md glass-h-2 glass-radius-md"
              data-performance-mode="medium"
              id="progress-:r1u:"
              role="progressbar"
              style="--glass-text-primary: rgba(255,255,255,0.98); --glass-text-secondary: rgba(255,255,255,0.88); --typography-text-primary: rgba(255,255,255,0.98); --typography-text-secondary: rgba(255,255,255,0.88); border: 1px solid rgba(148,163,184,0.2); border-radius: 8px; box-shadow: 0px 8px 24px 0px rgba(0,0,0,0.2); transition: all 200ms ease-out; position: relative; transform: translateZ(0);"
            >
              <div
                class="glass-h-full transition-all ease-out glass-relative glass-surface-primary"
                style="width: 0%; transition-duration: 500ms;"
              >
                <div
                  class="glass-pointer-events-none glass-absolute glass-inset-0 glass-sheen"
                />
              </div>
            </div>
          </div>
        </div>
        <div
          class="flex items-center justify-between"
        >
          <div
            class="glass-animate-slide-in-up"
            style="animation-delay: 0ms; animation-fill-mode: both;"
          >
            <div
              class="flex flex-col items-center transition-opacity cursor-pointer hover:opacity-80"
            >
              <div
                class="glass-flex glass-min-w-0 glass-flex-col glass-gap-1 glass-items-center glass-justify-start motion-safe:transition-all motion-reduce:transition-none"
                style="display: flex; flex-direction: column; gap: var(--glass-space-1, 0.25rem); align-items: center; justify-content: flex-start; flex-wrap: nowrap; min-width: 0;"
              >
                <div
                  class="w-8 h-8 glass-radius-full flex items-center justify-center glass-text-sm font-medium border-2 transition-colors bg-primary border-primary text-primary-foreground"
                >
                  1
                </div>
                <div
                  class="glass-flex glass-min-w-0 glass-flex-col glass-gap-1 glass-items-center glass-justify-start motion-safe:transition-all motion-reduce:transition-none"
                  style="display: flex; flex-direction: column; gap: var(--glass-space-1, 0.25rem); align-items: center; justify-content: flex-start; flex-wrap: nowrap; min-width: 0;"
                >
                  <span
                    class="glass-text-sm font-medium transition-colors text-primary"
                  >
                    Step 1
                  </span>
                </div>
              </div>
            </div>
          </div>
          <div
            class="flex-1 h-0.5 glass-mx-4 transition-colors bg-border"
          />
          <div
            class="glass-animate-slide-in-up"
            style="animation-delay: 100ms; animation-fill-mode: both;"
          >
            <div
              class="flex flex-col items-center transition-opacity cursor-default"
            >
              <div
                class="glass-flex glass-min-w-0 glass-flex-col glass-gap-1 glass-items-center glass-justify-start motion-safe:transition-all motion-reduce:transition-none"
                style="display: flex; flex-direction: column; gap: var(--glass-space-1, 0.25rem); align-items: center; justify-content: flex-start; flex-wrap: nowrap; min-width: 0;"
              >
                <div
                  class="w-8 h-8 glass-radius-full flex items-center justify-center glass-text-sm font-medium border-2 transition-colors bg-background border-border glass-text-secondary"
                >
                  2
                </div>
                <div
                  class="glass-flex glass-min-w-0 glass-flex-col glass-gap-1 glass-items-center glass-justify-start motion-safe:transition-all motion-reduce:transition-none"
                  style="display: flex; flex-direction: column; gap: var(--glass-space-1, 0.25rem); align-items: center; justify-content: flex-start; flex-wrap: nowrap; min-width: 0;"
                >
                  <span
                    class="glass-text-sm font-medium transition-colors glass-text-secondary"
                  >
                    Step 2
                  </span>
                </div>
              </div>
            </div>
          </div>
        </div>
      </div>
    </div>
  </div>
  <div
    class="motion-primitive"
  >
    <div
      class="optimized-glass-surface glass-neutral-level2 glass-tier-high glass-foundation-complete relative glass-radius-xl overflow-hidden glass-overlay-noise glass-edge glass-overlay-specular glass-typography-reset transition-all duration-[300ms] ease-out glass-p-4 glass-p-6"
      style="--glass-text-primary: rgba(255,255,255,0.98); --glass-text-secondary: rgba(255,255,255,0.88); --typography-text-primary: rgba(255,255,255,0.98); --typography-text-secondary: rgba(255,255,255,0.88); border: 1px solid rgba(148,163,184,0.2); border-radius: 8px; box-shadow: 0px 8px 24px 0px rgba(0,0,0,0.2); transition: all 200ms ease-out; position: relative; transform: translateZ(0);"
    >
      <div
        class="glass-relative glass-z-10"
      >
        <div
          class="glass-flex glass-min-w-0 glass-flex-col glass-gap-6 glass-items-stretch glass-justify-start motion-safe:transition-all motion-reduce:transition-none"
          style="display: flex; flex-direction: column; gap: var(--glass-space-6, 1.5rem); align-items: stretch; justify-content: flex-start; flex-wrap: nowrap; min-width: 0;"
        >
          <div
            class="glass-flex glass-min-w-0 glass-flex-col glass-gap-6 glass-items-stretch glass-justify-start motion-safe:transition-all motion-reduce:transition-none"
            style="display: flex; flex-direction: column; gap: var(--glass-space-6, 1.5rem); align-items: stretch; justify-content: flex-start; flex-wrap: nowrap; min-width: 0;"
          >
            <div
              class="glass-flex glass-min-w-0 glass-flex-col glass-gap-2 glass-items-stretch glass-justify-start motion-safe:transition-all motion-reduce:transition-none"
              style="display: flex; flex-direction: column; gap: var(--glass-space-2, 0.5rem); align-items: stretch; justify-content: flex-start; flex-wrap: nowrap; min-width: 0;"
            >
              <div
                class="glass-flex glass-min-w-0 glass-flex-row glass-gap-2 glass-items-center glass-justify-start motion-safe:transition-all motion-reduce:transition-none"
                style="display: flex; flex-direction: row; gap: var(--glass-space-2, 0.5rem); align-items: center; justify-content: flex-start; flex-wrap: nowrap; min-width: 0;"
              >
                <h2
                  class="glass-text-xl glass-font-semibold glass-text-primary"
                >
                  Step 1
                </h2>
              </div>
              <p
                class="glass-text-secondary"
              >
                First step
              </p>
            </div>
            <div
              class="glass-flex-1"
            >
              <form
                class="w-full"
              >
                <div
                  class="glass-auto-gap glass-auto-gap-2xl"
                >
                  <div
                    class="glass-text-center glass-py-8 glass-text-secondary"
                  >
                    <p>
                      No form sections configured
                    </p>
                  </div>
                </div>
                <div
                  class="glass-flex glass-items-center glass-justify-end glass-gap-3 glass-mt-8"
                >
                  <div
                    class="motion-primitive glass-inline-glass-block"
                  >
                    <button
                      aria-label="Submit form"
                      class="optimized-glass-surface glass-neutral-level2 glass-interactive glass-lift-on-hover glass-hover-sheen glass-press glass-tier-high inline-flex items-center justify-center font-medium transition-all duration-[300ms] ease-out glass-focus disabled:pointer-events-none disabled:opacity-50 relative overflow-hidden glass-overlay-specular glass-parallax h-10 px-4 text-sm glass-accent-primary glass-text-primary hover:glass-text-secondary glass-radius-md glass-ripple glass-magnet"
                      data-magnet="true"
                      data-performance-mode="ultra"
                      id="glass-button-:r27:"
                      style="--glass-text-primary: rgba(255,255,255,0.98); --glass-text-secondary: rgba(255,255,255,0.88); --typography-text-primary: rgba(255,255,255,0.98); --typography-text-secondary: rgba(255,255,255,0.88); border: 1px solid rgba(148,163,184,0.2); border-radius: 8px; box-shadow: 0px 8px 24px 0px rgba(0,0,0,0.2); transition: all 200ms ease-out, transform 200ms ease-out, transform 200ms ease-out, box-shadow 200ms ease-out, transform 200ms ease-out; position: relative; transform: translateZ(0); cursor: pointer; user-select: none;"
                      type="submit"
                    >
                      <span
                        class="glass-relative glass-z-10"
                      />
                    </button>
                  </div>
                </div>
              </form>
            </div>
          </div>
          <div
            class="glass-flex glass-min-w-0 glass-flex-row glass-gap-2 glass-items-center glass-justify-between motion-safe:transition-all motion-reduce:transition-none"
            style="display: flex; flex-direction: row; gap: var(--glass-space-2, 0.5rem); align-items: center; justify-content: space-between; flex-wrap: nowrap; min-width: 0;"
          >
            <div
              class="glass-flex glass-min-w-0 glass-flex-row glass-gap-2 glass-items-stretch glass-justify-start motion-safe:transition-all motion-reduce:transition-none"
              style="display: flex; flex-direction: row; gap: var(--glass-space-2, 0.5rem); align-items: stretch; justify-content: flex-start; flex-wrap: nowrap; min-width: 0;"
            />
            <div
              class="glass-flex glass-min-w-0 glass-flex-row glass-gap-2 glass-items-stretch glass-justify-start motion-safe:transition-all motion-reduce:transition-none"
              style="display: flex; flex-direction: row; gap: var(--glass-space-2, 0.5rem); align-items: stretch; justify-content: flex-start; flex-wrap: nowrap; min-width: 0;"
            >
              <div
                class="motion-primitive glass-inline-glass-block"
              >
                <button
                  class="optimized-glass-surface glass-neutral-level2 glass-interactive glass-lift-on-hover glass-hover-sheen glass-press glass-tier-high inline-flex items-center justify-center font-medium transition-all duration-[300ms] ease-out glass-focus disabled:pointer-events-none disabled:opacity-50 relative overflow-hidden glass-overlay-specular glass-parallax h-10 px-4 text-sm glass-accent-primary glass-text-primary hover:glass-text-secondary glass-radius-md glass-ripple glass-magnet"
                  data-magnet="true"
                  data-performance-mode="ultra"
                  id="glass-button-:r2b:"
                  style="--glass-text-primary: rgba(255,255,255,0.98); --glass-text-secondary: rgba(255,255,255,0.88); --typography-text-primary: rgba(255,255,255,0.98); --typography-text-secondary: rgba(255,255,255,0.88); border: 1px solid rgba(148,163,184,0.2); border-radius: 8px; box-shadow: 0px 8px 24px 0px rgba(0,0,0,0.2); transition: all 200ms ease-out, transform 200ms ease-out, transform 200ms ease-out, box-shadow 200ms ease-out, transform 200ms ease-out; position: relative; transform: translateZ(0); cursor: pointer; user-select: none;"
                >
                  <span
                    class="glass-relative glass-z-10"
                  >
                    Next
                  </span>
                </button>
              </div>
            </div>
          </div>
        </div>
      </div>
    </div>
  </div>
</div>
`;
