// Jest Snapshot v1, https://goo.gl/fbAQLP

exports[`GlassMagneticCursor matches snapshot 1`] = `
<span
  class="sr-only"
  id="cursor-description-:rb:"
>
  Magnetic cursor (default)
  . Interactive cursor that follows mouse movement
   and morphs when hovering over magnetic elements
  .
</span>
`;
