// Jest Snapshot v1, https://goo.gl/fbAQLP

exports[`GlassEngine matches snapshot 1`] = `
<div
  class="glass-engine-wrapper glass-space-y-6"
>
  <div
    class="space-y-6 glass-p-6"
  >
    <div
      class="glass-grid glass-grid-cols-2 md:grid-cols-4 glass-gap-4"
    >
      <div
        class="relative glass-p-4 text-center"
        style="border: 1px solid rgba(255,255,255,0.5); border-radius: 12px; box-shadow: 0px 8px 24px 0px rgba(0,0,0,0.2); transition: all 200ms ease-out; position: relative; transform: translateZ(0);"
      >
        <h3
          class="glass-text-primary glass-font-medium glass-capitalize glass-mb-2"
        >
          smooth
        </h3>
        <p
          class="glass-text-secondary glass-text-sm"
        >
          Glass texture variation
        </p>
      </div>
      <div
        class="relative glass-p-4 text-center"
        style="border: 1px solid rgba(255,255,255,0.5); border-radius: 12px; box-shadow: 0px 8px 24px 0px rgba(0,0,0,0.2); transition: all 200ms ease-out; position: relative; transform: translateZ(0);"
      >
        <h3
          class="glass-text-primary glass-font-medium glass-capitalize glass-mb-2"
        >
          frosted
        </h3>
        <p
          class="glass-text-secondary glass-text-sm"
        >
          Glass texture variation
        </p>
      </div>
      <div
        class="relative glass-p-4 text-center"
        style="border: 1px solid rgba(255,255,255,0.5); border-radius: 12px; box-shadow: 0px 8px 24px 0px rgba(0,0,0,0.2); transition: all 200ms ease-out; position: relative; transform: translateZ(0);"
      >
        <h3
          class="glass-text-primary glass-font-medium glass-capitalize glass-mb-2"
        >
          rippled
        </h3>
        <p
          class="glass-text-secondary glass-text-sm"
        >
          Glass texture variation
        </p>
      </div>
      <div
        class="relative glass-p-4 text-center"
        style="border: 1px solid rgba(255,255,255,0.5); border-radius: 12px; box-shadow: 0px 8px 24px 0px rgba(0,0,0,0.2); transition: all 200ms ease-out; position: relative; transform: translateZ(0);"
      >
        <h3
          class="glass-text-primary glass-font-medium glass-capitalize glass-mb-2"
        >
          crystalline
        </h3>
        <p
          class="glass-text-secondary glass-text-sm"
        >
          Glass texture variation
        </p>
      </div>
    </div>
    <div
      class="glass-grid glass-grid-cols-1 md:grid-cols-3 glass-gap-4"
    >
      <div
        class="glass-p-4"
        style="background-color: rgb(255, 255, 255); border: 1px solid rgba(255,255,255,0.5); border-radius: 12px; box-shadow: 0px 8px 24px 0px rgba(0,0,0,0.2); transition: all 200ms ease-out; position: relative; transform: translateZ(0);"
      >
        <h3
          class="glass-text-primary glass-font-medium glass-mb-2"
        >
          Dynamic Opacity
        </h3>
        <p
          class="glass-text-secondary glass-text-sm"
        >
          Hover to see opacity change
        </p>
      </div>
      <div
        class="glass-p-4"
        style="border: 1px solid rgba(255,255,255,0.5); border-radius: 12px; box-shadow: 0px 8px 24px 0px rgba(0,0,0,0.2); transition: all 200ms ease-out; position: relative; transform: translateZ(0);"
      >
        <h3
          class="glass-text-primary glass-font-medium glass-mb-2"
        >
          Content-Aware Tinting
        </h3>
        <p
          class="glass-text-secondary glass-text-sm"
        >
          Adapts to content colors
        </p>
      </div>
      <div
        class="glass-p-4"
        style="border: 1px solid rgba(255,255,255,0.5); border-radius: 12px; box-shadow: 0px 8px 24px 0px rgba(0,0,0,0.2); transition: all 200ms ease-out; position: relative; transform: translateZ(0);"
      >
        <h3
          class="glass-text-primary glass-font-medium glass-mb-2"
        >
          Environmental
        </h3>
        <p
          class="glass-text-secondary glass-text-sm"
        >
          Reacts to time and weather
        </p>
      </div>
    </div>
    <div
      class="glass-p-4"
      style="border: 1px solid rgba(255,255,255,0.5); border-radius: 12px; box-shadow: 0px 8px 24px 0px rgba(0,0,0,0.2); transition: all 200ms ease-out; position: relative; transform: translateZ(0);"
    >
      <h3
        class="glass-text-primary glass-font-medium glass-mb-4"
      >
        Glass Engine Controls
      </h3>
      <div
        class="glass-grid glass-grid-cols-1 md:grid-cols-2 glass-gap-4"
      >
        <div>
          <label
            class="glass-display-block glass-text-secondary glass-text-sm glass-mb-2"
          >
            Base Opacity
          </label>
          <input
            class="glass-w-full glass-focus glass-touch-target glass-contrast-guard"
            max="0.3"
            min="0.05"
            step="0.01"
            type="range"
            value="0.18"
          />
        </div>
        <div>
          <label
            class="glass-display-block glass-text-secondary glass-text-sm glass-mb-2"
          >
            Blur Intensity
          </label>
          <input
            class="glass-w-full glass-focus glass-touch-target glass-contrast-guard"
            max="30"
            min="5"
            type="range"
            value="20"
          />
        </div>
      </div>
      <div
        class="glass-flex glass-items-center glass-justify-between mt-4"
      >
        <span
          class="glass-text-secondary"
        >
          Environmental Reactions
        </span>
        <label
          class="glass-flex glass-items-center space-x-2"
        >
          <input
            checked=""
            class="glass-focus glass-touch-target glass-contrast-guard"
            type="checkbox"
          />
          <span
            class="glass-text-primary glass-text-sm"
          >
            Weather
          </span>
        </label>
      </div>
    </div>
  </div>
</div>
`;
