// Jest Snapshot v1, https://goo.gl/fbAQLP

exports[`GlassAchievementSystem matches snapshot 1`] = `
<div
  class="glass-achievement-system glass-relative glass-space-y-4"
>
  <div
    class="glass-surface-primary glass-radius-2xl glass-p-6 glass-space-y-4 glass-border glass-border-white/10 glass-shadow-soft-lg"
    data-testid="glass-achievement-summary"
  >
    <span
      class="contrast-guard"
      data-contrast-level="AA"
      data-glass-component="true"
    >
      <span
        class="contrast-guard"
        data-contrast-level="AA"
        data-glass-component="true"
      >
        <div>
          <p
            class="glass-text-xs glass-text-tertiary glass-uppercase glass-tracking-wide"
          >
            Achievement System
          </p>
          <h2
            class="glass-text-2xl glass-text-primary glass-font-semibold"
          >
            0
          </h2>
          <p
            class="glass-text-sm glass-text-secondary"
          >
            Total interactions tracked
          </p>
        </div>
        <div
          class="glass-grid glass-grid-cols-3 glass-gap-3"
        >
          <div
            class="glass-surface-subtle glass-radius-xl glass-p-3"
          >
            <p
              class="glass-text-xs glass-text-tertiary glass-uppercase glass-tracking-wide"
            >
              Current level
            </p>
            <p
              class="glass-text-lg glass-text-primary glass-font-semibold"
            >
              1
            </p>
          </div>
          <div
            class="glass-surface-subtle glass-radius-xl glass-p-3"
          >
            <p
              class="glass-text-xs glass-text-tertiary glass-uppercase glass-tracking-wide"
            >
              Unlocked
            </p>
            <p
              class="glass-text-lg glass-text-primary glass-font-semibold"
            >
              0
            </p>
          </div>
          <div
            class="glass-surface-subtle glass-radius-xl glass-p-3"
          >
            <p
              class="glass-text-xs glass-text-tertiary glass-uppercase glass-tracking-wide"
            >
              Streak
            </p>
            <p
              class="glass-text-lg glass-text-primary glass-font-semibold"
            >
              0
            </p>
          </div>
        </div>
        <div
          class="glass-text-xs glass-text-secondary"
        >
          XP to next level: 
          100
        </div>
      </span>
    </span>
  </div>
  <section>
    <div
      aria-label="Achievement dashboard"
      class="optimized-glass-surface glass-neutral-level3 glass-tier-high fixed bottom-4 left-4 w-96 max-h-96 overflow-hidden glass-radius-lg"
      data-performance-mode="medium"
      role="complementary"
      style="background-color: rgba(15, 23, 42, 0.24); --glass-text-primary: rgba(255,255,255,0.98); --glass-text-secondary: rgba(255,255,255,0.88); --typography-text-primary: rgba(255,255,255,0.98); --typography-text-secondary: rgba(255,255,255,0.88); border: 1px solid rgba(255,255,255,0.24); border-radius: 8px; box-shadow: 0px 12px 40px 0px rgba(0,0,0,0.26), inset 0 1px 0 rgba(255,255,255,0.25), inset 0 0 16px rgba(255,255,255,0.14); transition: all 200ms ease-out; position: relative; transform: translateZ(0);"
    >
      <div
        class="glass-p-4 glass-border-b glass-border-white/10"
      >
        <span
          class="contrast-guard"
          data-contrast-level="AA"
          data-glass-component="true"
        >
          <div
            class="glass-flex glass-items-center glass-justify-between glass-mb-2"
          >
            <h3
              class="glass-text-lg glass-font-medium glass-text-primary-glass-opacity-90"
            >
              Glass Achievements
            </h3>
            <div
              class="glass-text-sm glass-text-primary-opacity-70"
            >
              Level 
              1
            </div>
          </div>
        </span>
        <div
          class="glass-w-full glass-surface-subtle/5 glass-backdrop-blur-sm glass-radius-sm glass-h-2 glass-overflow-hidden"
        >
          <div
            class="glass-h-full glass-gradient-primary glass-gradient-primary glass-gradient-primary"
          />
        </div>
        <span
          class="contrast-guard"
          data-contrast-level="AA"
          data-glass-component="true"
        >
          <div
            class="glass-flex glass-justify-between glass-text-xs glass-text-primary-glass-opacity-50 glass-mt-1"
          >
            <span>
              0
               XP
            </span>
            <span>
              100
               XP to next level
            </span>
          </div>
        </span>
      </div>
      <div
        class="glass-flex glass-border-b glass-border-white/10"
      >
        <button
          aria-label="Progress tab, 0 items"
          class="flex-1 glass-px-3 glass-py-2 glass-text-sm transition-colors glass-focus glass-touch-target glass-text-primary/90 bg-white/10"
        >
          <span
            class="contrast-guard"
            data-contrast-level="AA"
            data-glass-component="true"
          >
            <div>
              Progress
            </div>
            <div
              class="glass-text-xs"
            >
              0
            </div>
          </span>
        </button>
        <button
          aria-label="Achievements tab, 0 items"
          class="flex-1 glass-px-3 glass-py-2 glass-text-sm transition-colors glass-focus glass-touch-target glass-text-primary/60 hover:glass-text-primary/90"
        >
          <span
            class="contrast-guard"
            data-contrast-level="AA"
            data-glass-component="true"
          >
            <div>
              Achievements
            </div>
            <div
              class="glass-text-xs"
            >
              0
            </div>
          </span>
        </button>
        <button
          aria-label="Stats tab, 0 items"
          class="flex-1 glass-px-3 glass-py-2 glass-text-sm transition-colors glass-focus glass-touch-target glass-text-primary/60 hover:glass-text-primary/90"
        >
          <span
            class="contrast-guard"
            data-contrast-level="AA"
            data-glass-component="true"
          >
            <div>
              Stats
            </div>
            <div
              class="glass-text-xs"
            >
              0
            </div>
          </span>
        </button>
      </div>
      <div
        class="glass-p-4 glass-max-glass-h-64 glass-overflow-y-auto"
      >
        <div
          class="glass-gap-3"
        >
          <div
            class="glass-grid glass-grid-cols-2 glass-gap-2 glass-text-center"
          >
            <div
              class="glass-surface-subtle/5 glass-backdrop-blur-sm glass-radius-md glass-p-2"
            >
              <span
                class="contrast-guard"
                data-contrast-level="AA"
                data-glass-component="true"
              >
                <div
                  class="glass-text-lg glass-font-medium glass-text-primary-glass-opacity-90"
                >
                  1
                </div>
                <div
                  class="glass-text-xs glass-text-primary-glass-opacity-60"
                >
                  Level
                </div>
              </span>
            </div>
            <div
              class="glass-surface-subtle/5 glass-backdrop-blur-sm glass-radius-md glass-p-2"
            >
              <span
                class="contrast-guard"
                data-contrast-level="AA"
                data-glass-component="true"
              >
                <div
                  class="glass-text-lg glass-font-medium glass-text-primary-glass-opacity-90"
                >
                  0
                </div>
                <div
                  class="glass-text-xs glass-text-primary-glass-opacity-60"
                >
                  Total XP
                </div>
              </span>
            </div>
          </div>
          <div>
            <span
              class="contrast-guard"
              data-contrast-level="AA"
              data-glass-component="true"
            >
              <h4
                class="glass-text-sm glass-font-medium glass-text-primary-glass-opacity-90 glass-mb-2"
              >
                In Progress
              </h4>
            </span>
            <div
              class="glass-gap-2"
            >
              <div
                class="glass-surface-subtle/5 glass-backdrop-blur-sm glass-radius-sm glass-p-2"
              >
                <span
                  class="contrast-guard"
                  data-contrast-level="AA"
                  data-glass-component="true"
                >
                  <div
                    class="glass-flex glass-items-center glass-justify-between glass-mb-1"
                  >
                    <span
                      class="glass-text-sm glass-text-primary-glass-opacity-90"
                    >
                      Glass Toucher
                    </span>
                    <span
                      class="glass-text-xs glass-text-primary-glass-opacity-60"
                    >
                      0
                      %
                    </span>
                  </div>
                </span>
                <div
                  class="glass-w-full glass-surface-subtle glass-radius-full glass-h-1"
                >
                  <div
                    class="glass-surface-blue glass-h-1 glass-radius-full"
                    style="width: 0%;"
                  />
                </div>
              </div>
              <div
                class="glass-surface-subtle/5 glass-backdrop-blur-sm glass-radius-sm glass-p-2"
              >
                <span
                  class="contrast-guard"
                  data-contrast-level="AA"
                  data-glass-component="true"
                >
                  <div
                    class="glass-flex glass-items-center glass-justify-between glass-mb-1"
                  >
                    <span
                      class="glass-text-sm glass-text-primary-glass-opacity-90"
                    >
                      Glass Enthusiast
                    </span>
                    <span
                      class="glass-text-xs glass-text-primary-glass-opacity-60"
                    >
                      0
                      %
                    </span>
                  </div>
                </span>
                <div
                  class="glass-w-full glass-surface-subtle glass-radius-full glass-h-1"
                >
                  <div
                    class="glass-surface-blue glass-h-1 glass-radius-full"
                    style="width: 0%;"
                  />
                </div>
              </div>
              <div
                class="glass-surface-subtle/5 glass-backdrop-blur-sm glass-radius-sm glass-p-2"
              >
                <span
                  class="contrast-guard"
                  data-contrast-level="AA"
                  data-glass-component="true"
                >
                  <div
                    class="glass-flex glass-items-center glass-justify-between glass-mb-1"
                  >
                    <span
                      class="glass-text-sm glass-text-primary-glass-opacity-90"
                    >
                      Ethereal Navigator
                    </span>
                    <span
                      class="glass-text-xs glass-text-primary-glass-opacity-60"
                    >
                      0
                      %
                    </span>
                  </div>
                </span>
                <div
                  class="glass-w-full glass-surface-subtle glass-radius-full glass-h-1"
                >
                  <div
                    class="glass-surface-blue glass-h-1 glass-radius-full"
                    style="width: 0%;"
                  />
                </div>
              </div>
            </div>
          </div>
        </div>
      </div>
    </div>
  </section>
  <div
    class="fixed z-50 glass-gap-2 top-4 right-4"
  />
</div>
`;
