// Jest Snapshot v1, https://goo.gl/fbAQLP

exports[`GlassLiquidTransition matches snapshot 1`] = `
<div
  aria-label="Liquid morphing container"
  class="relative overflow-hidden transform-gpu will-change-transform"
  role="region"
  style="border-radius: 12px; transform: none;"
>
  <div
    class="absolute inset-0 pointer-events-none"
    style="transform: none;"
  />
  <div
    class="relative z-10"
  >
    <div>
      Content
    </div>
  </div>
</div>
`;
