// Jest Snapshot v1, https://goo.gl/fbAQLP

exports[`GlassListView matches snapshot 1`] = `
<div
  aria-label="List View"
  class="w-full space-y-6"
  role="region"
>
  <div
    class="glass-gap-4 pb-8 border-b border-border/20 text-left"
  >
    <div
      class="flex glass-gap-4 flex-col sm:flex-row sm:items-center sm:justify-between"
    >
      <div
        class="glass-gap-2"
      >
        <h1
          class="glass-text-3xl glass-font-bold glass-text-primary"
        >
          List View
        </h1>
      </div>
      <div
        class="glass-flex-shrink-0"
      >
        <div
          class="relative max-w-md glass-w-64"
          data-glass-component="true"
        >
          <div
            class="glass-relative"
          >
            <div
              class="relative w-full"
              data-glass-component="true"
              data-testid="glassinput"
            >
              <div
                class="optimized-glass-surface glass-neutral-level1 glass-lift-on-hover glass-press glass-tier-high relative flex items-center transition-all duration-200 rounded-2xl h-10 glass-px-4 glass-text-sm bg-background/50 border border-border/30 focus:border-primary/50"
                data-performance-mode="medium"
                style="background-color: rgba(255, 255, 255, 0.08); border: 1px solid rgba(255,255,255,0.4); border-radius: 8px; box-shadow: 0px 4px 16px 0px rgba(0,0,0,0.15); transition: all 200ms ease-out, transform 200ms ease-out, transform 200ms ease-out; position: relative; transform: translateZ(0);"
              >
                <div
                  class="flex items-center justify-center mr-3 glass-text-secondary w-4 h-4"
                >
                  <svg
                    class="glass-w-4 glass-h-4"
                    fill="none"
                    stroke="currentColor"
                    viewBox="0 0 24 24"
                  >
                    <path
                      d="M21 21l-6-6m2-5a7 7 0 11-14 0 7 7 0 0114 0z"
                      stroke-linecap="round"
                      stroke-linejoin="round"
                      stroke-width="2"
                    />
                  </svg>
                </div>
                <input
                  aria-label="Search..."
                  class="flex-1 bg-transparent border-0 outline-none glass-pulse-ring placeholder:glass-text-secondary text-foreground glass-disabled-cursor-not-allowed pr-8"
                  id="glass-input-:r8:"
                  placeholder="Search..."
                  value=""
                />
                <div
                  class="glass-flex glass-items-center glass-gap-1"
                />
              </div>
            </div>
          </div>
        </div>
      </div>
    </div>
  </div>
  <div
    class="flex flex-col glass-gap-4 items-stretch justify-start motion-safe:transition-all motion-reduce:transition-none"
  />
  <div>
    <div
      class="glass-flex glass-flex-col glass-items-center glass-justify-center glass-h-64 glass-text-center"
    >
      <div
        class="glass-text-lg glass-font-medium glass-text-secondary glass-mb-2"
      >
        No items found
      </div>
      <div
        class="glass-text-sm glass-text-secondary"
      >
        Try adjusting your search or filters
      </div>
    </div>
  </div>
</div>
`;
