// Jest Snapshot v1, https://goo.gl/fbAQLP

exports[`HoudiniGlassCard matches snapshot 1`] = `
<div
  class="houdini-glass-provider"
  data-glass-component="true"
>
  <div
    class="glass-foundation-complete glass-radius-xl glass-p-lg relative overflow-hidden houdini-glass houdini-glass-fallback cursor-pointer glass-press glass-magnet glass-overlay-specular glass-parallax glass-transition glass-focus"
    tabindex="0"
  >
    <div
      class="relative z-10"
    >
      <div>
        Test content
      </div>
    </div>
    <div
      class="absolute inset-0 glass-gradient-primary glass-gradient-primary glass-gradient-primary pointer-events-none"
      style="opacity: 0;"
    />
    <div
      class="absolute bottom-2 right-2"
    >
      <div
        class="w-2 h-2 glass-radius-full bg-amber-400"
        title="Houdini not supported - using fallback styles"
      />
    </div>
  </div>
</div>
`;
