// Jest Snapshot v1, https://goo.gl/fbAQLP

exports[`GlassChart matches snapshot 1`] = `
<div
  aria-label="Interactive bar chart"
  class="container"
  data-adaptive-complexity="medium"
  data-chart-type="bar"
  data-consciousness-level="0"
  data-insights-count="0"
  data-patterns-count="0"
  data-usage-context="dashboard"
  role="img"
  style="width: 100%; height: 400px; box-shadow: var(--aura-shadow-elevation-2);"
>
  <div
    style="padding: 16px; height: 100%; display: flex; flex-direction: column; opacity: 1; transition: opacity var(--glass-motion-duration-normal) var(--glass-motion-easing-standard);"
  >
    <div
      class="content"
      data-adaptive-complexity="medium"
      style="transition: filter var(--glass-motion-duration-normal) var(--glass-motion-easing-standard); position: relative;"
    >
      <div
        class="motion-primitive glass-w-full"
      >
        <div
          class="optimized-glass-surface glass-neutral-level2 glass-tier-high glass-foundation-complete relative glass-radius-xl overflow-hidden glass-overlay-noise glass-edge glass-overlay-specular glass-typography-reset duration-[300ms] ease-out glass-p-4 transition-none glass-overflow-hidden"
          style="background-color: rgba(15, 23, 42, 0.22); --glass-text-primary: rgba(255,255,255,0.98); --glass-text-secondary: rgba(255,255,255,0.88); --typography-text-primary: rgba(255,255,255,0.98); --typography-text-secondary: rgba(255,255,255,0.88); border: 1px solid rgba(255,255,255,0.20); border-radius: 8px; box-shadow: 0px 8px 32px 0px rgba(0,0,0,0.22), inset 0 1px 0 rgba(255,255,255,0.22), inset 0 0 12px rgba(255,255,255,0.12); transition: all 200ms ease-out; position: relative; transform: translateZ(0);"
        >
          <div
            class="glass-relative glass-z-10"
          >
            <div
              class="glass-text-primary glass-auto-gap glass-auto-gap-md glass-p-4"
            >
              <div
                class="glass-relative glass-w-full glass-overflow-hidden"
              >
                <svg
                  class="glass-overflow-hidden"
                  height="400"
                  preserveAspectRatio="none"
                  style="display: block; max-width: 100%; min-width: 0; min-height: 400px;"
                  viewBox="0 0 640 400"
                  width="100%"
                >
                  <g
                    class="glass-opacity-20"
                  >
                    <line
                      class="glass-text-primary-glass-opacity-30"
                      stroke="currentColor"
                      stroke-width="1"
                      x1="60"
                      x2="580"
                      y1="340"
                      y2="340"
                    />
                    <line
                      class="glass-text-primary-glass-opacity-30"
                      stroke="currentColor"
                      stroke-width="1"
                      x1="60"
                      x2="580"
                      y1="260"
                      y2="260"
                    />
                    <line
                      class="glass-text-primary-glass-opacity-30"
                      stroke="currentColor"
                      stroke-width="1"
                      x1="60"
                      x2="580"
                      y1="180"
                      y2="180"
                    />
                    <line
                      class="glass-text-primary-glass-opacity-30"
                      stroke="currentColor"
                      stroke-width="1"
                      x1="60"
                      x2="580"
                      y1="100"
                      y2="100"
                    />
                    <line
                      class="glass-text-primary-glass-opacity-30"
                      stroke="currentColor"
                      stroke-width="1"
                      x1="60"
                      x2="580"
                      y1="20"
                      y2="20"
                    />
                  </g>
                  <g>
                    <rect
                      class="glass-cursor-pointer glass-transition-all glass-duration-[150ms] hover:glass-opacity-80"
                      fill="#6366F1"
                      height="26.666666666666686"
                      opacity="1"
                      style="animation: barGrow 300ms ease-out 0ms both;"
                      width="208"
                      x="86"
                      y="313.3333333333333"
                    />
                  </g>
                  <g>
                    <rect
                      class="glass-cursor-pointer glass-transition-all glass-duration-[150ms] hover:glass-opacity-80"
                      fill="#6366F1"
                      height="293.3333333333333"
                      opacity="1"
                      style="animation: barGrow 300ms ease-out 50ms both;"
                      width="208"
                      x="346"
                      y="46.666666666666686"
                    />
                  </g>
                  <line
                    class="glass-text-primary-glass-opacity-50"
                    stroke="currentColor"
                    stroke-width="1"
                    x1="60"
                    x2="580"
                    y1="340"
                    y2="340"
                  />
                  <line
                    class="glass-text-primary-glass-opacity-50"
                    stroke="currentColor"
                    stroke-width="1"
                    x1="60"
                    x2="60"
                    y1="20"
                    y2="340"
                  />
                  <text
                    class="glass-text-xs"
                    style="fill: rgba(226, 232, 240, 0.78); font-size: 0.625rem;"
                    text-anchor="middle"
                    x="190"
                    y="360"
                  >
                    A
                  </text>
                  <text
                    class="glass-text-xs"
                    style="fill: rgba(226, 232, 240, 0.78); font-size: 0.625rem;"
                    text-anchor="middle"
                    x="450"
                    y="360"
                  >
                    B
                  </text>
                  <text
                    class="glass-text-xs"
                    style="fill: rgba(226, 232, 240, 0.78); font-size: 0.625rem;"
                    text-anchor="end"
                    x="50"
                    y="344"
                  >
                    9
                  </text>
                  <text
                    class="glass-text-xs"
                    style="fill: rgba(226, 232, 240, 0.78); font-size: 0.625rem;"
                    text-anchor="end"
                    x="50"
                    y="264"
                  >
                    12
                  </text>
                  <text
                    class="glass-text-xs"
                    style="fill: rgba(226, 232, 240, 0.78); font-size: 0.625rem;"
                    text-anchor="end"
                    x="50"
                    y="184"
                  >
                    15
                  </text>
                  <text
                    class="glass-text-xs"
                    style="fill: rgba(226, 232, 240, 0.78); font-size: 0.625rem;"
                    text-anchor="end"
                    x="50"
                    y="104"
                  >
                    18
                  </text>
                  <text
                    class="glass-text-xs"
                    style="fill: rgba(226, 232, 240, 0.78); font-size: 0.625rem;"
                    text-anchor="end"
                    x="50"
                    y="24"
                  >
                    21
                  </text>
                </svg>
              </div>
              <div
                aria-label="Chart legend"
                class="glass-flex glass-flex-wrap glass-justify-center glass-gap-4 glass-mt-6"
                role="list"
              >
                <div
                  aria-label="Series 1 data series"
                  class="glass-flex glass-items-center glass-gap-2 glass-px-2 glass-py-1 glass-radius-md glass-transition-all glass-duration-[150ms] glass-hover--translate-y-0-5 glass-opacity-100"
                  role="listitem"
                  tabindex="0"
                >
                  <div
                    aria-hidden="true"
                    class="glass-w-3 glass-h-3 glass-radius-md"
                    style="background-color: rgb(99, 102, 241);"
                  />
                  <span
                    class="contrast-guard"
                    data-contrast-level="AA"
                    data-glass-component="true"
                  >
                    <span
                      class="glass-text-sm glass-text-primary-glass-opacity-80"
                    >
                      Series 1
                    </span>
                  </span>
                </div>
              </div>
            </div>
          </div>
        </div>
      </div>
    </div>
  </div>
</div>
`;
