// Jest Snapshot v1, https://goo.gl/fbAQLP

exports[`GlassJSONViewer matches snapshot 1`] = `
<div
  class="optimized-glass-surface glass-neutral-level1 glass-tier-high glass-radius-lg glass-p-3 overflow-auto border border-white/15"
  data-glass-component="true"
  style="background-color: rgba(255, 255, 255, 0.08); border: 1px solid rgba(255,255,255,0.4); border-radius: 8px; box-shadow: 0px 4px 16px 0px rgba(0,0,0,0.15); transition: all 200ms ease-out; position: relative; transform: translateZ(0);"
>
  <pre
    class="glass-text-xs text-primary/80 whitespace-pre-wrap break-all"
  />
</div>
`;
