// Jest Snapshot v1, https://goo.gl/fbAQLP

exports[`GlassDiffViewer matches snapshot 1`] = `
<div
  class="glass-w-full"
  data-glass-component="true"
>
  <div
    class="glass-grid glass-grid-cols-2 glass-gap-3"
  >
    <div
      class="optimized-glass-surface glass-neutral-level1 glass-tier-high glass-radius-lg glass-p-3 glass-border glass-border-white/15 glass-overflow-auto"
      style="background-color: rgba(15, 23, 42, 0.38); --glass-text-primary: rgba(255,255,255,0.98); --glass-text-secondary: rgba(255,255,255,0.88); --typography-text-primary: rgba(255,255,255,0.98); --typography-text-secondary: rgba(255,255,255,0.88); border: 1px solid rgba(148,163,184,0.18); border-radius: 8px; box-shadow: 0px 4px 16px 0px rgba(0,0,0,0.15); transition: all 200ms ease-out; position: relative; transform: translateZ(0);"
    >
      <span
        class="contrast-guard"
        data-contrast-level="AA"
        data-glass-component="true"
      >
        <pre
          class="glass-text-xs glass-text-primary-glass-opacity-80 glass-whitespace-pre-wrap glass-break-all"
        />
      </span>
    </div>
    <div
      class="optimized-glass-surface glass-neutral-level1 glass-tier-high glass-radius-lg glass-p-3 glass-border glass-border-white/15 glass-overflow-auto"
      style="background-color: rgba(15, 23, 42, 0.38); --glass-text-primary: rgba(255,255,255,0.98); --glass-text-secondary: rgba(255,255,255,0.88); --typography-text-primary: rgba(255,255,255,0.98); --typography-text-secondary: rgba(255,255,255,0.88); border: 1px solid rgba(148,163,184,0.18); border-radius: 8px; box-shadow: 0px 4px 16px 0px rgba(0,0,0,0.15); transition: all 200ms ease-out; position: relative; transform: translateZ(0);"
    >
      <span
        class="contrast-guard"
        data-contrast-level="AA"
        data-glass-component="true"
      >
        <pre
          class="glass-text-xs glass-text-primary-glass-opacity-80 glass-whitespace-pre-wrap glass-break-all"
        />
      </span>
    </div>
  </div>
</div>
`;
