// Jest Snapshot v1, https://goo.gl/fbAQLP

exports[`GlassChip matches snapshot 1`] = `
<div
  class="motion-primitive"
  data-glass-component="true"
>
  <div
    aria-disabled="false"
    class="optimized-glass-surface glass-neutral-level1 glass-tier-high glass-chip glass-relative glass-inline-flex glass-items-center glass-radius-full glass-border glass-backdrop-blur-md transition-all duration-200 select-none glass-h-8 glass-px-3 glass-text-sm glass-gap-2 bg-background/50 glass-border-glass-border/20 glass-text-primary"
    data-performance-mode="high"
    id="glass-chip-:r6:"
    role="status"
    style="background-color: rgba(15, 23, 42, 0.2); --glass-text-primary: rgba(255,255,255,0.98); --glass-text-secondary: rgba(255,255,255,0.88); --typography-text-primary: rgba(255,255,255,0.98); --typography-text-secondary: rgba(255,255,255,0.88); border: 1px solid rgba(255,255,255,0.16); border-radius: 8px; box-shadow: 0px 4px 24px 0px rgba(0,0,0,0.18), inset 0 1px 0 rgba(255,255,255,0.18), inset 0 0 8px rgba(255,255,255,0.10); transition: all 200ms ease-out; position: relative; transform: translateZ(0);"
    tabindex="-1"
  >
    <span
      class="glass-flex-1 glass-min-w-0 glass-truncate glass-font-medium"
    />
    <div
      class="glass-absolute glass-inset-0 glass-radius-full glass-gradient-primary glass-gradient-primary glass-via-transparent glass-gradient-primary glass-pointer-events-none"
    />
  </div>
</div>
`;
