// Jest Snapshot v1, https://goo.gl/fbAQLP

exports[`ToggleButton matches snapshot 1`] = `
<div
  class="motion-primitive glass-inline-glass-block"
>
  <button
    aria-pressed="false"
    class="inline-flex items-center justify-center relative box-border outline-none m-0 select-none align-middle appearance-none no-underline font-medium glass-radius-md h-10 px-4 text-sm min-w-20 transition-all duration-200 ease-in-out border-2 bg-transparent glass-text-secondary border-white/20 hover:bg-white/10 cursor-pointer glass-focus glass-touch-target"
    id="glass-toggle-:r5:"
    type="button"
  >
    Click me
  </button>
</div>
`;
