// Jest Snapshot v1, https://goo.gl/fbAQLP

exports[`HeaderUserMenu matches snapshot 1`] = `
<nav
  aria-label="User menu"
  role="navigation"
>
  <button
    aria-expanded="false"
    aria-haspopup="menu"
    aria-label="User"
    class="flex items-center glass-gap-2 glass-px-1.5 glass-py-1 glass-radius-full bg-transparent text-foreground hover:bg-white/10 focus:outline-none focus:ring-2 glass-focus-ring-white-opacity-30 glass-focus glass-touch-target glass-contrast-guard"
    id="user-menu-:rc:"
    style="border: 0px; background: transparent;"
    type="button"
  >
    <div
      class="glass-relative glass-inline-block"
      data-glass-component="true"
      data-testid="glassavatar"
      style="position: relative; display: inline-block; width: 32px; height: 32px; flex: 0 0 auto;"
    >
      <div
        aria-label="Avatar for User"
        class="optimized-glass-surface glass-neutral-level1 glass-tier-high glass-relative glass-overflow-hidden glass-flex glass-items-center glass-justify-center glass-w-8 glass-h-8 glass-text-sm glass-radius-full glass-backdrop-blur-md bg-white/10 glass-border glass-border-white/20"
        data-performance-mode="medium"
        id="avatar-:rd:"
        role="img"
        style="background-color: rgba(15, 23, 42, 0.38); --glass-text-primary: rgba(255,255,255,0.98); --glass-text-secondary: rgba(255,255,255,0.88); --typography-text-primary: rgba(255,255,255,0.98); --typography-text-secondary: rgba(255,255,255,0.88); border: 1px solid rgba(148,163,184,0.18); border-radius: 9999px; box-shadow: 0px 4px 16px 0px rgba(0,0,0,0.15); transition: all 200ms ease-out; position: relative; transform: translateZ(0); width: 32px; height: 32px; font-size: 14px; display: flex; align-items: center; justify-content: center; overflow: hidden; box-sizing: border-box;"
      >
        <div
          class="glass-flex glass-items-center glass-justify-center glass-w-full glass-h-full"
        >
          <span
            class="contrast-guard"
            data-contrast-level="AA"
            data-glass-component="true"
          >
            <span
              class="glass-font-medium glass-text-primary-glass-opacity-80"
            >
              U
            </span>
          </span>
        </div>
      </div>
      <div
        aria-label="Status: offline"
        class="glass-absolute bottom-0 right-0 glass-w-3 glass-h-3 glass-radius-full glass-border-2 glass-border-white glass-surface-primary"
        role="status"
        style="position: absolute; right: 0px; bottom: 0px; width: 12px; height: 12px; border-radius: 999px; border: 2px solid rgba(15, 23, 42, 0.92);"
      />
    </div>
  </button>
</nav>
`;
