// Jest Snapshot v1, https://goo.gl/fbAQLP

exports[`ChartFilters matches snapshot 1`] = `
<svg
  data-glass-component="true"
  style="position: absolute; width: 0px; height: 0px;"
>
  <defs>
    <filter
      height="200%"
      id="chart-glow"
      width="200%"
      x="-50%"
      y="-50%"
    >
      <fegaussianblur
        result="coloredBlur"
        stdDeviation="4"
      />
      <femerge>
        <femergenode
          in="coloredBlur"
        />
        <femergenode
          in="SourceGraphic"
        />
      </femerge>
    </filter>
    <filter
      id="chart-blur"
    >
      <fegaussianblur
        stdDeviation="2"
      />
    </filter>
    <filter
      height="200%"
      id="chart-shadow"
      width="200%"
      x="-50%"
      y="-50%"
    >
      <fedropshadow
        dx="0"
        dy="4"
        flood-opacity="0.3"
        stdDeviation="8"
      />
    </filter>
    <filter
      height="200%"
      id="chart-glass"
      width="200%"
      x="-50%"
      y="-50%"
    >
      <fegaussianblur
        result="blur"
        stdDeviation="8"
      />
      <fecolormatrix
        in="blur"
        result="saturatedBlur"
        type="saturate"
        values="1.2"
      />
      <fecomponenttransfer
        in="saturatedBlur"
        result="opacityBlur"
      >
        <fefunca
          tableValues="0.8"
          type="discrete"
        />
      </fecomponenttransfer>
      <femerge>
        <femergenode
          in="opacityBlur"
        />
        <femergenode
          in="SourceGraphic"
        />
      </femerge>
    </filter>
    <lineargradient
      id="chart-gradient-0"
      x1="0%"
      x2="100%"
      y1="0%"
      y2="100%"
    >
      <stop
        offset="0%"
        stop-color="#70d6ff"
        stop-opacity="0.8"
      />
      <stop
        offset="100%"
        stop-color="#70d6ff"
        stop-opacity="0.2"
      />
    </lineargradient>
    <radialgradient
      cx="50%"
      cy="50%"
      id="chart-radial-0"
      r="50%"
    >
      <stop
        offset="0%"
        stop-color="#70d6ff"
        stop-opacity="0.6"
      />
      <stop
        offset="100%"
        stop-color="#70d6ff"
        stop-opacity="0"
      />
    </radialgradient>
    <lineargradient
      id="chart-gradient-1"
      x1="0%"
      x2="100%"
      y1="0%"
      y2="100%"
    >
      <stop
        offset="0%"
        stop-color="#a78bfa"
        stop-opacity="0.8"
      />
      <stop
        offset="100%"
        stop-color="#a78bfa"
        stop-opacity="0.2"
      />
    </lineargradient>
    <radialgradient
      cx="50%"
      cy="50%"
      id="chart-radial-1"
      r="50%"
    >
      <stop
        offset="0%"
        stop-color="#a78bfa"
        stop-opacity="0.6"
      />
      <stop
        offset="100%"
        stop-color="#a78bfa"
        stop-opacity="0"
      />
    </radialgradient>
    <lineargradient
      id="chart-gradient-2"
      x1="0%"
      x2="100%"
      y1="0%"
      y2="100%"
    >
      <stop
        offset="0%"
        stop-color="#34d399"
        stop-opacity="0.8"
      />
      <stop
        offset="100%"
        stop-color="#34d399"
        stop-opacity="0.2"
      />
    </lineargradient>
    <radialgradient
      cx="50%"
      cy="50%"
      id="chart-radial-2"
      r="50%"
    >
      <stop
        offset="0%"
        stop-color="#34d399"
        stop-opacity="0.6"
      />
      <stop
        offset="100%"
        stop-color="#34d399"
        stop-opacity="0"
      />
    </radialgradient>
    <lineargradient
      id="chart-gradient-3"
      x1="0%"
      x2="100%"
      y1="0%"
      y2="100%"
    >
      <stop
        offset="0%"
        stop-color="#fbbf24"
        stop-opacity="0.8"
      />
      <stop
        offset="100%"
        stop-color="#fbbf24"
        stop-opacity="0.2"
      />
    </lineargradient>
    <radialgradient
      cx="50%"
      cy="50%"
      id="chart-radial-3"
      r="50%"
    >
      <stop
        offset="0%"
        stop-color="#fbbf24"
        stop-opacity="0.6"
      />
      <stop
        offset="100%"
        stop-color="#fbbf24"
        stop-opacity="0"
      />
    </radialgradient>
    <lineargradient
      id="chart-gradient-4"
      x1="0%"
      x2="100%"
      y1="0%"
      y2="100%"
    >
      <stop
        offset="0%"
        stop-color="#f87171"
        stop-opacity="0.8"
      />
      <stop
        offset="100%"
        stop-color="#f87171"
        stop-opacity="0.2"
      />
    </lineargradient>
    <radialgradient
      cx="50%"
      cy="50%"
      id="chart-radial-4"
      r="50%"
    >
      <stop
        offset="0%"
        stop-color="#f87171"
        stop-opacity="0.6"
      />
      <stop
        offset="100%"
        stop-color="#f87171"
        stop-opacity="0"
      />
    </radialgradient>
    <lineargradient
      id="chart-gradient-5"
      x1="0%"
      x2="100%"
      y1="0%"
      y2="100%"
    >
      <stop
        offset="0%"
        stop-color="#22d3ee"
        stop-opacity="0.8"
      />
      <stop
        offset="100%"
        stop-color="#22d3ee"
        stop-opacity="0.2"
      />
    </lineargradient>
    <radialgradient
      cx="50%"
      cy="50%"
      id="chart-radial-5"
      r="50%"
    >
      <stop
        offset="0%"
        stop-color="#22d3ee"
        stop-opacity="0.6"
      />
      <stop
        offset="100%"
        stop-color="#22d3ee"
        stop-opacity="0"
      />
    </radialgradient>
    <lineargradient
      id="chart-gradient-6"
      x1="0%"
      x2="100%"
      y1="0%"
      y2="100%"
    >
      <stop
        offset="0%"
        stop-color="#fb7185"
        stop-opacity="0.8"
      />
      <stop
        offset="100%"
        stop-color="#fb7185"
        stop-opacity="0.2"
      />
    </lineargradient>
    <radialgradient
      cx="50%"
      cy="50%"
      id="chart-radial-6"
      r="50%"
    >
      <stop
        offset="0%"
        stop-color="#fb7185"
        stop-opacity="0.6"
      />
      <stop
        offset="100%"
        stop-color="#fb7185"
        stop-opacity="0"
      />
    </radialgradient>
    <lineargradient
      id="chart-gradient-7"
      x1="0%"
      x2="100%"
      y1="0%"
      y2="100%"
    >
      <stop
        offset="0%"
        stop-color="#c084fc"
        stop-opacity="0.8"
      />
      <stop
        offset="100%"
        stop-color="#c084fc"
        stop-opacity="0.2"
      />
    </lineargradient>
    <radialgradient
      cx="50%"
      cy="50%"
      id="chart-radial-7"
      r="50%"
    >
      <stop
        offset="0%"
        stop-color="#c084fc"
        stop-opacity="0.6"
      />
      <stop
        offset="100%"
        stop-color="#c084fc"
        stop-opacity="0"
      />
    </radialgradient>
    <lineargradient
      id="chart-gradient-8"
      x1="0%"
      x2="100%"
      y1="0%"
      y2="100%"
    >
      <stop
        offset="0%"
        stop-color="#60a5fa"
        stop-opacity="0.8"
      />
      <stop
        offset="100%"
        stop-color="#60a5fa"
        stop-opacity="0.2"
      />
    </lineargradient>
    <radialgradient
      cx="50%"
      cy="50%"
      id="chart-radial-8"
      r="50%"
    >
      <stop
        offset="0%"
        stop-color="#60a5fa"
        stop-opacity="0.6"
      />
      <stop
        offset="100%"
        stop-color="#60a5fa"
        stop-opacity="0"
      />
    </radialgradient>
    <lineargradient
      id="chart-gradient-9"
      x1="0%"
      x2="100%"
      y1="0%"
      y2="100%"
    >
      <stop
        offset="0%"
        stop-color="#94a3b8"
        stop-opacity="0.8"
      />
      <stop
        offset="100%"
        stop-color="#94a3b8"
        stop-opacity="0.2"
      />
    </lineargradient>
    <radialgradient
      cx="50%"
      cy="50%"
      id="chart-radial-9"
      r="50%"
    >
      <stop
        offset="0%"
        stop-color="#94a3b8"
        stop-opacity="0.6"
      />
      <stop
        offset="100%"
        stop-color="#94a3b8"
        stop-opacity="0"
      />
    </radialgradient>
    <pattern
      height="4"
      id="chart-dots"
      patternUnits="userSpaceOnUse"
      width="4"
    >
      <circle
        cx="2"
        cy="2"
        fill="linear-gradient(135deg, rgba(30,41,59,0.54) 0%, rgba(15,23,42,0.48) 100%)"
        r="1"
      />
    </pattern>
    <pattern
      height="8"
      id="chart-lines"
      patternUnits="userSpaceOnUse"
      width="8"
    >
      <path
        d="M0,8 L8,0"
        stroke="linear-gradient(135deg, rgba(30,41,59,0.54) 0%, rgba(15,23,42,0.48) 100%)"
        stroke-width="1"
      />
    </pattern>
    <filter
      id="chart-noise"
    >
      <feturbulence
        baseFrequency="0.9"
        numOctaves="4"
        stitchTiles="stitch"
      />
      <fecomponenttransfer>
        <fefunca
          tableValues="0.05"
          type="discrete"
        />
      </fecomponenttransfer>
      <feblend
        in="SourceGraphic"
        mode="multiply"
      />
    </filter>
    <filter
      height="140%"
      id="chart-frosted"
      width="140%"
      x="-20%"
      y="-20%"
    >
      <fegaussianblur
        result="blur"
        stdDeviation="10"
      />
      <feoffset
        dx="0"
        dy="0"
        in="blur"
        result="offset"
      />
      <feflood
        flood-color="linear-gradient(135deg, rgba(30,41,59,0.54) 0%, rgba(15,23,42,0.48) 100%)"
        result="color"
      />
      <fecomposite
        in="color"
        in2="offset"
        operator="in"
        result="shadow"
      />
      <femerge>
        <femergenode
          in="shadow"
        />
        <femergenode
          in="SourceGraphic"
        />
      </femerge>
    </filter>
  </defs>
</svg>
`;
