// Jest Snapshot v1, https://goo.gl/fbAQLP

exports[`GlassDashboard matches snapshot 1`] = `
<div
  class="w-full glass-auto-gap glass-auto-gap-2xl"
  data-glass-component="true"
>
  <div
    class="glass-gap-4 pb-8 border-b border-border/20 text-left"
  >
    <div
      class="flex glass-gap-4 flex-col sm:flex-row sm:items-center sm:justify-between"
    >
      <div
        class="glass-gap-2"
      >
        <h1
          class="glass-text-3xl glass-font-bold glass-text-primary"
        >
          Dashboard
        </h1>
      </div>
      <div
        class="glass-flex-shrink-0"
      >
        <div
          class="glass-flex glass-min-w-0 glass-flex-row glass-gap-2 glass-items-stretch glass-justify-start motion-safe:transition-all motion-reduce:transition-none"
          style="display: flex; flex-direction: row; gap: var(--glass-space-2, 0.5rem); align-items: stretch; justify-content: flex-start; flex-wrap: nowrap; min-width: 0;"
        />
      </div>
    </div>
  </div>
  <div
    class="grid grid-cols-4 glass-gap-4 grid-flow-row items-stretch justify-start motion-safe:transition-all motion-reduce:transition-none glass-min-glass-h-96"
    style="display: grid; grid-auto-flow: row; align-items: stretch; justify-content: flex-start; grid-template-columns: repeat(4, minmax(0, 1fr)); column-gap: var(--glass-space-4, 1rem); row-gap: var(--glass-space-4, 1rem);"
  />
</div>
`;
