// Jest Snapshot v1, https://goo.gl/fbAQLP

exports[`GlassMusicVisualizer matches snapshot 1`] = `
<div
  class="optimized-glass-surface glass-neutral-level2 glass-tier-high glass-music-visualizer glass-max-w-full glass-overflow-auto glass-p-4 glass-space-y-4"
  data-glass-component="true"
  style="background-color: rgba(15, 23, 42, 0.22); --glass-text-primary: var(--glass-theme-text, rgba(255, 255, 255, 0.95)); --glass-text-secondary: rgba(255,255,255,0.88); --typography-text-primary: var(--glass-theme-text, rgba(255, 255, 255, 0.95)); --typography-text-secondary: rgba(255,255,255,0.88); border: 1px solid rgba(255,255,255,0.20); border-radius: 8px; box-shadow: 0px 8px 32px 0px rgba(0,0,0,0.22), inset 0 1px 0 rgba(255,255,255,0.22), inset 0 0 12px rgba(255,255,255,0.12); transition: all 200ms ease-out; position: relative; transform: translateZ(0); --glass-theme-text: var(--glass-theme-text, rgba(255, 255, 255, 0.95)); max-height: 100%; min-width: 0;"
>
  <div
    class="glass-flex glass-items-center glass-justify-between glass-gap-3"
  >
    <div
      class="glass-min-w-0"
    >
      <h3
        class="glass-font-semibold glass-text-primary-glass-opacity-90 glass-truncate glass-text-lg"
      >
        Music Visualizer
      </h3>
      <p
        class="glass-text-primary-glass-opacity-60 glass-truncate glass-text-sm"
      >
        Real-time audio visualization and analysis
      </p>
    </div>
    <div
      class="glass-flex glass-items-center glass-space-x-2"
    >
      <div
        class="glass-flex glass-items-center glass-space-x-1 glass-text-primary"
      >
        <div
          class="glass-w-2 glass-h-2 glass-surface-green glass-radius-full glass-animate-pulse"
        />
        <span
          class="glass-text-xs"
        >
          Live
        </span>
      </div>
    </div>
  </div>
  <div
    class="glass-flex glass-items-center glass-gap-2 glass-space-x-4"
  >
    <button
      class="glass-surface-blue hover:glass-surface-blue glass-text-primary glass-radius-lg glass-transition-colors glass-p-2"
      tabindex="0"
    >
      ▶️
    </button>
    <button
      class="glass-surface-primary hover:glass-surface-primary glass-text-primary glass-radius-lg glass-transition-colors glass-p-2"
      tabindex="0"
    >
      ⏹️
    </button>
    <div
      class="glass-flex glass-items-center glass-gap-1"
    >
      <span
        class="glass-text-xs glass-text-primary-glass-opacity-60"
      >
        0
        :
        00
      </span>
      <span
        class="glass-text-primary-glass-opacity-40"
      >
        /
      </span>
      <span
        class="glass-text-xs glass-text-primary-glass-opacity-60"
      >
        0
        :
        00
      </span>
    </div>
    <div
      class="glass-flex glass-items-center glass-gap-1"
    >
      <label
        class="glass-text-xs glass-text-primary-glass-opacity-80"
        for="glass-music-volume-:rm:"
      >
        Volume:
      </label>
      <input
        aria-label="Volume"
        class="glass-h-2 glass-surface-subtle/20 glass-radius-lg glass-appearance-none glass-cursor-pointer glass-w-16"
        id="glass-music-volume-:rm:"
        max="1"
        min="0"
        step="0.1"
        type="range"
        value="0.8"
      />
    </div>
  </div>
  <div
    class="glass-relative"
  >
    <canvas
      class="
              glass-w-full glass-border glass-border-white/20 glass-radius-lg glass-surface-dark/20
              glass-cursor-pointer
            "
      height="400"
      style="display: block;"
      width="800"
    />
    <div
      class="glass-absolute glass-top-2 glass-right-2"
    >
      <div
        class="glass-w-4 glass-h-4 glass-radius-full glass-surface-red"
        style="opacity: 0; transform: scale(1);"
      />
    </div>
  </div>
</div>
`;
