// Jest Snapshot v1, https://goo.gl/fbAQLP

exports[`GlassGenerativeArt matches snapshot 1`] = `
<div
  class="optimized-glass-surface glass-neutral-level2 glass-tier-high glass-p-4 glass-space-y-4 glass-max-w-full glass-overflow-auto"
  data-glass-component="true"
  style="--glass-text-primary: var(--glass-theme-text, rgba(255, 255, 255, 0.95)); --glass-text-secondary: rgba(255,255,255,0.88); --typography-text-primary: var(--glass-theme-text, rgba(255, 255, 255, 0.95)); --typography-text-secondary: rgba(255,255,255,0.88); border: 1px solid rgba(148,163,184,0.2); border-radius: 8px; box-shadow: 0px 8px 24px 0px rgba(0,0,0,0.2); transition: all 200ms ease-out; position: relative; transform: translateZ(0); --glass-theme-text: var(--glass-theme-text, rgba(255, 255, 255, 0.95)); max-height: 100%; min-width: 0;"
>
  <div
    class="glass-flex glass-items-center glass-justify-between glass-gap-3 glass-min-w-0"
  >
    <div
      class="glass-min-w-0"
    >
      <h3
        class="glass-text-lg glass-font-semibold glass-text-primary-glass-opacity-90 glass-truncate"
      >
        AI Art Generator
      </h3>
      <p
        class="glass-text-sm glass-text-primary-glass-opacity-60"
      >
        Create stunning AI-generated artwork from text prompts
      </p>
    </div>
    <div
      class="glass-flex glass-items-center glass-space-x-2"
    />
  </div>
  <div
    class="glass-space-y-3"
  >
    <div>
      <label
        class="glass-block glass-text-sm glass-font-medium glass-text-primary-glass-opacity-80 glass-mb-2"
      >
        Describe your artwork
      </label>
      <textarea
        class="glass-w-full glass-h-20 glass-p-3 glass-surface-subtle/10 glass-border glass-border-white/20 glass-radius-lg glass-text-primary-glass-opacity-90 glass-placeholder-white-opacity-50 glass-resize-none glass-focus-outline-none focus:glass-border-blue"
        placeholder="A majestic dragon soaring through a cosmic nebula, digital art style, highly detailed..."
      />
    </div>
    <div
      class="glass-flex glass-items-center glass-justify-between glass-gap-3 glass-flex-wrap"
    >
      <div
        class="glass-flex glass-items-center glass-space-x-4"
      >
        <label
          class="glass-flex glass-items-center glass-space-x-2 glass-cursor-pointer"
        >
          <input
            checked=""
            class="glass-w-4 glass-h-4 glass-radius glass-border-white/30"
            type="checkbox"
          />
          <span
            class="glass-text-sm glass-text-primary-glass-opacity-80"
          >
            Enhance Prompt
          </span>
        </label>
      </div>
      <button
        class="glass-px-4 glass-py-2 glass-surface-blue hover:glass-surface-blue glass-text-primary glass-radius-lg glass-font-medium glass-transition-colors disabled:glass-opacity-50"
        disabled=""
        tabindex="0"
      >
        Generate Art
      </button>
    </div>
  </div>
  <div
    class="glass-grid glass-grid-cols-1 md:glass-grid-cols-2 glass-gap-4"
  />
  <canvas
    class="glass-hidden"
  />
</div>
`;
