// Jest Snapshot v1, https://goo.gl/fbAQLP

exports[`GlassLiveFilter matches snapshot 1`] = `
<div
  class="optimized-glass-surface glass-neutral-level2 glass-tier-high glass-p-4 glass-space-y-4 glass-max-w-full glass-overflow-auto"
  data-glass-component="true"
  style="--glass-text-primary: var(--glass-theme-text, rgba(255, 255, 255, 0.95)); --glass-text-secondary: rgba(255,255,255,0.88); --typography-text-primary: var(--glass-theme-text, rgba(255, 255, 255, 0.95)); --typography-text-secondary: rgba(255,255,255,0.88); border: 1px solid rgba(148,163,184,0.2); border-radius: 8px; box-shadow: 0px 8px 24px 0px rgba(0,0,0,0.2); transition: all 200ms ease-out; position: relative; transform: translateZ(0); --glass-theme-text: var(--glass-theme-text, rgba(255, 255, 255, 0.95)); max-height: 100%; min-width: 0;"
>
  <div
    class="glass-flex glass-items-center glass-justify-between glass-gap-3 glass-min-w-0"
  >
    <div
      class="glass-min-w-0"
    >
      <h3
        class="glass-text-lg glass-font-semibold glass-text-primary-glass-opacity-90 glass-truncate"
      >
        Live Image Filter
      </h3>
      <p
        class="glass-text-sm glass-text-primary-glass-opacity-60"
      >
        Real-time image and video processing with custom filters
      </p>
    </div>
    <div
      class="glass-flex glass-items-center glass-gap-2 glass-flex-shrink-0"
    >
      <div
        class="glass-flex glass-items-center glass-space-x-1 glass-text-primary"
      >
        <div
          class="glass-w-2 glass-h-2 glass-surface-green glass-radius-full glass-animate-pulse"
        />
        <span
          class="glass-text-xs"
        >
          Real-time
        </span>
      </div>
    </div>
  </div>
  <div
    class="glass-grid glass-grid-cols-1 md:glass-grid-cols-2 glass-gap-3"
  >
    <div
      class="glass-space-y-2"
    >
      <h4
        class="glass-text-sm glass-font-medium glass-text-primary-glass-opacity-80"
      >
        Original
      </h4>
      <div
        class="glass-relative glass-aspect-video glass-surface-subtle/5 glass-border glass-border-white/20 glass-radius-lg glass-overflow-hidden"
      >
        <canvas
          class="glass-w-full glass-h-full glass-object-cover"
          height="360"
          width="640"
        />
      </div>
    </div>
    <div
      class="glass-space-y-2"
    >
      <h4
        class="glass-text-sm glass-font-medium glass-text-primary-glass-opacity-80"
      >
        Filtered
      </h4>
      <div
        class="glass-relative glass-aspect-video glass-surface-subtle/5 glass-border glass-border-white/20 glass-radius-lg glass-overflow-hidden"
      >
        <canvas
          class="glass-w-full glass-h-full glass-object-cover"
          height="360"
          width="640"
        />
      </div>
    </div>
  </div>
  <div
    class="glass-space-y-4"
  >
    <h4
      class="glass-text-sm glass-font-medium glass-text-primary-glass-opacity-80"
    >
      Filter Library
    </h4>
    <div
      class="glass-grid glass-grid-cols-2 md:glass-grid-cols-3 lg:glass-grid-cols-4 glass-gap-3"
    >
      <div
        class="
                glass-p-3 glass-radius-lg glass-border glass-cursor-pointer glass-transition-all duration-[150ms]
                glass-border-white/20 hover:glass-border-white/40 glass-surface-subtle/5
              "
        tabindex="0"
      >
        <div
          class="glass-text-sm glass-font-medium glass-text-primary-glass-opacity-90 glass-mb-1"
        >
          Grayscale
        </div>
        <div
          class="glass-text-xs glass-text-primary-glass-opacity-60 glass-mb-2"
        >
          Convert to black and white
        </div>
        <div
          class="glass-flex glass-items-center glass-justify-between"
        >
          <span
            class="
                  glass-px-2 glass-py-0.5 glass-radius glass-text-xs glass-font-medium
                  glass-surface-blue/20 glass-text-secondary
                "
          >
            color
          </span>
        </div>
      </div>
      <div
        class="
                glass-p-3 glass-radius-lg glass-border glass-cursor-pointer glass-transition-all duration-[150ms]
                glass-border-white/20 hover:glass-border-white/40 glass-surface-subtle/5
              "
        tabindex="0"
      >
        <div
          class="glass-text-sm glass-font-medium glass-text-primary-glass-opacity-90 glass-mb-1"
        >
          Sepia
        </div>
        <div
          class="glass-text-xs glass-text-primary-glass-opacity-60 glass-mb-2"
        >
          Vintage sepia tone effect
        </div>
        <div
          class="glass-flex glass-items-center glass-justify-between"
        >
          <span
            class="
                  glass-px-2 glass-py-0.5 glass-radius glass-text-xs glass-font-medium
                  glass-surface-amber/20 glass-text-secondary
                "
          >
            vintage
          </span>
        </div>
      </div>
      <div
        class="
                glass-p-3 glass-radius-lg glass-border glass-cursor-pointer glass-transition-all duration-[150ms]
                glass-border-white/20 hover:glass-border-white/40 glass-surface-subtle/5
              "
        tabindex="0"
      >
        <div
          class="glass-text-sm glass-font-medium glass-text-primary-glass-opacity-90 glass-mb-1"
        >
          Gaussian Blur
        </div>
        <div
          class="glass-text-xs glass-text-primary-glass-opacity-60 glass-mb-2"
        >
          Smooth blur effect
        </div>
        <div
          class="glass-flex glass-items-center glass-justify-between"
        >
          <span
            class="
                  glass-px-2 glass-py-0.5 glass-radius glass-text-xs glass-font-medium
                  glass-surface-muted/20 glass-text-secondary
                "
          >
            blur
          </span>
        </div>
      </div>
      <div
        class="
                glass-p-3 glass-radius-lg glass-border glass-cursor-pointer glass-transition-all duration-[150ms]
                glass-border-white/20 hover:glass-border-white/40 glass-surface-subtle/5
              "
        tabindex="0"
      >
        <div
          class="glass-text-sm glass-font-medium glass-text-primary-glass-opacity-90 glass-mb-1"
        >
          Sharpen
        </div>
        <div
          class="glass-text-xs glass-text-primary-glass-opacity-60 glass-mb-2"
        >
          Enhance image details
        </div>
        <div
          class="glass-flex glass-items-center glass-justify-between"
        >
          <span
            class="
                  glass-px-2 glass-py-0.5 glass-radius glass-text-xs glass-font-medium
                  glass-surface-primary/20 glass-text-secondary
                "
          >
            artistic
          </span>
        </div>
      </div>
      <div
        class="
                glass-p-3 glass-radius-lg glass-border glass-cursor-pointer glass-transition-all duration-[150ms]
                glass-border-white/20 hover:glass-border-white/40 glass-surface-subtle/5
              "
        tabindex="0"
      >
        <div
          class="glass-text-sm glass-font-medium glass-text-primary-glass-opacity-90 glass-mb-1"
        >
          Brightness
        </div>
        <div
          class="glass-text-xs glass-text-primary-glass-opacity-60 glass-mb-2"
        >
          Adjust image brightness
        </div>
        <div
          class="glass-flex glass-items-center glass-justify-between"
        >
          <span
            class="
                  glass-px-2 glass-py-0.5 glass-radius glass-text-xs glass-font-medium
                  glass-surface-blue/20 glass-text-secondary
                "
          >
            color
          </span>
        </div>
      </div>
      <div
        class="
                glass-p-3 glass-radius-lg glass-border glass-cursor-pointer glass-transition-all duration-[150ms]
                glass-border-white/20 hover:glass-border-white/40 glass-surface-subtle/5
              "
        tabindex="0"
      >
        <div
          class="glass-text-sm glass-font-medium glass-text-primary-glass-opacity-90 glass-mb-1"
        >
          Contrast
        </div>
        <div
          class="glass-text-xs glass-text-primary-glass-opacity-60 glass-mb-2"
        >
          Adjust image contrast
        </div>
        <div
          class="glass-flex glass-items-center glass-justify-between"
        >
          <span
            class="
                  glass-px-2 glass-py-0.5 glass-radius glass-text-xs glass-font-medium
                  glass-surface-blue/20 glass-text-secondary
                "
          >
            color
          </span>
        </div>
      </div>
      <div
        class="
                glass-p-3 glass-radius-lg glass-border glass-cursor-pointer glass-transition-all duration-[150ms]
                glass-border-white/20 hover:glass-border-white/40 glass-surface-subtle/5
              "
        tabindex="0"
      >
        <div
          class="glass-text-sm glass-font-medium glass-text-primary-glass-opacity-90 glass-mb-1"
        >
          Saturation
        </div>
        <div
          class="glass-text-xs glass-text-primary-glass-opacity-60 glass-mb-2"
        >
          Adjust color saturation
        </div>
        <div
          class="glass-flex glass-items-center glass-justify-between"
        >
          <span
            class="
                  glass-px-2 glass-py-0.5 glass-radius glass-text-xs glass-font-medium
                  glass-surface-blue/20 glass-text-secondary
                "
          >
            color
          </span>
        </div>
      </div>
      <div
        class="
                glass-p-3 glass-radius-lg glass-border glass-cursor-pointer glass-transition-all duration-[150ms]
                glass-border-white/20 hover:glass-border-white/40 glass-surface-subtle/5
              "
        tabindex="0"
      >
        <div
          class="glass-text-sm glass-font-medium glass-text-primary-glass-opacity-90 glass-mb-1"
        >
          Hue Shift
        </div>
        <div
          class="glass-text-xs glass-text-primary-glass-opacity-60 glass-mb-2"
        >
          Shift color hues
        </div>
        <div
          class="glass-flex glass-items-center glass-justify-between"
        >
          <span
            class="
                  glass-px-2 glass-py-0.5 glass-radius glass-text-xs glass-font-medium
                  glass-surface-blue/20 glass-text-secondary
                "
          >
            color
          </span>
        </div>
      </div>
      <div
        class="
                glass-p-3 glass-radius-lg glass-border glass-cursor-pointer glass-transition-all duration-[150ms]
                glass-border-white/20 hover:glass-border-white/40 glass-surface-subtle/5
              "
        tabindex="0"
      >
        <div
          class="glass-text-sm glass-font-medium glass-text-primary-glass-opacity-90 glass-mb-1"
        >
          Edge Detection
        </div>
        <div
          class="glass-text-xs glass-text-primary-glass-opacity-60 glass-mb-2"
        >
          Detect and highlight edges
        </div>
        <div
          class="glass-flex glass-items-center glass-justify-between"
        >
          <span
            class="
                  glass-px-2 glass-py-0.5 glass-radius glass-text-xs glass-font-medium
                  glass-surface-primary/20 glass-text-secondary
                "
          >
            artistic
          </span>
        </div>
      </div>
      <div
        class="
                glass-p-3 glass-radius-lg glass-border glass-cursor-pointer glass-transition-all duration-[150ms]
                glass-border-white/20 hover:glass-border-white/40 glass-surface-subtle/5
              "
        tabindex="0"
      >
        <div
          class="glass-text-sm glass-font-medium glass-text-primary-glass-opacity-90 glass-mb-1"
        >
          Emboss
        </div>
        <div
          class="glass-text-xs glass-text-primary-glass-opacity-60 glass-mb-2"
        >
          3D embossed effect
        </div>
        <div
          class="glass-flex glass-items-center glass-justify-between"
        >
          <span
            class="
                  glass-px-2 glass-py-0.5 glass-radius glass-text-xs glass-font-medium
                  glass-surface-primary/20 glass-text-secondary
                "
          >
            artistic
          </span>
        </div>
      </div>
      <div
        class="
                glass-p-3 glass-radius-lg glass-border glass-cursor-pointer glass-transition-all duration-[150ms]
                glass-border-white/20 hover:glass-border-white/40 glass-surface-subtle/5
              "
        tabindex="0"
      >
        <div
          class="glass-text-sm glass-font-medium glass-text-primary-glass-opacity-90 glass-mb-1"
        >
          Vintage Film
        </div>
        <div
          class="glass-text-xs glass-text-primary-glass-opacity-60 glass-mb-2"
        >
          Old film camera effect
        </div>
        <div
          class="glass-flex glass-items-center glass-justify-between"
        >
          <span
            class="
                  glass-px-2 glass-py-0.5 glass-radius glass-text-xs glass-font-medium
                  glass-surface-amber/20 glass-text-secondary
                "
          >
            vintage
          </span>
        </div>
      </div>
      <div
        class="
                glass-p-3 glass-radius-lg glass-border glass-cursor-pointer glass-transition-all duration-[150ms]
                glass-border-white/20 hover:glass-border-white/40 glass-surface-subtle/5
              "
        tabindex="0"
      >
        <div
          class="glass-text-sm glass-font-medium glass-text-primary-glass-opacity-90 glass-mb-1"
        >
          Neon Glow
        </div>
        <div
          class="glass-text-xs glass-text-primary-glass-opacity-60 glass-mb-2"
        >
          Cyberpunk neon effect
        </div>
        <div
          class="glass-flex glass-items-center glass-justify-between"
        >
          <span
            class="
                  glass-px-2 glass-py-0.5 glass-radius glass-text-xs glass-font-medium
                  glass-surface-green/20 glass-text-secondary
                "
          >
            modern
          </span>
        </div>
      </div>
    </div>
  </div>
  <div
    class="glass-flex glass-items-center glass-justify-between glass-gap-3 glass-pt-3 glass-border-t glass-border-white/10 glass-flex-wrap"
  >
    <div
      class="glass-flex glass-items-center glass-gap-2 glass-flex-wrap"
    >
      <input
        accept="image/*"
        class="glass-hidden"
        id="image-upload"
        type="file"
      />
      <label
        class="glass-px-4 glass-py-2 glass-surface-blue hover:glass-surface-blue glass-text-primary glass-radius-lg glass-text-sm glass-font-medium glass-cursor-pointer glass-transition-colors"
        for="image-upload"
        tabindex="0"
      >
        Upload Image
      </label>
      <button
        class="glass-px-4 glass-py-2 glass-border glass-border-white/30 hover:glass-border-white/50 glass-text-primary-glass-opacity-80 glass-radius-lg glass-text-sm glass-transition-colors"
        tabindex="0"
      >
        Apply Filters
      </button>
    </div>
  </div>
</div>
`;
