// Jest Snapshot v1, https://goo.gl/fbAQLP

exports[`CollapsedMenu matches snapshot 1`] = `
<div
  class="optimized-glass-surface glass-neutral-level3 glass-tier-high absolute top-full right-0 min-w-[200px] glass-z-1000 glass-p-2"
  data-performance-mode="medium"
  id="collapsed-menu-:r8:"
  role="navigation"
  style="background-color: rgba(15, 23, 42, 0.24); --glass-text-primary: rgba(255,255,255,0.98); --glass-text-secondary: rgba(255,255,255,0.88); --typography-text-primary: rgba(255,255,255,0.98); --typography-text-secondary: rgba(255,255,255,0.88); border: 1px solid rgba(255,255,255,0.24); border-radius: 8px; box-shadow: 0px 12px 40px 0px rgba(0,0,0,0.26), inset 0 1px 0 rgba(255,255,255,0.25), inset 0 0 16px rgba(255,255,255,0.14); transition: all 200ms ease-out; position: relative; transform: translateZ(0);"
/>
`;
