// Jest Snapshot v1, https://goo.gl/fbAQLP

exports[`GlassIslandLayout matches snapshot 1`] = `
<div
  class="optimized-glass-surface glass-neutral-level2 glass-tier-high glass-island-layout glass-relative glass-overflow-hidden"
  style="background-color: rgba(255, 255, 255, 0.12); --glass-text-primary: rgba(15, 23, 42, 0.94); --glass-text-secondary: rgba(15, 23, 42, 0.76); --typography-text-primary: rgba(15,23,42,0.94); --typography-text-secondary: rgba(15,23,42,0.76); border: 1px solid rgba(255,255,255,0.28); border-radius: 8px; box-shadow: 0px 8px 32px 0px rgba(0,0,0,0.22), inset 0 1px 0 rgba(255,255,255,0.22), inset 0 0 12px rgba(255,255,255,0.12); color: rgba(15, 23, 42, 0.94); transition: all 200ms ease-out; position: relative; transform: translateZ(0); --glass-theme-text: rgba(15, 23, 42, 0.94); --glass-text-tertiary: rgba(15, 23, 42, 0.64); max-width: 100%; height: 600px; max-height: 600px; overflow: hidden; contain: layout paint;"
>
  <style>

          @media (max-width: 520px) {
            .glass-island-layout-minimap,
            .glass-island-layout-stats {
              display: none !important;
            }

            .glass-island-layout-controls {
              flex-direction: row !important;
              top: 96px !important;
            }

            .glass-island-layout-controls &gt; * {
              margin-top: 0 !important;
              margin-left: 8px !important;
            }

            .glass-island-layout-controls &gt; :first-child {
              margin-left: 0 !important;
            }
          }

  </style>
  <div
    class="glass-absolute glass-top-0 glass-left-0 glass-right-0 glass-p-4 glass-z-10"
  >
    <div
      class="glass-flex glass-items-center glass-justify-between"
    >
      <div>
        <h3
          class="glass-text-xl glass-font-semibold glass-text-primary-glass-opacity-90"
        >
          Island Layout
        </h3>
        <p
          class="glass-text-sm glass-text-primary-glass-opacity-60"
        >
          Floating content islands with connections
        </p>
      </div>
    </div>
  </div>
  <div
    class="glass-absolute glass-inset-0 glass-overflow-hidden"
    style="contain: strict;"
  >
    <div
      class="glass-absolute glass-inset-0 glass-overflow-visible glass-cursor-move"
      style="width: 2000px; height: 2000px; contain: strict; transform: translate(0px, 0px) scale(1); transform-origin: 0 0;"
    >
      <canvas
        class="glass-absolute glass-inset-0 glass-pointer-events-none"
        data-glass-overlay="true"
        height="2000"
        width="2000"
      />
    </div>
  </div>
  <div
    class="glass-island-layout-controls glass-absolute glass-left-4 glass-flex glass-flex-col glass-space-y-2"
    style="top: 96px;"
  >
    <button
      class="glass-p-2 glass-surface-subtle/10 hover:glass-surface-subtle/20 glass-border glass-border-white/20 glass-radius-lg glass-text-primary glass-transition-colors glass-focus glass-touch-target glass-contrast-guard"
      style="appearance: none; width: 44px; height: 44px; border: 1px solid rgba(148,163,184,.3); border-radius: 14px; background: rgba(255, 255, 255, 0.2); color: rgba(15, 23, 42, 0.9);"
      tabindex="0"
    >
      🔍+
    </button>
    <button
      class="glass-p-2 glass-surface-subtle/10 hover:glass-surface-subtle/20 glass-border glass-border-white/20 glass-radius-lg glass-text-primary glass-transition-colors glass-focus glass-touch-target glass-contrast-guard"
      style="appearance: none; width: 44px; height: 44px; border: 1px solid rgba(148,163,184,.3); border-radius: 14px; background: rgba(255, 255, 255, 0.2); color: rgba(15, 23, 42, 0.9);"
      tabindex="0"
    >
      🔍-
    </button>
    <button
      class="p-2 border border-white/20 0.5rem glass-text-primary glass-surface-overlay transition-colors glass-focus glass-touch-target glass-contrast-guard"
      style="appearance: none; width: 44px; height: 44px; border: 1px solid rgba(148,163,184,.3); border-radius: 14px; background: rgba(255, 255, 255, 0.2); color: rgba(15, 23, 42, 0.94);"
      tabindex="0"
    >
      🔗
    </button>
    <button
      class="glass-p-2 glass-surface-subtle/10 hover:glass-surface-subtle/20 glass-border glass-border-white/20 glass-radius-lg glass-text-primary glass-transition-colors glass-focus glass-touch-target glass-contrast-guard"
      style="appearance: none; width: 44px; height: 44px; border: 1px solid rgba(148,163,184,.3); border-radius: 14px; background: rgba(255, 255, 255, 0.2); color: rgba(15, 23, 42, 0.9);"
      tabindex="0"
    >
      ⚡
    </button>
  </div>
  <div
    class="glass-island-layout-minimap glass-absolute glass-right-4 glass-w-50 glass-h-38 glass-surface-dark/50 glass-border glass-border-white/20 glass-radius-lg glass-p-2"
    style="top: 96px;"
  >
    <div
      class="glass-text-xs glass-text-primary-opacity-70 glass-mb-1"
    >
      Overview
    </div>
    <div
      class="glass-relative glass-surface-dark/30 glass-radius"
      style="width: 200px; height: 150px;"
    >
      <div
        class="glass-absolute glass-border glass-border-blue glass-pointer-events-none"
        style="left: 0px; top: 0px; width: 20px; height: 15px;"
      />
    </div>
  </div>
  <div
    class="glass-island-layout-stats glass-absolute glass-bottom-4 glass-left-4 glass-p-3 glass-radius-lg glass-border glass-border-soft"
    style="background: rgba(255, 255, 255, 0.2); box-shadow: inset 0 1px 0 rgba(255,255,255,.28);"
  >
    <div
      class="glass-text-xs glass-text-primary-glass-opacity-90 glass-space-y-1"
    >
      <div>
        Islands: 
        0
      </div>
      <div>
        Connections: 
        0
      </div>
      <div>
        Zoom: 
        100
        %
      </div>
    </div>
  </div>
</div>
`;
