// Jest Snapshot v1, https://goo.gl/fbAQLP

exports[`GlassAppShell matches snapshot 1`] = `
<div
  aria-label="Application shell"
  class="flex h-screen overflow-hidden bg-gradient-to-br from-background via-background/95 to-surface/50 motion-safe:transition-all motion-reduce:transition-none"
  id=":r5:"
>
  <div
    class="glass-flex glass-flex-col glass-flex-1 glass-overflow-hidden"
  >
    <main
      aria-label="Main content"
      class="flex-1 overflow-auto scrollbar-thin scrollbar-track-transparent scrollbar-thumb-border/30 hover:scrollbar-thumb-border/50 motion-safe:transition-all motion-reduce:transition-none"
      role="main"
    >
      <div
        class="w-full transition-all duration-300 max-w-full glass-p-8 min-h-full"
        data-glass-component="true"
      >
        <div
          class="motion-primitive glass-h-full"
        />
      </div>
    </main>
  </div>
</div>
`;
