// Jest Snapshot v1, https://goo.gl/fbAQLP

exports[`GlassLiveCursorPresence matches snapshot 1`] = `
<div
  class="relative"
>
  <div>
    Content
  </div>
  <div
    aria-label="0 users online"
    aria-live="polite"
    class="glass-absolute glass-top-2 glass-left-2 glass-flex glass-items-center glass-gap-2"
    role="status"
  >
    <div
      aria-hidden="true"
      class="w-2 h-2 glass-radius-full transition-colors bg-red-400"
    />
    <span
      class="contrast-guard"
      data-contrast-level="AA"
      data-glass-component="true"
    >
      <span
        class="glass-text-xs glass-text-secondary"
      >
        0
         user
        s
         online
      </span>
    </span>
  </div>
</div>
`;
