// Jest Snapshot v1, https://goo.gl/fbAQLP

exports[`GlassMetaEngine matches snapshot 1`] = `
<div
  class="fixed bottom-4 right-4 z-50 glass-on-light"
  data-glass-component="true"
>
  <button
    aria-expanded="false"
    aria-label="Toggle Meta-Engine dashboard"
    class="glass-radius-full glass-surface-primary glass-elev-4 glass-border glass-border-white/30 flex items-center justify-center glass-text-primary transition-all transitionDuration relative overflow-hidden"
    style="width: 56px; height: 56px; min-width: 56px; min-height: 56px;"
    tabindex="0"
  >
    <div
      aria-hidden="true"
      class="glass-absolute glass-inset-0 glass-opacity-20"
    >
      <div
        class="glass-absolute glass-w-1 glass-h-1 glass-surface-secondary glass-radius-full"
      />
      <div
        class="glass-absolute glass-w-1 glass-h-1 glass-surface-secondary glass-radius-full"
      />
      <div
        class="glass-absolute glass-w-1 glass-h-1 glass-surface-secondary glass-radius-full"
      />
      <div
        class="glass-absolute glass-w-1 glass-h-1 glass-surface-secondary glass-radius-full"
      />
      <div
        class="glass-absolute glass-w-1 glass-h-1 glass-surface-secondary glass-radius-full"
      />
      <div
        class="glass-absolute glass-w-1 glass-h-1 glass-surface-secondary glass-radius-full"
      />
      <div
        class="glass-absolute glass-w-1 glass-h-1 glass-surface-secondary glass-radius-full"
      />
    </div>
    <div
      aria-hidden="true"
      class="glass-relative glass-z-10 glass-font-semibold"
    >
      ◈
    </div>
  </button>
</div>
`;
