// Jest Snapshot v1, https://goo.gl/fbAQLP

exports[`GlassOrientationEffects matches snapshot 1`] = `
<div
  aria-label="Orientation effects container"
  class="glass-relative glass-foundation-complete"
  role="region"
>
  <span
    class="contrast-guard"
    data-contrast-level="AA"
    data-glass-component="true"
  />
</div>
`;
