// Jest Snapshot v1, https://goo.gl/fbAQLP

exports[`GlassKPICard matches snapshot 1`] = `
<div
  class="motion-primitive glass-w-full glass-kpi-card"
>
  <div
    class="optimized-glass-surface glass-neutral-level2 glass-tier-high glass-foundation-complete glass-radius-xl glass-overlay-noise glass-edge glass-overlay-specular glass-typography-reset transition-all duration-300 ease-out glass-p-4 glass-p-6 group relative overflow-hidden"
    data-performance-mode="medium"
    style="border: 1px solid rgba(255,255,255,0.5); border-radius: 8px; box-shadow: 0px 8px 24px 0px rgba(0,0,0,0.2); transition: all 200ms ease-out; position: relative; transform: translateZ(0);"
  >
    <div
      class="relative z-10"
    >
      <div
        class="card-header pb-2"
      >
        <div
          class="glass-flex glass-items-center glass-justify-between"
        >
          <h2
            class="card-title glass-text-base font-medium glass-text-primary/90 flex items-center glass-gap-2"
          >
            KPI
          </h2>
        </div>
      </div>
      <div
        class="card-content pt-0"
      >
        <div
          class="glass-flex items-baseline glass-gap-2 relative"
        >
          <div
            class="relative premium-glow"
          >
            <div
              class="absolute inset-0 glass-gradient-primary glass-gradient-primary via-purple-400/30 glass-gradient-primary glass-blur-xl opacity-0 group-hover:opacity-100 transition-opacity duration-500 -z-10 scale-150"
            />
            <span
              class="text-3xl glass-text-primary relative z-10 font-bold tracking-tight group-hover:glass-text-primary transition-all duration-300 drop-shadow-sm group-hover:drop-shadow-lg"
              data-value="true"
            >
              --
            </span>
          </div>
        </div>
      </div>
    </div>
  </div>
</div>
`;
