// Jest Snapshot v1, https://goo.gl/fbAQLP

exports[`GlassDetailView matches snapshot 1`] = `
<div
  aria-label="Detail View"
  class="w-full glass-auto-gap glass-auto-gap-3xl"
  role="article"
>
  <div
    class="flex flex-col glass-gap-4 items-stretch justify-start motion-safe:transition-all motion-reduce:transition-none"
  >
    <div
      class="flex flex-row glass-gap-4 items-center justify-between motion-safe:transition-all motion-reduce:transition-none"
    >
      <div
        class="flex flex-row glass-gap-4 items-center justify-start motion-safe:transition-all motion-reduce:transition-none"
      >
        <div
          class="flex flex-col glass-gap-1 items-stretch justify-start motion-safe:transition-all motion-reduce:transition-none"
        >
          <div
            class="flex flex-row glass-gap-2 items-center justify-start motion-safe:transition-all motion-reduce:transition-none"
          >
            <h1
              class="glass-text-2xl font-bold text-primary"
            >
              Detail View
            </h1>
          </div>
        </div>
      </div>
      <div
        class="flex flex-row glass-gap-2 items-center justify-start motion-safe:transition-all motion-reduce:transition-none"
      />
    </div>
  </div>
  <div
    class="flex flex-col glass-gap-6 items-stretch justify-start motion-safe:transition-all motion-reduce:transition-none"
  />
</div>
`;
