// Jest Snapshot v1, https://goo.gl/fbAQLP

exports[`GlassMetricChip matches snapshot 1`] = `
<div
  class="optimized-glass-surface glass-neutral-level1 glass-tier-high glass-inline-flex glass-items-center glass-gap-2 glass-px-3 glass-py-2 glass-radius-xl glass-border glass-border-white/10"
  data-glass-component="true"
  style="background-color: rgba(255, 255, 255, 0.1); --glass-text-primary: rgba(15, 23, 42, 0.94); --glass-text-secondary: rgba(30, 41, 59, 0.78); --typography-text-primary: rgba(15, 23, 42, 0.94); --typography-text-secondary: rgba(30, 41, 59, 0.78); border: 1px solid rgba(148, 163, 184, 0.22); border-radius: 8px; box-shadow: 0 8px 20px rgba(15, 23, 42, 0.10), inset 0 1px 0 rgba(255, 255, 255, 0.28), inset 0 0 10px rgba(255, 255, 255, 0.14); color: rgba(15, 23, 42, 0.94); transition: all 200ms ease-out; position: relative; transform: translateZ(0); --glass-theme-text: rgba(15, 23, 42, 0.94); --glass-text-tertiary: rgba(15, 23, 42, 0.64);"
>
  <span
    class="contrast-guard"
    data-contrast-level="AA"
    data-glass-component="true"
  >
    <span
      class="glass-text-xs glass-text-primary-opacity-70"
    >
      Metric
    </span>
  </span>
  <span
    class="contrast-guard"
    data-contrast-level="AA"
    data-glass-component="true"
  >
    <span
      class="glass-font-semibold"
      style="color: rgba(15, 23, 42, 0.96);"
    >
      --
    </span>
  </span>
</div>
`;
