// Jest Snapshot v1, https://goo.gl/fbAQLP

exports[`GlassTreeView matches snapshot 1`] = `
<div
  aria-multiselectable="false"
  class="optimized-glass-surface glass-neutral-level1 glass-tier-high glass-tree-view glass-p-2 glass-radius-lg glass-backdrop-blur-md glass-w-full glass-min-w-0 glass-overflow-auto glass-border glass-border-white/10"
  id="glass-tree-:ri:"
  role="tree"
  style="background: rgba(255, 255, 255, 0.22); background-color: rgba(255, 255, 255, 0.1); --glass-text-primary: rgba(15, 23, 42, 0.94); --glass-text-secondary: rgba(15, 23, 42, 0.76); --typography-text-primary: rgba(15,23,42,0.94); --typography-text-secondary: rgba(15,23,42,0.76); border: 1px solid rgba(255,255,255,0.28); border-radius: 8px; box-shadow: 0 14px 34px rgba(15, 23, 42, 0.11), inset 0 1px 0 rgba(255, 255, 255, 0.30), inset 0 0 18px rgba(255, 255, 255, 0.14); color: rgba(15, 23, 42, 0.92); transition: all 200ms ease-out; position: relative; transform: translateZ(0); --glass-theme-text: rgba(15, 23, 42, 0.94); --glass-text-tertiary: rgba(15, 23, 42, 0.64); max-height: 100%; border-color: rgba(255, 255, 255, 0.70);"
>
  <div
    class="motion-primitive"
  >
    <div
      data-glass-component="true"
    >
      <div
        aria-expanded="false"
        aria-level="1"
        aria-selected="false"
        class="optimized-glass-surface glass-neutral-level1 glass-tier-high glass-tree-node glass-flex glass-items-center glass-cursor-pointer glass-transition glass-radius-md glass-min-w-0 glass-h-10 glass-px-3 glass-text-sm hover:glass-surface-subtle/10 focus:glass-surface-subtle/10"
        draggable="false"
        id="tree-node-:rj:"
        role="treeitem"
        style="background: rgba(255, 255, 255, 0.2); background-color: rgba(255, 255, 255, 0.1); --glass-text-primary: rgba(15, 23, 42, 0.94); --glass-text-secondary: rgba(15, 23, 42, 0.76); --typography-text-primary: rgba(15,23,42,0.94); --typography-text-secondary: rgba(15,23,42,0.76); border: 1px solid rgba(255,255,255,0.28); border-radius: 8px; box-shadow: 0 6px 18px rgba(15, 23, 42, 0.08), inset 0 1px 0 rgba(255, 255, 255, 0.26), inset 0 0 12px rgba(255, 255, 255, 0.12); color: rgba(15, 23, 42, 0.92); transition: all 200ms ease-out; position: relative; transform: translateZ(0); --glass-theme-text: rgba(15, 23, 42, 0.94); --glass-text-tertiary: rgba(15, 23, 42, 0.64); padding-left: 0px; min-height: 48px; height: auto; margin-bottom: 8px; border-color: rgba(255, 255, 255, 0.58);"
        tabindex="0"
      >
        <div
          class="glass-flex glass-items-center glass-justify-center glass-flex-shrink-0 glass-mr-2"
          style="width: 32px; height: 32px;"
        >
          <button
            aria-label="Expand"
            class="glass-p-1 glass-radius-md hover:glass-surface-overlay glass-transition-colors glass-focus glass-contrast-guard"
            style="width: 32px; height: 32px; color: rgba(15, 23, 42, 0.78);"
          >
            <svg
              class="glass-w-full glass-h-full glass-transition-transform glass-duration-[150ms]"
              fill="none"
              stroke="currentColor"
              viewBox="0 0 24 24"
            >
              <path
                d="M9 5l7 7-7 7"
                stroke-linecap="round"
                stroke-linejoin="round"
                stroke-width="2"
              />
            </svg>
          </button>
        </div>
        <span
          class="glass-flex-1 glass-truncate"
          style="color: rgba(15, 23, 42, 0.92);"
        >
          Overview
        </span>
      </div>
    </div>
  </div>
  <div
    class="motion-primitive"
  >
    <div
      data-glass-component="true"
    >
      <div
        aria-expanded="false"
        aria-level="1"
        aria-selected="false"
        class="optimized-glass-surface glass-neutral-level1 glass-tier-high glass-tree-node glass-flex glass-items-center glass-cursor-pointer glass-transition glass-radius-md glass-min-w-0 glass-h-10 glass-px-3 glass-text-sm hover:glass-surface-subtle/10 focus:glass-surface-subtle/10"
        draggable="false"
        id="tree-node-:rk:"
        role="treeitem"
        style="background: rgba(255, 255, 255, 0.2); background-color: rgba(255, 255, 255, 0.1); --glass-text-primary: rgba(15, 23, 42, 0.94); --glass-text-secondary: rgba(15, 23, 42, 0.76); --typography-text-primary: rgba(15,23,42,0.94); --typography-text-secondary: rgba(15,23,42,0.76); border: 1px solid rgba(255,255,255,0.28); border-radius: 8px; box-shadow: 0 6px 18px rgba(15, 23, 42, 0.08), inset 0 1px 0 rgba(255, 255, 255, 0.26), inset 0 0 12px rgba(255, 255, 255, 0.12); color: rgba(15, 23, 42, 0.92); transition: all 200ms ease-out; position: relative; transform: translateZ(0); --glass-theme-text: rgba(15, 23, 42, 0.94); --glass-text-tertiary: rgba(15, 23, 42, 0.64); padding-left: 0px; min-height: 48px; height: auto; margin-bottom: 8px; border-color: rgba(255, 255, 255, 0.58);"
        tabindex="0"
      >
        <div
          class="glass-flex glass-items-center glass-justify-center glass-flex-shrink-0 glass-mr-2"
          style="width: 32px; height: 32px;"
        >
          <button
            aria-label="Expand"
            class="glass-p-1 glass-radius-md hover:glass-surface-overlay glass-transition-colors glass-focus glass-contrast-guard"
            style="width: 32px; height: 32px; color: rgba(15, 23, 42, 0.78);"
          >
            <svg
              class="glass-w-full glass-h-full glass-transition-transform glass-duration-[150ms]"
              fill="none"
              stroke="currentColor"
              viewBox="0 0 24 24"
            >
              <path
                d="M9 5l7 7-7 7"
                stroke-linecap="round"
                stroke-linejoin="round"
                stroke-width="2"
              />
            </svg>
          </button>
        </div>
        <span
          class="glass-flex-1 glass-truncate"
          style="color: rgba(15, 23, 42, 0.92);"
        >
          Settings
        </span>
      </div>
    </div>
  </div>
</div>
`;
