// Jest Snapshot v1, https://goo.gl/fbAQLP

exports[`GlassDataGrid matches snapshot 1`] = `
<div
  aria-label="Data Grid"
  class="optimized-glass-surface glass-neutral-level2 glass-tier-high glass-w-full glass-p-6 glass-text-center"
  data-glass-component="true"
  data-performance-mode="medium"
  role="region"
  style="background-color: rgba(15, 23, 42, 0.22); --glass-text-primary: rgba(255,255,255,0.98); --glass-text-secondary: rgba(255,255,255,0.88); --typography-text-primary: rgba(255,255,255,0.98); --typography-text-secondary: rgba(255,255,255,0.88); border: 1px solid rgba(255,255,255,0.20); border-radius: 8px; box-shadow: 0px 8px 32px 0px rgba(0,0,0,0.22), inset 0 1px 0 rgba(255,255,255,0.22), inset 0 0 12px rgba(255,255,255,0.12); transition: all 200ms ease-out; position: relative; transform: translateZ(0);"
>
  <span
    class="contrast-guard"
    data-contrast-level="AA"
    data-glass-component="true"
  >
    <p
      class="glass-text-sm glass-text-secondary"
    >
      No columns configured for this data grid.
    </p>
  </span>
</div>
`;
