// Jest Snapshot v1, https://goo.gl/fbAQLP

exports[`GlassVirtualTable matches snapshot 1`] = `
<div
  class="glass-w-full"
  data-glass-component="true"
  style="--glass-theme-text: rgba(15, 23, 42, 0.94); --glass-text-primary: rgba(15, 23, 42, 0.94); --glass-text-secondary: rgba(15, 23, 42, 0.76); --glass-text-tertiary: rgba(15, 23, 42, 0.64); color: rgba(15, 23, 42, 0.94);"
>
  <div
    class="glass-flex glass-flex-wrap glass-items-center glass-justify-between glass-gap-3 glass-mb-4"
  >
    <div
      class="glass-flex glass-min-w-0 glass-flex-1 glass-items-center glass-gap-3"
    >
      <div
        class="glass-flex glass-w-full glass-items-center glass-gap-2 glass-px-3 sm:glass-w-64"
        style="min-height: 40px; border: 1px solid rgba(71, 85, 105, 0.24); border-radius: 12px; color: rgba(15, 23, 42, 0.94); box-shadow: inset 0 1px 8px rgba(255,255,255,0.14), inset 0 1px 0 rgba(255,255,255,0.30), 0 8px 24px rgba(15,23,42,0.08);"
      >
        <svg
          aria-hidden="true"
          class="glass-w-4 glass-h-4 glass-flex-none"
          fill="none"
          stroke="currentColor"
          viewBox="0 0 24 24"
        >
          <path
            d="M21 21l-6-6m2-5a7 7 0 11-14 0 7 7 0 0114 0z"
            stroke-linecap="round"
            stroke-linejoin="round"
            stroke-width="2"
          />
        </svg>
        <input
          aria-label="Search..."
          class="glass-min-w-0 glass-flex-1 glass-bg-transparent glass-outline-none"
          placeholder="Search..."
          style="color: rgba(15, 23, 42, 0.94); width: 100%; border: 0px; outline: 0; background: transparent; appearance: none;"
          type="search"
          value=""
        />
      </div>
    </div>
  </div>
  <div
    class="optimized-glass-surface glass-neutral-level2 glass-tier-high glass-overflow-hidden glass-contrast-guard transition-all duration-[500ms]"
    data-performance-mode="medium"
    style="background-color: rgba(255, 255, 255, 0.12); --glass-text-primary: rgba(15, 23, 42, 0.94); --glass-text-secondary: rgba(15, 23, 42, 0.76); --typography-text-primary: rgba(15,23,42,0.94); --typography-text-secondary: rgba(15,23,42,0.76); border: 1px solid rgba(255,255,255,0.28); border-radius: 16px; box-shadow: inset 0 1px 10px rgba(255,255,255,0.14), inset 0 1px 0 rgba(255,255,255,0.30), inset 0 -1px 0 rgba(255,255,255,0.12), 0 20px 48px rgba(15,23,42,0.12); color: rgba(15, 23, 42, 0.94); transition: all 200ms ease-out; position: relative; transform: translateZ(0); --glass-theme-text: rgba(15, 23, 42, 0.94); --glass-text-tertiary: rgba(15, 23, 42, 0.64); border-color: rgba(148, 163, 184, 0.24);"
  >
    <div
      class="glass-flex glass-flex-col glass-gap-3 glass-p-3 sm:glass-hidden"
      data-testid="glass-data-table-mobile"
    >
      <div
        class="glass-flex glass-min-h-24 glass-items-center glass-justify-center glass-text-sm"
        style="color: rgba(15, 23, 42, 0.76);"
      >
        No data available
      </div>
    </div>
    <div
      class="glass-hidden glass-w-full glass-overflow-x-auto sm:glass-block"
    >
      <table
        class="glass-w-full glass-table-fixed"
        style="color: rgba(15, 23, 42, 0.94); min-width: 100%;"
      >
        <thead
          class="glass-relative bg-muted/20 glass-border-b glass-border-glass-border/20"
          style="background: rgba(255, 255, 255, 0.18);"
        >
          <tr />
        </thead>
        <tbody>
          <tr>
            <td
              class="glass-text-center glass-text-secondary py-8 glass-break-words glass-px-4 glass-py-3"
              colspan="0"
            >
              <span
                class="contrast-guard"
                data-contrast-level="AA"
                data-glass-component="true"
                style="color: rgba(15, 23, 42, 0.76);"
              >
                No data available
              </span>
            </td>
          </tr>
        </tbody>
      </table>
    </div>
  </div>
</div>
`;
