// Jest Snapshot v1, https://goo.gl/fbAQLP

exports[`GlassSkeleton matches snapshot 1`] = `
<style>
  
  @keyframes skeleton-pulse {
    0%, 100% {
      opacity: 1;
    }
    50% {
      opacity: var(--glass-opacity-60);
    }
  }

  @keyframes skeleton-wave {
    0% {
      transform: translateX(-100%);
    }
    100% {
      transform: translateX(100%);
    }
  }

</style>
`;
