// Jest Snapshot v1, https://goo.gl/fbAQLP

exports[`GlassCheckbox matches snapshot 1`] = `
<div
  class="relative glass-inline-flex glass-items-center"
>
  <input
    class="sr-only glass-touch-target glass-contrast-guard"
    id="glass-checkbox-:r7:"
    type="checkbox"
  />
  <div
    class="optimized-glass-surface glass-neutral-level1 glass-lift-on-hover glass-press glass-tier-high glass-checkbox-box relative inline-flex items-center justify-center cursor-pointer group glass-radius-lg transition-all duration-200 h-5 w-5 focus-within:outline-none focus-within:ring-2 focus-within:ring-offset-2 focus-within:ring-primary focus-within:ring-offset-background"
    data-performance-mode="medium"
    role="checkbox"
    style="background-color: rgba(255, 255, 255, 0.08); border: 1px solid rgba(255,255,255,0.4); border-radius: 8px; box-shadow: 0px 4px 16px 0px rgba(0,0,0,0.15); transition: all 200ms ease-out, transform 200ms ease-out, transform 200ms ease-out; position: relative; transform: translateZ(0);"
  >
    <div
      class="motion-primitive flex items-center justify-center h-4 w-4 opacity-0"
    />
  </div>
</div>
`;
