// Jest Snapshot v1, https://goo.gl/fbAQLP

exports[`GlassWizard matches snapshot 1`] = `
<div
  class="motion-primitive glass-w-full glass-max-w-4xl glass-mx-auto glass-min-w-0"
>
  <div
    class="optimized-glass-surface glass-neutral-level2 glass-tier-high glass-foundation-complete relative glass-radius-xl overflow-hidden glass-overlay-noise glass-edge glass-overlay-specular glass-typography-reset transition-all duration-[300ms] ease-out glass-p-3 glass-overflow-hidden glass-min-w-0"
    style="background-color: rgba(15, 23, 42, 0.22); --glass-text-primary: rgba(255,255,255,0.98); --glass-text-secondary: rgba(255,255,255,0.88); --typography-text-primary: rgba(255,255,255,0.98); --typography-text-secondary: rgba(255,255,255,0.88); border: 1px solid rgba(255,255,255,0.20); border-radius: 8px; box-shadow: 0px 8px 32px 0px rgba(0,0,0,0.22), inset 0 1px 0 rgba(255,255,255,0.22), inset 0 0 12px rgba(255,255,255,0.12); transition: all 200ms ease-out; position: relative; transform: translateZ(0); width: 100%; max-width: 100%; box-sizing: border-box;"
  >
    <div
      class="glass-relative glass-z-10"
    >
      <div
        class="card-header glass-border-b glass-border-white/10 glass-p-4"
      >
        <div
          class="glass-flex glass-flex-wrap glass-items-center glass-justify-between glass-gap-3 glass-min-w-0"
        >
          <div
            class="glass-min-w-0"
          />
          <div
            class="glass-flex glass-items-center glass-gap-2 glass-min-w-0"
          >
            <span
              class="glass-text-sm glass-text-secondary glass-whitespace-nowrap"
            >
              Step 
              1
               of 
              0
            </span>
            <div
              class="glass-w-20 glass-max-w-full"
            >
              <div
                class="glass-w-full"
                data-testid="glassprogress"
              >
                <div
                  aria-label="Progress"
                  aria-valuemax="100"
                  aria-valuemin="0"
                  aria-valuenow="0"
                  class="optimized-glass-surface glass-neutral-level2 glass-tier-high glass-relative glass-w-full glass-overflow-hidden bg-muted/30 glass-backdrop-blur-md glass-h-2 glass-radius-md"
                  data-performance-mode="medium"
                  id="progress-:r9:"
                  role="progressbar"
                  style="background-color: rgba(15, 23, 42, 0.22); --glass-text-primary: rgba(255,255,255,0.98); --glass-text-secondary: rgba(255,255,255,0.88); --typography-text-primary: rgba(255,255,255,0.98); --typography-text-secondary: rgba(255,255,255,0.88); border: 1px solid rgba(255,255,255,0.20); border-radius: 8px; box-shadow: 0px 8px 32px 0px rgba(0,0,0,0.22), inset 0 1px 0 rgba(255,255,255,0.22), inset 0 0 12px rgba(255,255,255,0.12); transition: all 200ms ease-out; position: relative; transform: translateZ(0);"
                >
                  <div
                    class="glass-h-full transition-all ease-out glass-relative glass-surface-primary"
                    style="width: 0%; transition-duration: 500ms;"
                  >
                    <div
                      class="glass-pointer-events-none glass-absolute glass-inset-0 glass-sheen"
                    />
                  </div>
                </div>
              </div>
            </div>
          </div>
        </div>
        <nav
          aria-label="Wizard steps"
          class="glass-flex glass-items-center glass-gap-1 glass-mt-4 glass-overflow-x-auto glass-pb-1 glass-min-w-0"
          style="overflow-x: auto;"
        />
      </div>
      <div
        class="card-content glass-p-4"
      >
        <div
          class="motion-primitive glass-min-h-160px glass-min-w-0"
        >
          <div
            class="glass-flex glass-items-center glass-justify-center glass-p-8"
          >
            <p
              class="glass-text-sm glass-text-primary-glass-opacity-60"
            >
              No steps configured
            </p>
          </div>
        </div>
      </div>
      <div
        class="glass-border-t glass-border-white/10 glass-p-4"
      >
        <div
          class="glass-flex glass-flex-wrap glass-items-center glass-justify-between glass-gap-3"
        >
          <div
            class="glass-flex glass-gap-2"
          />
          <div
            class="glass-flex glass-gap-2"
          >
            <div
              class="glass-inline-glass-block"
              data-glass-component="true"
            >
              <button
                class="inline-flex items-center justify-center font-medium transition-all duration-[300ms] ease-out glass-focus disabled:pointer-events-none disabled:opacity-50 relative overflow-hidden glass-overlay-specular glass-parallax h-10 px-4 text-sm glass-accent-primary glass-text-secondary hover:glass-text-primary glass-elev-0 glass-radius-md glass-magnet glass-ripple glass-press"
                data-button-size="md"
                data-button-variant="ghost"
                id="glass-button-:ra:"
              >
                Cancel
              </button>
            </div>
            <div
              class="glass-inline-glass-block"
              data-glass-component="true"
            >
              <button
                class="optimized-glass-surface glass-neutral-level2 glass-interactive glass-lift-on-hover glass-hover-sheen glass-press glass-tier-high inline-flex items-center justify-center font-medium transition-all duration-[300ms] ease-out glass-focus disabled:pointer-events-none disabled:opacity-50 relative overflow-hidden glass-overlay-specular glass-parallax h-10 px-4 text-sm glass-accent-primary glass-text-primary hover:glass-text-secondary glass-radius-md glass-ripple glass-magnet glass-flex glass-items-center glass-gap-2"
                data-button-size="md"
                data-button-variant="primary"
                data-caustics="true"
                data-magnet="true"
                data-performance-mode="ultra"
                id="glass-button-:rb:"
                style="background-color: rgba(15, 23, 42, 0.22); --glass-text-primary: rgba(255,255,255,0.98); --glass-text-secondary: rgba(255,255,255,0.88); --typography-text-primary: rgba(255,255,255,0.98); --typography-text-secondary: rgba(255,255,255,0.88); border: 1px solid rgba(255,255,255,0.20); border-radius: 8px; box-shadow: 0px 8px 32px 0px rgba(0,0,0,0.22), inset 0 1px 0 rgba(255,255,255,0.22), inset 0 0 12px rgba(255,255,255,0.12); transition: all 200ms ease-out, transform 200ms ease-out, transform 200ms ease-out, box-shadow 200ms ease-out, transform 200ms ease-out; position: relative; transform: translateZ(0); cursor: pointer; user-select: none;"
              >
                <span
                  class="glass-relative glass-z-10"
                >
                  <svg
                    aria-hidden="true"
                    class="glass-w-4 glass-h-4"
                    fill="none"
                    height="24"
                    stroke="currentColor"
                    stroke-linecap="round"
                    stroke-linejoin="round"
                    stroke-width="2"
                    viewBox="0 0 24 24"
                    width="24"
                    xmlns="http://www.w3.org/2000/svg"
                  >
                    <path
                      d="m5 12 4 4L19 6"
                    />
                  </svg>
                  Complete
                </span>
              </button>
            </div>
          </div>
        </div>
      </div>
    </div>
  </div>
</div>
`;
