// Jest Snapshot v1, https://goo.gl/fbAQLP

exports[`GlassToggle matches snapshot 1`] = `
<div
  class="motion-primitive glass-inline-glass-block"
  data-glass-component="true"
  tabindex="0"
>
  <div
    aria-label="Toggle"
    aria-pressed="false"
    class="optimized-glass-surface glass-neutral-level1 glass-tier-high relative flex items-center justify-center glass-gap-2 font-medium focus:outline-none focus:ring-2 glass-focus-ring-white-opacity-30 focus:ring-offset-2 focus:ring-offset-transparent disabled:opacity-50 glass-disabled-cursor-not-allowed disabled:hover:transform-none h-10 glass-px-4 glass-text-base glass-radius-lg glass-backdrop-blur-md border border-white/20 transition-all duration-[300ms] bg-black/20 hover:bg-black/30 glass-text-primary/80 hover:glass-text-primary hover:border-white/30 glass-hover-scale-105"
    data-liquid-glass-toggle="false"
    data-performance-mode="medium"
    data-testid="glasstoggle"
    role="button"
    style="background-color: rgba(15, 23, 42, 0.38); --glass-text-primary: rgba(255,255,255,0.98); --glass-text-secondary: rgba(255,255,255,0.88); --typography-text-primary: rgba(255,255,255,0.98); --typography-text-secondary: rgba(255,255,255,0.88); border: 1px solid rgba(148,163,184,0.18); border-radius: 8px; box-shadow: 0px 4px 16px 0px rgba(0,0,0,0.15); transition: all 200ms ease-out; position: relative; transform: translateZ(0);"
  />
</div>
`;
