// Jest Snapshot v1, https://goo.gl/fbAQLP

exports[`GlassMindMap matches snapshot 1`] = `
<div
  class="optimized-glass-surface glass-neutral-level1 glass-tier-high glass-mind-map glass-relative glass-overflow-hidden glass-max-w-full glass-surface-dark/30 glass-border glass-border-white/10"
  data-glass-component="true"
  style="background-color: rgba(15, 23, 42, 0.38); --glass-text-primary: rgba(255,255,255,0.98); --glass-text-secondary: rgba(255,255,255,0.88); --typography-text-primary: rgba(255,255,255,0.98); --typography-text-secondary: rgba(255,255,255,0.88); border: 1px solid rgba(148,163,184,0.18); border-radius: 8px; box-shadow: 0px 4px 16px 0px rgba(0,0,0,0.15); transition: all 200ms ease-out; position: relative; transform: translateZ(0); width: 100%; max-width: 100%; box-sizing: border-box;"
>
  <div
    class="glass-absolute glass-top-2 glass-left-2 glass-z-10 glass-flex glass-gap-2"
  >
    <div
      class="optimized-glass-surface glass-neutral-level2 glass-tier-high glass-px-2 glass-py-1 glass-radius-md glass-text-xs glass-cursor-pointer glass-surface-dark/40 hover:glass-surface-subtle/10 glass-focus glass-touch-target glass-contrast-guard"
      style="--glass-text-primary: rgba(255,255,255,0.98); --glass-text-secondary: rgba(255,255,255,0.88); --typography-text-primary: rgba(255,255,255,0.98); --typography-text-secondary: rgba(255,255,255,0.88); border: 1px solid rgba(148,163,184,0.2); border-radius: 8px; box-shadow: 0px 8px 24px 0px rgba(0,0,0,0.2); transition: all 200ms ease-out; position: relative; transform: translateZ(0);"
    >
      Reset Zoom
    </div>
    <div
      class="optimized-glass-surface glass-neutral-level2 glass-tier-high glass-px-2 glass-py-1 glass-radius-md glass-text-xs glass-surface-dark/40"
      style="--glass-text-primary: rgba(255,255,255,0.98); --glass-text-secondary: rgba(255,255,255,0.88); --typography-text-primary: rgba(255,255,255,0.98); --typography-text-secondary: rgba(255,255,255,0.88); border: 1px solid rgba(148,163,184,0.2); border-radius: 8px; box-shadow: 0px 8px 24px 0px rgba(0,0,0,0.2); transition: all 200ms ease-out; position: relative; transform: translateZ(0);"
    >
      Zoom: 
      100
      %
    </div>
  </div>
  <div
    class="glass-overflow-auto"
    style="width: 100%; height: 100%; min-width: 0; min-height: 0; cursor: grab;"
  >
    <svg
      class="glass-w-full glass-h-full"
      preserveAspectRatio="xMidYMid meet"
      style="transform: scale(1) translate(0px, 0px); transform-origin: center; overflow: visible;"
      viewBox="0 110 360 240"
    >
      <defs>
        <marker
          id="arrowhead"
          markerHeight="7"
          markerWidth="10"
          orient="auto"
          refX="9"
          refY="3.5"
        >
          <polygon
            fill="rgba(255, 255, 255, 0.32)"
            points="0 0, 10 3.5, 0 7"
          />
        </marker>
      </defs>
      <g>
        <g
          class="glass-cursor-pointer glass-focus glass-touch-target glass-contrast-guard glass-cursor-grab"
        >
          <circle
            cx="117"
            cy="198.5"
            fill="rgba(14, 25, 46, 0.86)"
            r="18.5"
            stroke="rgba(255, 255, 255, 0.22)"
            stroke-width="1"
          />
          <text
            class="glass-text-sm glass-fill-white glass-font-medium glass-pointer-events-none glass-select-none"
            fill="rgba(255, 255, 255, 0.94)"
            text-anchor="middle"
            x="117"
            y="202.5"
          >
            <tspan
              x="117"
            >
              Root
            </tspan>
          </text>
        </g>
      </g>
    </svg>
  </div>
</div>
`;
