// Jest Snapshot v1, https://goo.gl/fbAQLP

exports[`GlassThemeDemo matches snapshot 1`] = `
<div
  class="optimized-glass-surface glass-neutral-level3 glass-tier-high flex flex-col glass-gap-6 w-full glass-radius-xl p-8 relative overflow-hidden"
  style="--glass-text-primary: rgba(255,255,255,0.98); --glass-text-secondary: rgba(255,255,255,0.88); --typography-text-primary: rgba(255,255,255,0.98); --typography-text-secondary: rgba(255,255,255,0.88); border: 1px solid rgba(148,163,184,0.22); border-radius: 8px; box-shadow: 0px 12px 32px 0px rgba(0,0,0,0.25); transition: all 200ms ease-out; position: relative; transform: translateZ(0);"
>
  <div
    aria-hidden="true"
    style="position: absolute; inset: 0; pointer-events: none;"
  >
    <div
      aria-hidden="true"
      class="glass-absolute glass-inset-0 glass-pointer-events-none glass-z-2"
      id="cursor-glow-:r3l:"
      style="mix-blend-mode: screen; filter: blur(18px) saturate(136%);"
    />
  </div>
  <header
    class="glass-mb-4"
  >
    <h1
      class="glass-text-primary glass-text-5xl"
      style="margin-bottom: 8px; font-size: 2rem;"
    >
      Glass UI Theme Demo
    </h1>
    <p
      class="glass-text-primary glass-text-base"
    >
      Explore different theme options and see how components adapt to theme changes.
    </p>
  </header>
  <section
    class="glass-mt-6"
  >
    <div
      class="motion-primitive glass-w-full"
      data-glass-component="true"
    >
      <div
        class="optimized-glass-surface glass-neutral-level2 glass-tier-high glass-foundation-complete relative glass-radius-xl glass-overlay-noise glass-edge glass-overlay-specular glass-typography-reset duration-[300ms] ease-out glass-p-4 transition-none overflow-hidden"
        style="--glass-text-primary: rgba(255,255,255,0.98); --glass-text-secondary: rgba(255,255,255,0.88); --typography-text-primary: rgba(255,255,255,0.98); --typography-text-secondary: rgba(255,255,255,0.88); border: 1px solid rgba(148,163,184,0.2); border-radius: 8px; box-shadow: 0px 8px 24px 0px rgba(0,0,0,0.2); transition: all 200ms ease-out; position: relative; transform: translateZ(0);"
      >
        <div
          class="glass-relative glass-z-10"
        >
          <div
            class="card-header glass-pb-3"
          >
            <div
              class="glass-flex glass-items-center glass-justify-between"
            >
              <h2
                class="card-title glass-text-primary glass-font-semibold glass-flex glass-items-center glass-gap-2 glass-text-lg"
              >
                <svg
                  aria-hidden="true"
                  class="lucide lucide-palette glass-w-5 glass-h-5"
                  fill="none"
                  height="24"
                  stroke="currentColor"
                  stroke-linecap="round"
                  stroke-linejoin="round"
                  stroke-width="2"
                  viewBox="0 0 24 24"
                  width="24"
                  xmlns="http://www.w3.org/2000/svg"
                >
                  <path
                    d="M12 22a1 1 0 0 1 0-20 10 9 0 0 1 10 9 5 5 0 0 1-5 5h-2.25a1.75 1.75 0 0 0-1.4 2.8l.3.4a1.75 1.75 0 0 1-1.4 2.8z"
                  />
                  <circle
                    cx="13.5"
                    cy="6.5"
                    fill="currentColor"
                    r=".5"
                  />
                  <circle
                    cx="17.5"
                    cy="10.5"
                    fill="currentColor"
                    r=".5"
                  />
                  <circle
                    cx="6.5"
                    cy="12.5"
                    fill="currentColor"
                    r=".5"
                  />
                  <circle
                    cx="8.5"
                    cy="7.5"
                    fill="currentColor"
                    r=".5"
                  />
                </svg>
                Theme
              </h2>
            </div>
          </div>
          <div
            class="card-content glass-pt-0"
          >
            <div
              class="grid glass-gap-3 mb-6 grid-cols-1 sm:grid-cols-2 lg:grid-cols-3"
            >
              <div
                class="motion-primitive relative glass-radius-lg cursor-pointer transition-all duration-200 glass-p-4 hover:scale-[1.02] hover:shadow-lg glass-focus glass-touch-target glass-contrast-guard ring-2 ring-primary bg-primary/20"
              >
                <div
                  class="glass-w-full glass-radius-md glass-ring-1 glass-ring-white-opacity-10 glass-h-16 glass-mb-3"
                  style="--preview-primary: var(--glass-color-primary); --preview-secondary: #64748b;"
                >
                  <div
                    class="glass-p-2 glass-gap-1"
                  >
                    <div
                      class="glass-h-2 glass-radius-md"
                    />
                    <div
                      class="glass-h-1 glass-radius-md"
                    />
                  </div>
                </div>
                <div
                  class="glass-flex glass-items-center glass-justify-between"
                >
                  <div
                    class="glass-flex glass-items-center glass-gap-2"
                  >
                    <svg
                      aria-hidden="true"
                      class="lucide lucide-sun glass-w-4 glass-h-4"
                      fill="none"
                      height="24"
                      stroke="currentColor"
                      stroke-linecap="round"
                      stroke-linejoin="round"
                      stroke-width="2"
                      viewBox="0 0 24 24"
                      width="24"
                      xmlns="http://www.w3.org/2000/svg"
                    >
                      <circle
                        cx="12"
                        cy="12"
                        r="4"
                      />
                      <path
                        d="M12 2v2"
                      />
                      <path
                        d="M12 20v2"
                      />
                      <path
                        d="m4.93 4.93 1.41 1.41"
                      />
                      <path
                        d="m17.66 17.66 1.41 1.41"
                      />
                      <path
                        d="M2 12h2"
                      />
                      <path
                        d="M20 12h2"
                      />
                      <path
                        d="m6.34 17.66-1.41 1.41"
                      />
                      <path
                        d="m19.07 4.93-1.41 1.41"
                      />
                    </svg>
                    <span
                      class="glass-font-medium glass-text-sm"
                    >
                      Light
                    </span>
                  </div>
                  <svg
                    aria-hidden="true"
                    class="lucide lucide-check glass-w-4 glass-h-4 glass-text-primary"
                    fill="none"
                    height="24"
                    stroke="currentColor"
                    stroke-linecap="round"
                    stroke-linejoin="round"
                    stroke-width="2"
                    viewBox="0 0 24 24"
                    width="24"
                    xmlns="http://www.w3.org/2000/svg"
                  >
                    <path
                      d="M20 6 9 17l-5-5"
                    />
                  </svg>
                </div>
              </div>
              <div
                class="motion-primitive relative glass-radius-lg cursor-pointer transition-all duration-200 glass-p-4 hover:scale-[1.02] hover:shadow-lg glass-focus glass-touch-target glass-contrast-guard ring-1 ring-white/10 bg-white/5 hover:ring-white/30"
              >
                <div
                  class="glass-w-full glass-radius-md glass-ring-1 glass-ring-white-opacity-10 glass-h-16 glass-mb-3"
                  style="background-color: rgb(15, 23, 42); --preview-primary: var(--glass-color-primary-light); --preview-secondary: #94a3b8;"
                >
                  <div
                    class="glass-p-2 glass-gap-1"
                  >
                    <div
                      class="glass-h-2 glass-radius-md"
                    />
                    <div
                      class="glass-h-1 glass-radius-md"
                    />
                  </div>
                </div>
                <div
                  class="glass-flex glass-items-center glass-justify-between"
                >
                  <div
                    class="glass-flex glass-items-center glass-gap-2"
                  >
                    <svg
                      aria-hidden="true"
                      class="lucide lucide-moon glass-w-4 glass-h-4"
                      fill="none"
                      height="24"
                      stroke="currentColor"
                      stroke-linecap="round"
                      stroke-linejoin="round"
                      stroke-width="2"
                      viewBox="0 0 24 24"
                      width="24"
                      xmlns="http://www.w3.org/2000/svg"
                    >
                      <path
                        d="M20.985 12.486a9 9 0 1 1-9.473-9.472c.405-.022.617.46.402.803a6 6 0 0 0 8.268 8.268c.344-.215.825-.004.803.401"
                      />
                    </svg>
                    <span
                      class="glass-font-medium glass-text-sm"
                    >
                      Dark
                    </span>
                  </div>
                </div>
              </div>
              <div
                class="motion-primitive relative glass-radius-lg cursor-pointer transition-all duration-200 glass-p-4 hover:scale-[1.02] hover:shadow-lg glass-focus glass-touch-target glass-contrast-guard ring-1 ring-white/10 bg-white/5 hover:ring-white/30"
              >
                <div
                  class="glass-w-full glass-radius-md glass-ring-1 glass-ring-white-opacity-10 glass-h-16 glass-mb-3"
                  style="background-color: rgb(248, 250, 252); color: rgb(30, 41, 59); --preview-primary: #8b5cf6; --preview-secondary: #64748b;"
                >
                  <div
                    class="glass-p-2 glass-gap-1"
                  >
                    <div
                      class="glass-h-2 glass-radius-md"
                    />
                    <div
                      class="glass-h-1 glass-radius-md"
                    />
                  </div>
                </div>
                <div
                  class="glass-flex glass-items-center glass-justify-between"
                >
                  <div
                    class="glass-flex glass-items-center glass-gap-2"
                  >
                    <svg
                      aria-hidden="true"
                      class="lucide lucide-monitor glass-w-4 glass-h-4"
                      fill="none"
                      height="24"
                      stroke="currentColor"
                      stroke-linecap="round"
                      stroke-linejoin="round"
                      stroke-width="2"
                      viewBox="0 0 24 24"
                      width="24"
                      xmlns="http://www.w3.org/2000/svg"
                    >
                      <rect
                        height="14"
                        rx="2"
                        width="20"
                        x="2"
                        y="3"
                      />
                      <line
                        x1="8"
                        x2="16"
                        y1="21"
                        y2="21"
                      />
                      <line
                        x1="12"
                        x2="12"
                        y1="17"
                        y2="21"
                      />
                    </svg>
                    <span
                      class="glass-font-medium glass-text-sm"
                    >
                      System
                    </span>
                  </div>
                </div>
              </div>
            </div>
          </div>
        </div>
      </div>
    </div>
  </section>
  <section
    class="glass-mt-6"
  >
    <div
      class="glass-tabs w-full"
      data-orientation="horizontal"
      role="navigation"
    >
      <div
        aria-orientation="horizontal"
        class="optimized-glass-surface glass-neutral-level1 glass-tier-high glass-max-w-full glass-items-center glass-justify-start glass-flex glass-flex-row glass-overflow-x-auto glass-overflow-y-hidden glass-tabs-list glass-radius-xl glass-p-1 glass-gap-2 glass-radius-xl"
        data-performance-mode="medium"
        role="tablist"
        style="background-color: rgba(15, 23, 42, 0.38); --glass-text-primary: rgba(255,255,255,0.98); --glass-text-secondary: rgba(255,255,255,0.88); --typography-text-primary: rgba(255,255,255,0.98); --typography-text-secondary: rgba(255,255,255,0.88); border: 1px solid rgba(148,163,184,0.18); border-radius: 8px; box-shadow: 0px 4px 16px 0px rgba(0,0,0,0.15); transition: all 200ms ease-out; position: relative; transform: translateZ(0);"
      >
        <div
          class="motion-primitive glass-relative glass-inline-glass-block glass-flex-shrink-0"
        >
          <div
            class="glass-inline-glass-block"
            data-glass-component="true"
          >
            <button
              aria-controls="content-inputs"
              aria-selected="true"
              class="optimized-glass-surface glass-neutral-level2 glass-interactive glass-lift-on-hover glass-hover-sheen glass-press glass-tier-high inline-flex items-center justify-center font-medium transition-all duration-[300ms] ease-out glass-focus relative overflow-hidden glass-overlay-specular glass-parallax h-10 px-4 text-sm glass-accent-primary glass-text-primary hover:glass-text-secondary glass-radius-md glass-ripple glass-magnet glass-inline-flex glass-min-w-max glass-max-w-full glass-flex-shrink-0 glass-items-center glass-justify-center glass-gap-2 glass-whitespace-nowrap glass-radius-lg glass-px-3 glass-py-2 glass-text-sm glass-font-medium glass-transition-all glass-duration-200 focus-visible:outline-none focus-visible:ring-2 focus-visible:ring-primary focus-visible:ring-offset-2 disabled:pointer-events-none disabled:opacity-50 glass-surface-subtle glass-text-primary glass-shadow-md glass-border glass-border-glass-border/20"
              data-button-size="md"
              data-button-variant="default"
              data-magnet="true"
              data-performance-mode="ultra"
              data-state="active"
              data-value="inputs"
              id="trigger-inputs"
              role="tab"
              style="--glass-text-primary: rgba(255,255,255,0.98); --glass-text-secondary: rgba(255,255,255,0.88); --typography-text-primary: rgba(255,255,255,0.98); --typography-text-secondary: rgba(255,255,255,0.88); border: 1px solid rgba(148,163,184,0.2); border-radius: 8px; box-shadow: 0px 8px 24px 0px rgba(0,0,0,0.2); transition: all 200ms ease-out, transform 200ms ease-out, transform 200ms ease-out, box-shadow 200ms ease-out, transform 200ms ease-out; position: relative; transform: translateZ(0); cursor: pointer; user-select: none;"
            >
              <span
                class="glass-relative glass-z-10"
              >
                <span
                  class="glass-min-w-0 glass-truncate"
                >
                  Input Components
                </span>
              </span>
            </button>
          </div>
        </div>
        <div
          class="motion-primitive glass-relative glass-inline-glass-block glass-flex-shrink-0"
        >
          <div
            class="glass-inline-glass-block"
            data-glass-component="true"
          >
            <button
              aria-controls="content-feedback"
              aria-selected="false"
              class="optimized-glass-surface glass-neutral-level2 glass-interactive glass-lift-on-hover glass-hover-sheen glass-press glass-tier-high inline-flex items-center justify-center font-medium transition-all duration-[300ms] ease-out glass-focus relative overflow-hidden glass-overlay-specular glass-parallax h-10 px-4 text-sm glass-accent-primary glass-text-primary hover:glass-text-secondary glass-radius-md glass-ripple glass-magnet glass-inline-flex glass-min-w-max glass-max-w-full glass-flex-shrink-0 glass-items-center glass-justify-center glass-gap-2 glass-whitespace-nowrap glass-radius-lg glass-px-3 glass-py-2 glass-text-sm glass-font-medium glass-transition-all glass-duration-200 focus-visible:outline-none focus-visible:ring-2 focus-visible:ring-primary focus-visible:ring-offset-2 disabled:pointer-events-none disabled:opacity-50 glass-text-secondary hover:glass-text-primary hover:glass-surface-subtle/50"
              data-button-size="md"
              data-button-variant="default"
              data-magnet="true"
              data-performance-mode="ultra"
              data-state="inactive"
              data-value="feedback"
              id="trigger-feedback"
              role="tab"
              style="--glass-text-primary: rgba(255,255,255,0.98); --glass-text-secondary: rgba(255,255,255,0.88); --typography-text-primary: rgba(255,255,255,0.98); --typography-text-secondary: rgba(255,255,255,0.88); border: 1px solid rgba(148,163,184,0.2); border-radius: 8px; box-shadow: 0px 8px 24px 0px rgba(0,0,0,0.2); transition: all 200ms ease-out, transform 200ms ease-out, transform 200ms ease-out, box-shadow 200ms ease-out, transform 200ms ease-out; position: relative; transform: translateZ(0); cursor: pointer; user-select: none;"
            >
              <span
                class="glass-relative glass-z-10"
              >
                <span
                  class="glass-min-w-0 glass-truncate"
                >
                  Feedback Components
                </span>
              </span>
            </button>
          </div>
        </div>
        <div
          class="motion-primitive glass-relative glass-inline-glass-block glass-flex-shrink-0"
        >
          <div
            class="glass-inline-glass-block"
            data-glass-component="true"
          >
            <button
              aria-controls="content-layout"
              aria-selected="false"
              class="optimized-glass-surface glass-neutral-level2 glass-interactive glass-lift-on-hover glass-hover-sheen glass-press glass-tier-high inline-flex items-center justify-center font-medium transition-all duration-[300ms] ease-out glass-focus relative overflow-hidden glass-overlay-specular glass-parallax h-10 px-4 text-sm glass-accent-primary glass-text-primary hover:glass-text-secondary glass-radius-md glass-ripple glass-magnet glass-inline-flex glass-min-w-max glass-max-w-full glass-flex-shrink-0 glass-items-center glass-justify-center glass-gap-2 glass-whitespace-nowrap glass-radius-lg glass-px-3 glass-py-2 glass-text-sm glass-font-medium glass-transition-all glass-duration-200 focus-visible:outline-none focus-visible:ring-2 focus-visible:ring-primary focus-visible:ring-offset-2 disabled:pointer-events-none disabled:opacity-50 glass-text-secondary hover:glass-text-primary hover:glass-surface-subtle/50"
              data-button-size="md"
              data-button-variant="default"
              data-magnet="true"
              data-performance-mode="ultra"
              data-state="inactive"
              data-value="layout"
              id="trigger-layout"
              role="tab"
              style="--glass-text-primary: rgba(255,255,255,0.98); --glass-text-secondary: rgba(255,255,255,0.88); --typography-text-primary: rgba(255,255,255,0.98); --typography-text-secondary: rgba(255,255,255,0.88); border: 1px solid rgba(148,163,184,0.2); border-radius: 8px; box-shadow: 0px 8px 24px 0px rgba(0,0,0,0.2); transition: all 200ms ease-out, transform 200ms ease-out, transform 200ms ease-out, box-shadow 200ms ease-out, transform 200ms ease-out; position: relative; transform: translateZ(0); cursor: pointer; user-select: none;"
            >
              <span
                class="glass-relative glass-z-10"
              >
                <span
                  class="glass-min-w-0 glass-truncate"
                >
                  Layout Components
                </span>
              </span>
            </button>
          </div>
        </div>
        <div
          class="motion-primitive glass-relative glass-inline-glass-block glass-flex-shrink-0"
        >
          <div
            class="glass-inline-glass-block"
            data-glass-component="true"
          >
            <button
              aria-controls="content-navigation"
              aria-selected="false"
              class="optimized-glass-surface glass-neutral-level2 glass-interactive glass-lift-on-hover glass-hover-sheen glass-press glass-tier-high inline-flex items-center justify-center font-medium transition-all duration-[300ms] ease-out glass-focus relative overflow-hidden glass-overlay-specular glass-parallax h-10 px-4 text-sm glass-accent-primary glass-text-primary hover:glass-text-secondary glass-radius-md glass-ripple glass-magnet glass-inline-flex glass-min-w-max glass-max-w-full glass-flex-shrink-0 glass-items-center glass-justify-center glass-gap-2 glass-whitespace-nowrap glass-radius-lg glass-px-3 glass-py-2 glass-text-sm glass-font-medium glass-transition-all glass-duration-200 focus-visible:outline-none focus-visible:ring-2 focus-visible:ring-primary focus-visible:ring-offset-2 disabled:pointer-events-none disabled:opacity-50 glass-text-secondary hover:glass-text-primary hover:glass-surface-subtle/50"
              data-button-size="md"
              data-button-variant="default"
              data-magnet="true"
              data-performance-mode="ultra"
              data-state="inactive"
              data-value="navigation"
              id="trigger-navigation"
              role="tab"
              style="--glass-text-primary: rgba(255,255,255,0.98); --glass-text-secondary: rgba(255,255,255,0.88); --typography-text-primary: rgba(255,255,255,0.98); --typography-text-secondary: rgba(255,255,255,0.88); border: 1px solid rgba(148,163,184,0.2); border-radius: 8px; box-shadow: 0px 8px 24px 0px rgba(0,0,0,0.2); transition: all 200ms ease-out, transform 200ms ease-out, transform 200ms ease-out, box-shadow 200ms ease-out, transform 200ms ease-out; position: relative; transform: translateZ(0); cursor: pointer; user-select: none;"
            >
              <span
                class="glass-relative glass-z-10"
              >
                <span
                  class="glass-min-w-0 glass-truncate"
                >
                  Navigation Components
                </span>
              </span>
            </button>
          </div>
        </div>
        <div
          class="motion-primitive glass-relative glass-inline-glass-block glass-flex-shrink-0"
        >
          <div
            class="glass-inline-glass-block"
            data-glass-component="true"
          >
            <button
              aria-controls="content-display"
              aria-selected="false"
              class="optimized-glass-surface glass-neutral-level2 glass-interactive glass-lift-on-hover glass-hover-sheen glass-press glass-tier-high inline-flex items-center justify-center font-medium transition-all duration-[300ms] ease-out glass-focus relative overflow-hidden glass-overlay-specular glass-parallax h-10 px-4 text-sm glass-accent-primary glass-text-primary hover:glass-text-secondary glass-radius-md glass-ripple glass-magnet glass-inline-flex glass-min-w-max glass-max-w-full glass-flex-shrink-0 glass-items-center glass-justify-center glass-gap-2 glass-whitespace-nowrap glass-radius-lg glass-px-3 glass-py-2 glass-text-sm glass-font-medium glass-transition-all glass-duration-200 focus-visible:outline-none focus-visible:ring-2 focus-visible:ring-primary focus-visible:ring-offset-2 disabled:pointer-events-none disabled:opacity-50 glass-text-secondary hover:glass-text-primary hover:glass-surface-subtle/50"
              data-button-size="md"
              data-button-variant="default"
              data-magnet="true"
              data-performance-mode="ultra"
              data-state="inactive"
              data-value="display"
              id="trigger-display"
              role="tab"
              style="--glass-text-primary: rgba(255,255,255,0.98); --glass-text-secondary: rgba(255,255,255,0.88); --typography-text-primary: rgba(255,255,255,0.98); --typography-text-secondary: rgba(255,255,255,0.88); border: 1px solid rgba(148,163,184,0.2); border-radius: 8px; box-shadow: 0px 8px 24px 0px rgba(0,0,0,0.2); transition: all 200ms ease-out, transform 200ms ease-out, transform 200ms ease-out, box-shadow 200ms ease-out, transform 200ms ease-out; position: relative; transform: translateZ(0); cursor: pointer; user-select: none;"
            >
              <span
                class="glass-relative glass-z-10"
              >
                <span
                  class="glass-min-w-0 glass-truncate"
                >
                  Display Components
                </span>
              </span>
            </button>
          </div>
        </div>
      </div>
      <div
        class="motion-primitive glass-tabs-content mt-6 focus-visible:outline-none focus-visible:ring-2 focus-visible:ring-primary focus-visible:ring-offset-2"
      >
        <div
          aria-labelledby="trigger-inputs"
          data-state="active"
          id="content-inputs"
          role="tabpanel"
          tabindex="0"
        >
          <div
            class="glass-grid glass-grid-cols-1 md:glass-grid-cols-2 lg:glass-grid-cols-3 glass-gap-6 glass-mt-4"
          >
            <div
              class="optimized-glass-surface glass-neutral-level2 glass-tier-high glass-foundation-complete relative glass-radius-xl overflow-hidden glass-overlay-noise glass-edge glass-overlay-specular glass-typography-reset ease-out glass-p-4 p-5 h-full flex flex-col transition-all duration-200"
              style="--glass-text-primary: rgba(255,255,255,0.98); --glass-text-secondary: rgba(255,255,255,0.88); --typography-text-primary: rgba(255,255,255,0.98); --typography-text-secondary: rgba(255,255,255,0.88); border: 1px solid rgba(148,163,184,0.2); border-radius: 8px; box-shadow: 0px 8px 24px 0px rgba(0,0,0,0.2); transition: all 200ms ease-out; position: relative; transform: translateZ(0);"
            >
              <div
                class="glass-relative glass-z-10"
              >
                <h2
                  class="glass-text-primary glass-text-4xl glass-mb-4 glass-font-semibold"
                >
                  Button
                </h2>
                <div
                  class="motion-safe:transition-all motion-reduce:transition-none"
                  style="display: flex; flex-direction: column; gap: 8px;"
                >
                  <div
                    class="glass-inline-glass-block"
                    data-glass-component="true"
                  >
                    <button
                      class="optimized-glass-surface glass-neutral-level2 glass-interactive glass-lift-on-hover glass-hover-sheen glass-press glass-tier-high inline-flex items-center justify-center font-medium transition-all duration-[300ms] ease-out glass-focus disabled:pointer-events-none disabled:opacity-50 relative overflow-hidden glass-overlay-specular glass-parallax h-10 px-4 text-sm glass-accent-primary glass-text-primary hover:glass-text-secondary glass-radius-md glass-ripple glass-magnet"
                      data-button-size="md"
                      data-button-variant="primary"
                      data-caustics="true"
                      data-magnet="true"
                      data-performance-mode="ultra"
                      id="glass-button-:r3s:"
                      style="--glass-text-primary: rgba(255,255,255,0.98); --glass-text-secondary: rgba(255,255,255,0.88); --typography-text-primary: rgba(255,255,255,0.98); --typography-text-secondary: rgba(255,255,255,0.88); border: 1px solid rgba(148,163,184,0.2); border-radius: 8px; box-shadow: 0px 8px 24px 0px rgba(0,0,0,0.2); transition: all 200ms ease-out, transform 200ms ease-out, transform 200ms ease-out, box-shadow 200ms ease-out, transform 200ms ease-out; position: relative; transform: translateZ(0); cursor: pointer; user-select: none;"
                    >
                      <span
                        class="glass-relative glass-z-10"
                      >
                        Primary
                      </span>
                    </button>
                  </div>
                  <div
                    class="glass-inline-glass-block"
                    data-glass-component="true"
                  >
                    <button
                      class="optimized-glass-surface glass-neutral-level2 glass-interactive glass-lift-on-hover glass-hover-sheen glass-press glass-tier-high inline-flex items-center justify-center font-medium transition-all duration-[300ms] ease-out glass-focus disabled:pointer-events-none disabled:opacity-50 relative overflow-hidden glass-overlay-specular glass-parallax h-10 px-4 text-sm glass-accent-primary glass-text-primary hover:glass-text-secondary glass-radius-md glass-ripple glass-magnet"
                      data-adaptive="true"
                      data-button-size="md"
                      data-button-variant="outline"
                      data-magnet="true"
                      data-performance-mode="ultra"
                      id="glass-button-:r3t:"
                      style="--glass-text-primary: rgba(255,255,255,0.98); --glass-text-secondary: rgba(255,255,255,0.88); --typography-text-primary: rgba(255,255,255,0.98); --typography-text-secondary: rgba(255,255,255,0.88); border: 1px solid rgba(148,163,184,0.2); border-radius: 8px; box-shadow: 0px 8px 24px 0px rgba(0,0,0,0.2); transition: all 200ms ease-out, transform 200ms ease-out, transform 200ms ease-out, box-shadow 200ms ease-out, transform 200ms ease-out; position: relative; transform: translateZ(0); cursor: pointer; user-select: none;"
                    >
                      <span
                        class="glass-relative glass-z-10"
                      >
                        Outline
                      </span>
                    </button>
                  </div>
                  <div
                    class="glass-inline-glass-block"
                    data-glass-component="true"
                  >
                    <button
                      class="inline-flex items-center justify-center font-medium transition-all duration-[300ms] ease-out glass-focus disabled:pointer-events-none disabled:opacity-50 relative overflow-hidden glass-overlay-specular glass-parallax h-10 px-4 text-sm glass-accent-primary glass-text-secondary hover:glass-text-primary glass-elev-0 glass-radius-md glass-magnet glass-ripple glass-press"
                      data-button-size="md"
                      data-button-variant="ghost"
                      id="glass-button-:r3u:"
                    >
                      Ghost
                    </button>
                  </div>
                </div>
              </div>
            </div>
            <div
              class="optimized-glass-surface glass-neutral-level2 glass-tier-high glass-foundation-complete relative glass-radius-xl overflow-hidden glass-overlay-noise glass-edge glass-overlay-specular glass-typography-reset ease-out glass-p-4 p-5 h-full flex flex-col transition-all duration-200"
              style="--glass-text-primary: rgba(255,255,255,0.98); --glass-text-secondary: rgba(255,255,255,0.88); --typography-text-primary: rgba(255,255,255,0.98); --typography-text-secondary: rgba(255,255,255,0.88); border: 1px solid rgba(148,163,184,0.2); border-radius: 8px; box-shadow: 0px 8px 24px 0px rgba(0,0,0,0.2); transition: all 200ms ease-out; position: relative; transform: translateZ(0);"
            >
              <div
                class="glass-relative glass-z-10"
              >
                <h2
                  class="glass-text-primary glass-text-4xl glass-mb-4 glass-font-semibold"
                >
                  Text Field
                </h2>
                <div
                  class="motion-safe:transition-all motion-reduce:transition-none"
                  style="display: flex; flex-direction: column; gap: 8px;"
                >
                  <div
                    class="glass-relative glass-min-w-0"
                    data-glass-component="true"
                    data-testid="glassinput"
                  >
                    <div
                      class="optimized-glass-surface glass-neutral-level1 glass-lift-on-hover glass-press glass-tier-high glass-relative glass-flex glass-items-center glass-transition-all glass-duration-200 glass-radius-2xl glass-surface-dark/30 glass-border glass-border-white/10 glass-h-10 glass-px-4 glass-text-sm glass-surface-dark/30 glass-border glass-border-white/10 focus:glass-border-blue"
                      data-performance-mode="medium"
                      style="background-color: rgba(15, 23, 42, 0.38); --glass-text-primary: rgba(255,255,255,0.98); --glass-text-secondary: rgba(255,255,255,0.88); --typography-text-primary: rgba(255,255,255,0.98); --typography-text-secondary: rgba(255,255,255,0.88); border: 1px solid rgba(148, 163, 184, 0.24); border-radius: 8px; box-shadow: 0 8px 22px rgba(2, 6, 23, 0.18), inset 0 1px 0 rgba(255, 255, 255, 0.08); transition: all 200ms ease-out, transform 200ms ease-out, transform 200ms ease-out; position: relative; transform: translateZ(0);"
                    >
                      <input
                        aria-label="Standard"
                        class="glass-flex-1 glass-bg-transparent glass-border-0 glass-outline-none glass-pulse-ring glass-text-primary glass-min-w-0"
                        id="glass-input-:r40:"
                        placeholder="Standard"
                      />
                      <div
                        class="glass-flex glass-items-center glass-gap-1"
                      />
                    </div>
                  </div>
                  <div
                    class="glass-relative glass-min-w-0"
                    data-glass-component="true"
                    data-testid="glassinput"
                  >
                    <div
                      class="optimized-glass-surface glass-neutral-level1 glass-lift-on-hover glass-press glass-tier-high glass-relative glass-flex glass-items-center glass-transition-all glass-duration-200 glass-radius-2xl glass-surface-dark/30 glass-border glass-border-white/10 glass-h-10 glass-px-4 glass-text-sm glass-surface-dark/30 glass-border glass-border-white/10 focus:glass-border-blue"
                      data-performance-mode="medium"
                      style="background-color: rgba(15, 23, 42, 0.38); --glass-text-primary: rgba(255,255,255,0.98); --glass-text-secondary: rgba(255,255,255,0.88); --typography-text-primary: rgba(255,255,255,0.98); --typography-text-secondary: rgba(255,255,255,0.88); border: 1px solid rgba(148, 163, 184, 0.24); border-radius: 8px; box-shadow: 0 8px 22px rgba(2, 6, 23, 0.18), inset 0 1px 0 rgba(255, 255, 255, 0.08); transition: all 200ms ease-out, transform 200ms ease-out, transform 200ms ease-out; position: relative; transform: translateZ(0);"
                    >
                      <input
                        aria-label="With placeholder"
                        class="glass-flex-1 glass-bg-transparent glass-border-0 glass-outline-none glass-pulse-ring glass-text-primary glass-min-w-0"
                        id="glass-input-:r41:"
                        placeholder="With placeholder"
                      />
                      <div
                        class="glass-flex glass-items-center glass-gap-1"
                      />
                    </div>
                  </div>
                  <div
                    class="glass-relative glass-min-w-0"
                    data-glass-component="true"
                    data-testid="glassinput"
                  >
                    <div
                      class="optimized-glass-surface glass-neutral-level1 glass-lift-on-hover glass-press glass-tier-high glass-relative glass-flex glass-items-center glass-transition-all glass-duration-200 glass-radius-2xl glass-surface-dark/30 glass-border glass-border-white/10 glass-h-10 glass-px-4 glass-text-sm glass-surface-dark/30 glass-border glass-border-white/10 focus:glass-border-blue glass-opacity-50"
                      data-performance-mode="medium"
                      style="background-color: rgba(15, 23, 42, 0.38); --glass-text-primary: rgba(255,255,255,0.98); --glass-text-secondary: rgba(255,255,255,0.88); --typography-text-primary: rgba(255,255,255,0.98); --typography-text-secondary: rgba(255,255,255,0.88); border: 1px solid rgba(148, 163, 184, 0.24); border-radius: 8px; box-shadow: 0 8px 22px rgba(2, 6, 23, 0.18), inset 0 1px 0 rgba(255, 255, 255, 0.08); transition: all 200ms ease-out, transform 200ms ease-out, transform 200ms ease-out; position: relative; transform: translateZ(0);"
                    >
                      <input
                        aria-disabled="true"
                        aria-label="Disabled"
                        class="glass-flex-1 glass-bg-transparent glass-border-0 glass-outline-none glass-pulse-ring glass-text-primary glass-min-w-0"
                        disabled=""
                        id="glass-input-:r42:"
                        placeholder="Disabled"
                      />
                      <div
                        class="glass-flex glass-items-center glass-gap-1"
                      />
                    </div>
                  </div>
                </div>
              </div>
            </div>
            <div
              class="optimized-glass-surface glass-neutral-level2 glass-tier-high glass-foundation-complete relative glass-radius-xl overflow-hidden glass-overlay-noise glass-edge glass-overlay-specular glass-typography-reset ease-out glass-p-4 p-5 h-full flex flex-col transition-all duration-200"
              style="--glass-text-primary: rgba(255,255,255,0.98); --glass-text-secondary: rgba(255,255,255,0.88); --typography-text-primary: rgba(255,255,255,0.98); --typography-text-secondary: rgba(255,255,255,0.88); border: 1px solid rgba(148,163,184,0.2); border-radius: 8px; box-shadow: 0px 8px 24px 0px rgba(0,0,0,0.2); transition: all 200ms ease-out; position: relative; transform: translateZ(0);"
            >
              <div
                class="glass-relative glass-z-10"
              >
                <h2
                  class="glass-text-primary glass-text-4xl glass-mb-4 glass-font-semibold"
                >
                  Select
                </h2>
                <div
                  class="relative inline-block"
                  data-glass-component="true"
                  data-testid="glassselect"
                >
                  <select
                    aria-label="Select Option"
                    class="glass-sr-only glass-touch-target glass-contrast-guard"
                  >
                    <option
                      value="option1"
                    >
                      Option 1
                    </option>
                    <option
                      value="option2"
                    >
                      Option 2
                    </option>
                    <option
                      value="option3"
                    >
                      Option 3
                    </option>
                  </select>
                  <div
                    class="relative inline-block h-10 glass-px-4 glass-text-sm"
                  >
                    <div
                      class="glass-inline-glass-block"
                      data-glass-component="true"
                    >
                      <button
                        aria-expanded="false"
                        aria-haspopup="listbox"
                        aria-label="Select Option"
                        class="optimized-glass-surface glass-neutral-level2 glass-interactive glass-lift-on-hover glass-hover-sheen glass-press glass-tier-high inline-flex items-center justify-center font-medium transition-all duration-[300ms] ease-out glass-focus disabled:pointer-events-none disabled:opacity-50 relative overflow-hidden glass-overlay-specular glass-parallax h-10 px-4 text-sm glass-accent-primary glass-text-primary hover:glass-text-secondary glass-radius-md glass-ripple glass-magnet glass-w-full glass-flex glass-items-center glass-justify-between glass-surface-dark/20 hover:glass-surface-dark/30 glass-border glass-border-white/20 hover:glass-border-white/30 glass-radius-xl glass-outline-none glass-text-left glass-text-primary-glass-opacity-90 hover:glass-text-primary glass-backdrop-blur-sm glass-focus glass-touch-target glass-contrast-guard"
                        data-button-size="md"
                        data-button-variant="default"
                        data-magnet="true"
                        data-performance-mode="ultra"
                        id="glass-button-:r43:"
                        style="--glass-text-primary: rgba(255,255,255,0.98); --glass-text-secondary: rgba(255,255,255,0.88); --typography-text-primary: rgba(255,255,255,0.98); --typography-text-secondary: rgba(255,255,255,0.88); border: 1px solid rgba(148,163,184,0.2); border-radius: 8px; box-shadow: 0px 8px 24px 0px rgba(0,0,0,0.2); transition: all 200ms ease-out, transform 200ms ease-out, transform 200ms ease-out, box-shadow 200ms ease-out, transform 200ms ease-out; position: relative; transform: translateZ(0); cursor: pointer; user-select: none;"
                        type="button"
                      >
                        <span
                          class="glass-relative glass-z-10"
                        >
                          <div
                            class="glass-flex glass-items-center glass-flex-1 glass-min-w-0"
                          >
                            <span
                              class="flex-1 truncate glass-text-primary/60"
                            >
                              Select Option
                            </span>
                          </div>
                          <div
                            class="glass-flex glass-items-center glass-gap-2 glass-ml-2"
                          >
                            <div
                              class="transition-transform duration-200 glass-text-primary/70 rotate-0"
                            >
                              ▼
                            </div>
                          </div>
                        </span>
                      </button>
                    </div>
                  </div>
                </div>
              </div>
            </div>
            <div
              class="optimized-glass-surface glass-neutral-level2 glass-tier-high glass-foundation-complete relative glass-radius-xl overflow-hidden glass-overlay-noise glass-edge glass-overlay-specular glass-typography-reset ease-out glass-p-4 p-5 h-full flex flex-col transition-all duration-200"
              style="--glass-text-primary: rgba(255,255,255,0.98); --glass-text-secondary: rgba(255,255,255,0.88); --typography-text-primary: rgba(255,255,255,0.98); --typography-text-secondary: rgba(255,255,255,0.88); border: 1px solid rgba(148,163,184,0.2); border-radius: 8px; box-shadow: 0px 8px 24px 0px rgba(0,0,0,0.2); transition: all 200ms ease-out; position: relative; transform: translateZ(0);"
            >
              <div
                class="glass-relative glass-z-10"
              >
                <h2
                  class="glass-text-primary glass-text-4xl glass-mb-4 glass-font-semibold"
                >
                  Checkbox & Radio
                </h2>
                <div
                  class="motion-safe:transition-all motion-reduce:transition-none"
                  style="display: flex; flex-direction: column; gap: 8px;"
                >
                  <div
                    class="glass-flex glass-flex-row glass-items-start glass-gap-3"
                    data-testid="glasscheckbox"
                  >
                    <div
                      class="glass-flex glass-items-start glass-pt-0.5"
                    >
                      <div
                        class="glass-relative glass-inline-flex glass-items-center"
                        data-testid="glasscheckbox"
                      >
                        <input
                          aria-label="Checkbox Option"
                          aria-labelledby="glass-checkbox-label-:r46:"
                          class="glass-sr-only glass-touch-target glass-contrast-guard"
                          id="glass-checkbox-:r45:"
                          type="checkbox"
                        />
                        <div
                          aria-checked="false"
                          aria-label="Checkbox Option"
                          aria-labelledby="glass-checkbox-label-:r46:"
                          class="optimized-glass-surface glass-neutral-level1 glass-lift-on-hover glass-press glass-tier-high glass-checkbox-box relative inline-flex items-center justify-center cursor-pointer group glass-radius-lg transition-all duration-200 glass-h-5 glass-w-5 focus-within:outline-none focus-within:ring-2 focus-within:ring-offset-2 focus-within:ring-primary focus-within:ring-offset-background"
                          data-performance-mode="medium"
                          role="checkbox"
                          style="background-color: rgba(15, 23, 42, 0.38); --glass-text-primary: rgba(255,255,255,0.98); --glass-text-secondary: rgba(255,255,255,0.88); --typography-text-primary: rgba(255,255,255,0.98); --typography-text-secondary: rgba(255,255,255,0.88); border: 1px solid rgba(148,163,184,0.18); border-radius: 8px; box-shadow: 0px 4px 16px 0px rgba(0,0,0,0.15); transition: all 200ms ease-out, transform 200ms ease-out, transform 200ms ease-out; position: relative; transform: translateZ(0);"
                        >
                          <div
                            class="motion-primitive flex items-center justify-center glass-h-4 glass-w-4 opacity-0"
                          />
                        </div>
                      </div>
                    </div>
                    <div
                      class="glass-gap-1 glass-min-w-0 glass-flex-1"
                    >
                      <label
                        class="glass-checkbox-label cursor-pointer font-medium text-foreground glass-text-sm"
                        for="glass-checkbox-:r45:"
                        id="glass-checkbox-label-:r46:"
                      >
                        Checkbox Option
                      </label>
                    </div>
                  </div>
                  <div
                    class="glass-relative glass-w-full glass-min-w-0 glass-max-h-full glass-overflow-auto"
                    data-glass-component="true"
                    style="min-width: 0; max-height: 100%;"
                  >
                    <div
                      class="glass-flex glass-gap-2 glass-w-full glass-min-w-0 glass-max-h-full glass-flex-col"
                      data-testid="glassradiogroup"
                      role="radiogroup"
                      style="min-width: 0; max-height: 100%; overflow-y: auto;"
                    >
                      <div
                        aria-checked="false"
                        aria-disabled="false"
                        aria-label="Radio Option"
                        class="optimized-glass-surface glass-neutral-level1 glass-lift-on-hover glass-press glass-tier-high glass-flex glass-items-center glass-gap-2 glass-w-full glass-min-w-0 glass-cursor-pointer glass-group glass-transition glass-p-2 glass-radius-lg"
                        data-performance-mode="medium"
                        id="glass-radio-item-:r48:"
                        role="radio"
                        style="background: rgba(5, 11, 24, 0.18); background-color: rgba(15, 23, 42, 0.38); --glass-text-primary: rgba(255,255,255,0.98); --glass-text-secondary: rgba(255,255,255,0.88); --typography-text-primary: rgba(255,255,255,0.98); --typography-text-secondary: rgba(255,255,255,0.88); border: 1px solid rgba(148,163,184,0.18); border-radius: 8px; box-shadow: 0px 4px 16px 0px rgba(0,0,0,0.15); transition: all 200ms ease-out, transform 200ms ease-out, transform 200ms ease-out; position: relative; transform: translateZ(0); box-sizing: border-box;"
                        tabindex="0"
                      >
                        <div
                          class="glass-relative glass-flex glass-items-center glass-justify-center glass-radius-full glass-border glass-transition glass-w-5 glass-h-5 glass-border-white/20 glass-surface-subtle/5"
                        />
                        <div
                          class="glass-flex-1 glass-min-w-0"
                        >
                          <div
                            class="glass-flex glass-items-center glass-gap-2"
                          >
                            <span
                              class="glass-text-primary-opacity-90 glass-text-base"
                            >
                              Radio Option
                            </span>
                          </div>
                        </div>
                      </div>
                    </div>
                  </div>
                  <div
                    class="glass-switch-container flex items-start glass-gap-3 flex-row"
                  >
                    <div
                      class="glass-flex glass-items-center"
                    >
                      <button
                        aria-checked="false"
                        aria-labelledby="glass-switch-label-:r4a:"
                        class="optimized-glass-surface glass-neutral-level1 glass-lift-on-hover glass-press glass-tier-high glass-switch relative inline-flex shrink-0 cursor-pointer glass-radius-full transition-all duration-200 glass-overflow-hidden glass-focus"
                        data-liquid-glass-switch="false"
                        data-performance-mode="medium"
                        id="glass-switch-:r49:"
                        role="switch"
                        style="background-color: rgba(15, 23, 42, 0.38); --glass-text-primary: rgba(255,255,255,0.98); --glass-text-secondary: rgba(255,255,255,0.88); --typography-text-primary: rgba(255,255,255,0.98); --typography-text-secondary: rgba(255,255,255,0.88); border: 1px solid rgba(148,163,184,0.18); border-radius: 8px; box-shadow: 0px 4px 16px 0px rgba(0,0,0,0.15); transition: all 200ms ease-out, transform 200ms ease-out, transform 200ms ease-out; position: relative; transform: translateZ(0); width: 44px; height: 24px;"
                        type="button"
                      >
                        <div
                          class="pointer-events-none relative flex items-center justify-center glass-radius-full transition-all duration-200 bg-foreground/80 shadow-md"
                          style="width: 20px; height: 20px; transform: translateX(2px);"
                        />
                      </button>
                    </div>
                    <div
                      class="glass-gap-1"
                    >
                      <label
                        class="glass-switch-label cursor-pointer font-medium text-foreground glass-text-sm"
                        for="glass-switch-:r49:"
                        id="glass-switch-label-:r4a:"
                      >
                        Switch Option
                      </label>
                    </div>
                  </div>
                </div>
              </div>
            </div>
            <div
              class="optimized-glass-surface glass-neutral-level2 glass-tier-high glass-foundation-complete relative glass-radius-xl overflow-hidden glass-overlay-noise glass-edge glass-overlay-specular glass-typography-reset ease-out glass-p-4 p-5 h-full flex flex-col transition-all duration-200"
              style="--glass-text-primary: rgba(255,255,255,0.98); --glass-text-secondary: rgba(255,255,255,0.88); --typography-text-primary: rgba(255,255,255,0.98); --typography-text-secondary: rgba(255,255,255,0.88); border: 1px solid rgba(148,163,184,0.2); border-radius: 8px; box-shadow: 0px 8px 24px 0px rgba(0,0,0,0.2); transition: all 200ms ease-out; position: relative; transform: translateZ(0);"
            >
              <div
                class="glass-relative glass-z-10"
              >
                <h2
                  class="glass-text-primary glass-text-4xl glass-mb-4 glass-font-semibold"
                >
                  Slider
                </h2>
                <div
                  class="glass-slider-container"
                  data-interaction-glass="false"
                  data-liquid-glass-slider="false"
                  data-show-tick-labels="false"
                  data-testid="glassslider"
                >
                  <div
                    aria-labelledby="glass-theme-demo-slider-label"
                    class="glass-slider glass-relative glass-flex glass-items-center glass-w-full glass-h-6"
                    id="glass-slider-:r4b:"
                    role="group"
                  >
                    <div
                      class="glass-slider-track glass-relative glass-backdrop-blur-md glass-radius-full glass-border glass-border-white/20 glass-w-full glass-h-2 glass-surface-subtle glass-cursor-pointer"
                    >
                      <div
                        class="glass-slider-fill glass-absolute glass-radius-full glass-h-full glass-top-0 glass-surface-primary"
                        style="width: 50%; transition: all 150ms ease;"
                      >
                        <div
                          class="glass-absolute glass-inset-0 glass-sheen"
                        />
                      </div>
                      <div
                        class="glass-absolute glass-inset-0 glass-radius-full glass-gradient-primary glass-gradient-primary glass-via-white-opacity-5 glass-gradient-primary"
                      />
                    </div>
                    <div
                      aria-label="Theme intensity slider"
                      aria-labelledby="glass-theme-demo-slider-label"
                      aria-valuemax="100"
                      aria-valuemin="0"
                      aria-valuenow="50"
                      aria-valuetext="50"
                      class="optimized-glass-surface glass-neutral-level3 glass-lift-on-hover glass-press glass-tier-high glass-slider-thumb glass-absolute glass-flex glass-items-center glass-justify-center glass-radius-full glass-cursor-pointer glass-transition-all glass-duration-200 glass-focus glass-border-primary glass-shadow-lg glass-h-5 glass-w-5 glass-top-1-2"
                      data-performance-mode="high"
                      role="slider"
                      style="--glass-text-primary: rgba(255,255,255,0.98); --glass-text-secondary: rgba(255,255,255,0.88); --typography-text-primary: rgba(255,255,255,0.98); --typography-text-secondary: rgba(255,255,255,0.88); border: 1px solid rgba(148,163,184,0.22); border-radius: 8px; box-shadow: 0px 12px 32px 0px rgba(0,0,0,0.25); transition: all 200ms ease-out, transform 200ms ease-out, transform 200ms ease-out; position: relative; transform: translate(-50%, -50%); left: 50%;"
                      tabindex="0"
                    />
                  </div>
                </div>
                <p
                  class="glass-text-primary glass-text-base glass-text-secondary glass-text-xs glass-mt-1"
                  id="glass-theme-demo-slider-label"
                >
                  Adjust theme intensity for preview components.
                </p>
              </div>
            </div>
          </div>
        </div>
      </div>
    </div>
  </section>
</div>
`;
