// Jest Snapshot v1, https://goo.gl/fbAQLP

exports[`GlassChatInput matches snapshot 1`] = `
<div
  class="motion-primitive glass-w-full"
  data-glass-component="true"
>
  <div
    class="optimized-glass-surface glass-neutral-level2 glass-tier-high glass-foundation-complete relative glass-radius-xl glass-overlay-noise glass-edge glass-overlay-specular glass-typography-reset transition-all duration-[300ms] ease-out glass-p-4 overflow-hidden"
    style="--glass-text-primary: rgba(255,255,255,0.98); --glass-text-secondary: rgba(255,255,255,0.88); --typography-text-primary: rgba(255,255,255,0.98); --typography-text-secondary: rgba(255,255,255,0.88); border: 1px solid rgba(148,163,184,0.2); border-radius: 8px; box-shadow: 0px 8px 24px 0px rgba(0,0,0,0.2); transition: all 200ms ease-out; position: relative; transform: translateZ(0);"
  >
    <div
      class="glass-relative glass-z-10"
    >
      <div
        class="card-content glass-p-4"
      >
        <div
          class="glass-flex glass-flex-wrap glass-items-end glass-gap-3"
        >
          <div
            class="glass-inline-glass-block"
            data-glass-component="true"
          >
            <button
              aria-label="Attach file"
              class="inline-flex items-center justify-center font-medium transition-all duration-[300ms] ease-out glass-focus disabled:pointer-events-none disabled:opacity-50 relative overflow-hidden glass-overlay-specular glass-parallax h-8 px-3 text-sm glass-accent-primary glass-text-secondary hover:glass-text-primary glass-elev-0 glass-radius-md glass-magnet glass-ripple glass-press glass-p-2 glass-flex-shrink-0"
              data-button-size="sm"
              data-button-variant="ghost"
              id="glass-button-:rf:"
              style="order: 2;"
            >
              <svg
                aria-hidden="true"
                class="glass-w-4 glass-h-4"
                fill="none"
                height="24"
                stroke="currentColor"
                stroke-linecap="round"
                stroke-linejoin="round"
                stroke-width="2"
                viewBox="0 0 24 24"
                width="24"
                xmlns="http://www.w3.org/2000/svg"
              >
                <path
                  d="m21 12-8.5 8.5a6 6 0 0 1-8.5-8.5L13 3a4 4 0 0 1 5.7 5.7l-9 9a2 2 0 0 1-2.8-2.8L15 6.8"
                />
              </svg>
            </button>
          </div>
          <div
            class="glass-flex-1 glass-min-w-0 glass-relative"
            style="flex: 1 0 100%; min-width: 0; order: 1;"
          >
            <textarea
              aria-label="Chat message"
              aria-multiline="true"
              class="w-full bg-glass-fill ring-1 ring-white/10 glass-radius-lg glass-px-4 glass-py-3 glass-text-primary placeholder-white/50 block box-border focus:outline-none glass-focus-ring-white-opacity-30 resize-none min-h-[44px] max-h-[120px] disabled:opacity-50 glass-disabled-cursor-not-allowed"
              id="chat-message-input"
              placeholder="Type a message..."
              rows="1"
              style="box-sizing: border-box; height: 0px;"
            />
          </div>
          <div
            class="glass-flex glass-gap-1 glass-flex-shrink-0"
            style="margin-left: auto; order: 2;"
          >
            <div
              class="glass-inline-glass-block"
              data-glass-component="true"
            >
              <button
                aria-label="Show emoji picker"
                aria-pressed="false"
                class="inline-flex items-center justify-center font-medium transition-all duration-[300ms] ease-out glass-focus disabled:pointer-events-none disabled:opacity-50 relative overflow-hidden glass-overlay-specular glass-parallax h-8 px-3 text-sm glass-accent-primary glass-text-secondary hover:glass-text-primary glass-elev-0 glass-radius-md glass-magnet glass-ripple glass-press glass-p-2"
                data-button-size="sm"
                data-button-variant="ghost"
                id="glass-button-:rg:"
              >
                <svg
                  aria-hidden="true"
                  class="glass-w-4 glass-h-4"
                  fill="none"
                  height="24"
                  stroke="currentColor"
                  stroke-linecap="round"
                  stroke-linejoin="round"
                  stroke-width="2"
                  viewBox="0 0 24 24"
                  width="24"
                  xmlns="http://www.w3.org/2000/svg"
                >
                  <circle
                    cx="12"
                    cy="12"
                    r="9"
                  />
                  <path
                    d="M8 14s1.5 2 4 2 4-2 4-2"
                  />
                  <path
                    d="M9 9h.01M15 9h.01"
                  />
                </svg>
              </button>
            </div>
            <div
              class="glass-inline-glass-block"
              data-glass-component="true"
            >
              <button
                aria-disabled="true"
                aria-label="Send message"
                class="optimized-glass-surface glass-neutral-level2 glass-interactive glass-lift-on-hover glass-hover-sheen glass-press glass-tier-high inline-flex items-center justify-center font-medium transition-all duration-[300ms] ease-out glass-focus disabled:pointer-events-none disabled:opacity-50 relative overflow-hidden glass-overlay-specular glass-parallax h-8 px-3 text-sm glass-accent-primary glass-text-primary hover:glass-text-secondary glass-radius-md glass-ripple glass-magnet glass-p-2"
                data-button-size="sm"
                data-button-variant="primary"
                data-caustics="true"
                data-magnet="true"
                data-performance-mode="ultra"
                disabled=""
                id="glass-button-:rh:"
                style="--glass-text-primary: rgba(255,255,255,0.98); --glass-text-secondary: rgba(255,255,255,0.88); --typography-text-primary: rgba(255,255,255,0.98); --typography-text-secondary: rgba(255,255,255,0.88); border: 1px solid rgba(148,163,184,0.2); border-radius: 8px; box-shadow: 0px 8px 24px 0px rgba(0,0,0,0.2); transition: all 200ms ease-out, transform 200ms ease-out, transform 200ms ease-out, box-shadow 200ms ease-out, transform 200ms ease-out; position: relative; transform: translateZ(0); cursor: pointer; user-select: none;"
              >
                <span
                  class="glass-relative glass-z-10"
                >
                  <svg
                    aria-hidden="true"
                    class="glass-w-4 glass-h-4"
                    fill="none"
                    height="24"
                    stroke="currentColor"
                    stroke-linecap="round"
                    stroke-linejoin="round"
                    stroke-width="2"
                    viewBox="0 0 24 24"
                    width="24"
                    xmlns="http://www.w3.org/2000/svg"
                  >
                    <path
                      d="M22 2 11 13"
                    />
                    <path
                      d="m22 2-7 20-4-9-9-4Z"
                    />
                  </svg>
                </span>
              </button>
            </div>
          </div>
        </div>
        <input
          accept="image/*,video/*,audio/*,.pdf,.doc,.docx,.txt"
          aria-label="File upload input"
          class="glass-hidden glass-touch-target glass-contrast-guard"
          multiple=""
          type="file"
        />
      </div>
    </div>
  </div>
</div>
`;
