// Jest Snapshot v1, https://goo.gl/fbAQLP

exports[`GlassGestureZone matches snapshot 1`] = `
<div
  aria-label="Gesture recognition zone"
  class="optimized-glass-surface glass-neutral-level1 glass-tier-high glass-gesture-zone relative glass-radius-lg glass-glass-backdrop-blur-md border border-border/20 glass-contrast-guard"
  id="glass-gesture-zone-:r4:"
  style="background-color: rgba(255, 255, 255, 0.08); border: 1px solid rgba(255,255,255,0.4); border-radius: 8px; box-shadow: 0px 4px 16px 0px rgba(0,0,0,0.15); transition: all 200ms ease-out; position: relative; transform: translateZ(0);"
>
  <div
    class="motion-primitive glass-flex glass-flex-col glass-gap-4 glass-p-4"
  >
    <div
      class="optimized-glass-surface glass-neutral-level2 glass-tier-high glass-gesture-controls glass-flex glass-flex-wrap glass-items-center glass-gap-4 glass-p-4 glass-radius-lg glass-glass-glass-backdrop-blur-md glass-border glass-border-glass-border/20 glass-contrast-guard"
      style="border: 1px solid rgba(255,255,255,0.5); border-radius: 8px; box-shadow: 0px 8px 24px 0px rgba(0,0,0,0.2); transition: all 200ms ease-out; position: relative; transform: translateZ(0);"
    >
      <div
        class="glass-flex glass-items-center glass-gap-2"
      >
        <button
          class="glass-px-3 glass-py-1 glass-radius-md glass-focus glass-touch-target glass-contrast-guard bg-green-500/20 hover:bg-green-500/30 text-green-400"
        >
          Active
        </button>
        <button
          class="glass-px-3 glass-py-1 glass-radius-md bg-secondary/20 hover:bg-secondary/30 glass-focus glass-touch-target glass-focus glass-touch-target glass-contrast-guard"
        >
          Clear
        </button>
      </div>
      <div
        class="glass-flex glass-items-center glass-gap-2"
      >
        <label
          class="glass-text-sm"
          for="gesture-sensitivity"
        >
          Sensitivity:
        </label>
        <input
          aria-label="Gesture sensitivity"
          class="w-20 glass-focus glass-touch-target glass-contrast-guard"
          id="gesture-sensitivity"
          max="1"
          min="0.1"
          step="0.1"
          type="range"
          value="0.8"
        />
        <span
          class="glass-text-sm min-w-[3ch]"
        >
          80
          %
        </span>
      </div>
      <div
        class="glass-flex glass-items-center glass-gap-2"
      >
        <label
          class="glass-text-sm"
        >
          <input
            checked=""
            class="glass-mr-1 glass-focus glass-touch-target glass-contrast-guard"
            type="checkbox"
          />
          Trail
        </label>
        <label
          class="glass-text-sm"
        >
          <input
            class="glass-mr-1 glass-focus glass-touch-target glass-contrast-guard"
            type="checkbox"
          />
          Multi-touch
        </label>
        <label
          class="glass-text-sm"
        >
          <input
            class="glass-mr-1 glass-focus glass-touch-target glass-contrast-guard"
            type="checkbox"
          />
          Debug
        </label>
      </div>
    </div>
    <div
      class="relative"
    >
      <canvas
        class="border border-border/20 glass-radius-md bg-background/5 cursor-crosshair"
        height="400"
        style="width: 600px; height: 400px;"
        width="600"
      />
    </div>
  </div>
</div>
`;
