// Jest Snapshot v1, https://goo.gl/fbAQLP

exports[`GlassFileExplorer matches snapshot 1`] = `
<div
  aria-label="File explorer"
  class="glass-radius-xl glass-max-w-full glass-min-w-0 glass-overflow-auto glass-backdrop-blur-md glass-surface-dark/30 glass-border glass-border-white/10 glass-shadow-lg glass-p-6 glass-text-base"
  data-glass-component="true"
  role="region"
  style="max-height: 100%; min-width: 0;"
>
  <div
    class="glass-flex glass-items-center glass-justify-between glass-mb-4 glass-pb-4 glass-border-b glass-border-white/20"
  >
    <div
      class="glass-flex glass-items-center glass-gap-2"
    >
      <div
        class="motion-primitive glass-inline-glass-block"
        data-glass-component="true"
      >
        <button
          aria-disabled="true"
          aria-label="Navigate to root"
          class="inline-flex items-center justify-center font-medium transition-all duration-[300ms] ease-out glass-focus disabled:pointer-events-none disabled:opacity-50 relative glass-overlay-specular glass-parallax h-8 px-3 text-sm glass-accent-primary glass-text-secondary hover:glass-text-primary glass-elev-0 glass-radius-md overflow-visible glass-magnet glass-ripple glass-press glass-text-primary-opacity-70 hover:glass-text-primary"
          disabled=""
          id="glass-button-:r18:"
        >
          <svg
            aria-hidden="true"
            class="lucide lucide-house glass-w-4 glass-h-4"
            fill="none"
            height="24"
            stroke="currentColor"
            stroke-linecap="round"
            stroke-linejoin="round"
            stroke-width="2"
            viewBox="0 0 24 24"
            width="24"
            xmlns="http://www.w3.org/2000/svg"
          >
            <path
              d="M15 21v-8a1 1 0 0 0-1-1h-4a1 1 0 0 0-1 1v8"
            />
            <path
              d="M3 10a2 2 0 0 1 .709-1.528l7-6a2 2 0 0 1 2.582 0l7 6A2 2 0 0 1 21 10v9a2 2 0 0 1-2 2H5a2 2 0 0 1-2-2z"
            />
          </svg>
        </button>
      </div>
      <div
        class="motion-primitive glass-inline-glass-block"
        data-glass-component="true"
      >
        <button
          aria-disabled="true"
          aria-label="Navigate up"
          class="inline-flex items-center justify-center font-medium transition-all duration-[300ms] ease-out glass-focus disabled:pointer-events-none disabled:opacity-50 relative glass-overlay-specular glass-parallax h-8 px-3 text-sm glass-accent-primary glass-text-secondary hover:glass-text-primary glass-elev-0 glass-radius-md overflow-visible glass-magnet glass-ripple glass-press glass-text-primary-opacity-70 hover:glass-text-primary"
          disabled=""
          id="glass-button-:r19:"
        >
          <svg
            aria-hidden="true"
            class="lucide lucide-arrow-up glass-w-4 glass-h-4"
            fill="none"
            height="24"
            stroke="currentColor"
            stroke-linecap="round"
            stroke-linejoin="round"
            stroke-width="2"
            viewBox="0 0 24 24"
            width="24"
            xmlns="http://www.w3.org/2000/svg"
          >
            <path
              d="m5 12 7-7 7 7"
            />
            <path
              d="M12 19V5"
            />
          </svg>
        </button>
      </div>
      <div
        class="motion-primitive glass-inline-glass-block"
        data-glass-component="true"
      >
        <button
          aria-label="Refresh"
          class="inline-flex items-center justify-center font-medium transition-all duration-[300ms] ease-out glass-focus disabled:pointer-events-none disabled:opacity-50 relative glass-overlay-specular glass-parallax h-8 px-3 text-sm glass-accent-primary glass-text-secondary hover:glass-text-primary glass-elev-0 glass-radius-md overflow-visible glass-magnet glass-ripple glass-press glass-text-primary-opacity-70 hover:glass-text-primary"
          id="glass-button-:r1a:"
        >
          <svg
            aria-hidden="true"
            class="lucide lucide-refresh-cw glass-w-4 glass-h-4"
            fill="none"
            height="24"
            stroke="currentColor"
            stroke-linecap="round"
            stroke-linejoin="round"
            stroke-width="2"
            viewBox="0 0 24 24"
            width="24"
            xmlns="http://www.w3.org/2000/svg"
          >
            <path
              d="M3 12a9 9 0 0 1 9-9 9.75 9.75 0 0 1 6.74 2.74L21 8"
            />
            <path
              d="M21 3v5h-5"
            />
            <path
              d="M21 12a9 9 0 0 1-9 9 9.75 9.75 0 0 1-6.74-2.74L3 16"
            />
            <path
              d="M8 16H3v5"
            />
          </svg>
        </button>
      </div>
    </div>
    <div
      class="glass-flex glass-items-center glass-gap-2"
    >
      <div
        class="glass-flex glass-items-center glass-border glass-border-white/20 glass-radius-lg"
      >
        <div
          class="motion-primitive glass-inline-glass-block"
        >
          <button
            aria-label="List view"
            aria-pressed="true"
            class="optimized-glass-surface glass-neutral-level2 glass-interactive glass-lift-on-hover glass-hover-sheen glass-press glass-tier-high inline-flex items-center justify-center font-medium transition-all duration-[300ms] ease-out glass-focus disabled:pointer-events-none disabled:opacity-50 relative overflow-hidden glass-overlay-specular glass-parallax h-8 px-3 text-sm glass-accent-info glass-text-primary hover:glass-text-secondary glass-radius-md glass-ripple glass-magnet glass-radius-r-none glass-border-r glass-border-white/20"
            data-magnet="true"
            data-performance-mode="ultra"
            data-refraction="true"
            id="glass-button-:r1b:"
            style="--glass-text-primary: rgba(255,255,255,0.98); --glass-text-secondary: rgba(255,255,255,0.88); --typography-text-primary: rgba(255,255,255,0.98); --typography-text-secondary: rgba(255,255,255,0.88); border: 1px solid rgba(148,163,184,0.2); border-radius: 8px; box-shadow: 0px 8px 24px 0px rgba(0,0,0,0.2); transition: all 200ms ease-out, transform 200ms ease-out, transform 200ms ease-out, box-shadow 200ms ease-out, transform 200ms ease-out; position: relative; transform: translateZ(0); cursor: pointer; user-select: none;"
          >
            <span
              class="glass-relative glass-z-10"
            >
              <svg
                aria-hidden="true"
                class="lucide lucide-list glass-w-4 glass-h-4"
                fill="none"
                height="24"
                stroke="currentColor"
                stroke-linecap="round"
                stroke-linejoin="round"
                stroke-width="2"
                viewBox="0 0 24 24"
                width="24"
                xmlns="http://www.w3.org/2000/svg"
              >
                <path
                  d="M3 5h.01"
                />
                <path
                  d="M3 12h.01"
                />
                <path
                  d="M3 19h.01"
                />
                <path
                  d="M8 5h13"
                />
                <path
                  d="M8 12h13"
                />
                <path
                  d="M8 19h13"
                />
              </svg>
            </span>
          </button>
        </div>
        <div
          class="motion-primitive glass-inline-glass-block"
          data-glass-component="true"
        >
          <button
            aria-label="Grid view"
            aria-pressed="false"
            class="inline-flex items-center justify-center font-medium transition-all duration-[300ms] ease-out glass-focus disabled:pointer-events-none disabled:opacity-50 relative glass-overlay-specular glass-parallax h-8 px-3 text-sm glass-accent-primary glass-text-secondary hover:glass-text-primary glass-elev-0 glass-radius-md overflow-visible glass-magnet glass-ripple glass-press glass-radius-l-none"
            id="glass-button-:r1c:"
          >
            <svg
              aria-hidden="true"
              class="lucide lucide-grid3x3 lucide-grid-3x3 glass-w-4 glass-h-4"
              fill="none"
              height="24"
              stroke="currentColor"
              stroke-linecap="round"
              stroke-linejoin="round"
              stroke-width="2"
              viewBox="0 0 24 24"
              width="24"
              xmlns="http://www.w3.org/2000/svg"
            >
              <rect
                height="18"
                rx="2"
                width="18"
                x="3"
                y="3"
              />
              <path
                d="M3 9h18"
              />
              <path
                d="M3 15h18"
              />
              <path
                d="M9 3v18"
              />
              <path
                d="M15 3v18"
              />
            </svg>
          </button>
        </div>
      </div>
    </div>
  </div>
  <div
    class="glass-mb-4"
  >
    <div
      class="optimized-glass-surface glass-neutral-level1 glass-tier-high inline-flex items-center glass-px-3 glass-py-1.5 glass-backdrop-blur-md ring-1 ring-white/10 bg-white/5 glass-text-sm"
      data-performance-mode="medium"
      style="background-color: rgba(15, 23, 42, 0.38); --glass-text-primary: rgba(255,255,255,0.98); --glass-text-secondary: rgba(255,255,255,0.88); --typography-text-primary: rgba(255,255,255,0.98); --typography-text-secondary: rgba(255,255,255,0.88); border: 1px solid rgba(148,163,184,0.18); border-radius: 8px; box-shadow: 0px 4px 16px 0px rgba(0,0,0,0.15); transition: all 200ms ease-out; position: relative; transform: translateZ(0);"
    >
      <nav
        aria-label="Breadcrumb"
        id="breadcrumb-:r1d:"
      >
        <ol
          class="glass-flex glass-items-center glass-gap-2"
        >
          <li
            class="glass-flex glass-items-center"
          >
            <span
              class="glass-text-primary/80 transition-all duration-200 glass-hover--translate-y-0-5"
            >
              <div
                class="motion-primitive glass-inline-glass-block"
                data-glass-component="true"
              >
                <button
                  class="inline-flex items-center justify-center font-medium transition-all duration-[300ms] ease-out glass-focus disabled:pointer-events-none disabled:opacity-50 relative glass-overlay-specular glass-parallax h-8 px-3 text-sm glass-accent-primary glass-text-secondary hover:glass-text-primary glass-elev-0 glass-radius-md overflow-visible glass-magnet glass-ripple glass-press"
                  id="glass-button-:r1e:"
                >
                  Root
                </button>
              </div>
            </span>
          </li>
        </ol>
      </nav>
    </div>
  </div>
  <div
    class="glass-mb-4"
  >
    <div
      class="glass-relative glass-min-w-0"
      data-glass-component="true"
      data-testid="glassinput"
    >
      <div
        class="optimized-glass-surface glass-neutral-level1 glass-lift-on-hover glass-press glass-tier-high glass-relative glass-flex glass-items-center glass-transition-all glass-duration-200 glass-radius-2xl glass-surface-dark/30 glass-border glass-border-white/10 glass-h-10 glass-px-4 glass-text-sm glass-surface-dark/30 glass-border glass-border-white/10 focus:glass-border-blue"
        data-performance-mode="medium"
        style="background-color: rgba(15, 23, 42, 0.38); --glass-text-primary: rgba(255,255,255,0.98); --glass-text-secondary: rgba(255,255,255,0.88); --typography-text-primary: rgba(255,255,255,0.98); --typography-text-secondary: rgba(255,255,255,0.88); border: 1px solid rgba(148, 163, 184, 0.24); border-radius: 8px; box-shadow: 0 8px 22px rgba(2, 6, 23, 0.18), inset 0 1px 0 rgba(255, 255, 255, 0.08); transition: all 200ms ease-out, transform 200ms ease-out, transform 200ms ease-out; position: relative; transform: translateZ(0);"
      >
        <div
          class="glass-flex glass-items-center glass-justify-center glass-mr-3 glass-text-secondary glass-w-4 glass-h-4"
        >
          <svg
            aria-hidden="true"
            class="lucide lucide-search glass-w-4 glass-h-4"
            fill="none"
            height="24"
            stroke="currentColor"
            stroke-linecap="round"
            stroke-linejoin="round"
            stroke-width="2"
            viewBox="0 0 24 24"
            width="24"
            xmlns="http://www.w3.org/2000/svg"
          >
            <path
              d="m21 21-4.34-4.34"
            />
            <circle
              cx="11"
              cy="11"
              r="8"
            />
          </svg>
        </div>
        <input
          aria-label="Search files..."
          class="glass-flex-1 glass-bg-transparent glass-border-0 glass-outline-none glass-pulse-ring glass-text-primary glass-min-w-0"
          id="glass-input-:r1f:"
          placeholder="Search files..."
          value=""
        />
        <div
          class="glass-flex glass-items-center glass-gap-1"
        />
      </div>
    </div>
  </div>
  <div
    class="glass-flex-1 glass-overflow-auto"
  >
    <div
      class="glass-gap-1"
    />
  </div>
</div>
`;
