// Jest Snapshot v1, https://goo.gl/fbAQLP

exports[`GlassSuperpositionalMenu matches snapshot 1`] = `
<div
  aria-label="Quantum superposition menu"
  class="optimized-glass-surface glass-neutral-level2 glass-tier-high glass-relative glass-p-6 glass-space-y-4 glass-text-white"
  data-glass-component="true"
  role="region"
  style="--glass-text-primary: rgba(255,255,255,0.98); --glass-text-secondary: rgba(255,255,255,0.88); --typography-text-primary: rgba(255,255,255,0.98); --typography-text-secondary: rgba(255,255,255,0.88); border: 1px solid rgba(148,163,184,0.2); border-radius: 8px; box-shadow: 0px 8px 24px 0px rgba(0,0,0,0.2); color: rgba(255, 255, 255, 0.95); transition: all 200ms ease-out; position: relative; transform: translateZ(0);"
>
  <div
    class="glass-absolute glass-inset-0 glass-pointer-events-none"
  >
    <div
      class="glass-absolute glass-w-1 glass-h-1 glass-surface-muted glass-radius-full"
      style="left: 0%; top: 0%;"
    />
    <div
      class="glass-absolute glass-w-1 glass-h-1 glass-surface-muted glass-radius-full"
      style="left: 13%; top: 29%;"
    />
    <div
      class="glass-absolute glass-w-1 glass-h-1 glass-surface-muted glass-radius-full"
      style="left: 26%; top: 58%;"
    />
    <div
      class="glass-absolute glass-w-1 glass-h-1 glass-surface-muted glass-radius-full"
      style="left: 39%; top: 87%;"
    />
    <div
      class="glass-absolute glass-w-1 glass-h-1 glass-surface-muted glass-radius-full"
      style="left: 52%; top: 16%;"
    />
    <div
      class="glass-absolute glass-w-1 glass-h-1 glass-surface-muted glass-radius-full"
      style="left: 65%; top: 45%;"
    />
    <div
      class="glass-absolute glass-w-1 glass-h-1 glass-surface-muted glass-radius-full"
      style="left: 78%; top: 74%;"
    />
    <div
      class="glass-absolute glass-w-1 glass-h-1 glass-surface-muted glass-radius-full"
      style="left: 91%; top: 3%;"
    />
    <div
      class="glass-absolute glass-w-1 glass-h-1 glass-surface-muted glass-radius-full"
      style="left: 4%; top: 32%;"
    />
    <div
      class="glass-absolute glass-w-1 glass-h-1 glass-surface-muted glass-radius-full"
      style="left: 17%; top: 61%;"
    />
    <div
      class="glass-absolute glass-w-1 glass-h-1 glass-surface-muted glass-radius-full"
      style="left: 30%; top: 90%;"
    />
    <div
      class="glass-absolute glass-w-1 glass-h-1 glass-surface-muted glass-radius-full"
      style="left: 43%; top: 19%;"
    />
    <div
      class="glass-absolute glass-w-1 glass-h-1 glass-surface-muted glass-radius-full"
      style="left: 56%; top: 48%;"
    />
    <div
      class="glass-absolute glass-w-1 glass-h-1 glass-surface-muted glass-radius-full"
      style="left: 69%; top: 77%;"
    />
    <div
      class="glass-absolute glass-w-1 glass-h-1 glass-surface-muted glass-radius-full"
      style="left: 82%; top: 6%;"
    />
    <div
      class="glass-absolute glass-w-1 glass-h-1 glass-surface-muted glass-radius-full"
      style="left: 95%; top: 35%;"
    />
    <div
      class="glass-absolute glass-w-1 glass-h-1 glass-surface-muted glass-radius-full"
      style="left: 8%; top: 64%;"
    />
    <div
      class="glass-absolute glass-w-1 glass-h-1 glass-surface-muted glass-radius-full"
      style="left: 21%; top: 93%;"
    />
    <div
      class="glass-absolute glass-w-1 glass-h-1 glass-surface-muted glass-radius-full"
      style="left: 34%; top: 22%;"
    />
    <div
      class="glass-absolute glass-w-1 glass-h-1 glass-surface-muted glass-radius-full"
      style="left: 47%; top: 51%;"
    />
  </div>
  <svg
    class="glass-absolute glass-inset-0 glass-pointer-events-none"
    data-glass-overlay="true"
    style="z-index: 10;"
  />
  <div
    class="glass-flex glass-items-center glass-justify-between"
  >
    <div>
      <h2
        class="glass-text-xl glass-font-semibold glass-text-primary"
      >
        Quantum Menu
      </h2>
      <p
        class="glass-text-sm glass-text-secondary"
      >
        0 superpositions
      </p>
    </div>
    <div
      class="glass-flex glass-items-center glass-space-x-4"
    >
      <button
        class="glass-px-4 glass-py-2 glass-radius-lg glass-text-sm glass-font-medium glass-transition-colors glass-duration-200 position overflow borderRadius boxShadow background glass-text-primary hover:glass-text-white glass-border glass-border-primary hover:glass-border-white"
        style="color: rgba(255, 255, 255, 0.95); border-color: rgba(255, 255, 255, 0.28);"
      >
        🔬 Measure
      </button>
      <button
        class="glass-px-4 glass-py-2 glass-radius-lg glass-text-sm glass-font-medium glass-transition-colors glass-duration-200 position overflow borderRadius boxShadow background glass-text-accent hover:glass-text-accent-light glass-border glass-border-accent hover:glass-border-accent-light"
        style="color: rgba(255, 255, 255, 0.95); border-color: rgba(236, 72, 153, 0.42);"
      >
        ⚛ Entangle
      </button>
      <div
        class="glass-text-sm glass-text-muted"
      >
        t: 
        0.0
      </div>
    </div>
  </div>
  <div
    class="glass-space-y-3"
  />
  <div
    class="glass-p-4 glass-radius-lg glass-border glass-border-subtle position overflow borderRadius boxShadow background"
  >
    <div
      class="glass-grid glass-grid-cols-2 glass-gap-4 glass-text-sm"
    >
      <div>
        <span
          class="glass-text-secondary"
        >
          Total Coherence:
        </span>
        <span
          class="glass-ml-2 glass-text-primary"
        >
          NaN
          %
        </span>
      </div>
      <div>
        <span
          class="glass-text-secondary"
        >
          Entangled Pairs:
        </span>
        <span
          class="glass-ml-2 glass-text-primary"
        >
          0
        </span>
      </div>
      <div>
        <span
          class="glass-text-secondary"
        >
          Measurements:
        </span>
        <span
          class="glass-ml-2 glass-text-primary"
        >
          0
        </span>
      </div>
      <div>
        <span
          class="glass-text-secondary"
        >
          State:
        </span>
        <span
          class="glass-ml-2 glass-text-primary"
        >
          Superposition
        </span>
      </div>
    </div>
  </div>
</div>
`;
