// Jest Snapshot v1, https://goo.gl/fbAQLP

exports[`GlassDataTable matches snapshot 1`] = `
<div
  class="glass-foundation-basic glass-radius-xl glass-overflow-hidden"
  style="background-color: rgba(15, 23, 42, 0.22); --glass-text-primary: rgba(255,255,255,0.98); --glass-text-secondary: rgba(255,255,255,0.88); --typography-text-primary: rgba(255,255,255,0.98); --typography-text-secondary: rgba(255,255,255,0.88); border: 1px solid rgba(255,255,255,0.20); border-radius: 8px; box-shadow: 0px 8px 32px 0px rgba(0,0,0,0.22), inset 0 1px 0 rgba(255,255,255,0.22), inset 0 0 12px rgba(255,255,255,0.12); transition: all 200ms ease-out; position: relative; transform: translateZ(0);"
>
  <div
    class="glass-p-4 glass-border-b glass-border-glass-border"
  >
    <div
      class="glass-relative"
    >
      <input
        class="glass-w-full glass-px-4 glass-py-2 glass-pl-10 glass-bg-background glass-border glass-border-glass-border glass-radius-lg glass-focus-outline-none glass-focus-ring-2 glass-focus-ring-primary/20 glass-transition-colors glass-focus glass-touch-target glass-contrast-guard"
        placeholder="Search..."
        type="text"
        value=""
      />
      <div
        class="glass-absolute glass-left-3 glass-top-1/2 glass--translate-y-1-2 glass-text-secondary"
      >
        🔍
      </div>
    </div>
  </div>
  <div
    class="glass-overflow-x-auto"
  >
    <table
      class="glass-w-full"
    >
      <thead
        class="glass-surface-subtle"
      >
        <tr>
          <th
            class="glass-px-4 glass-py-3 glass-text-left glass-text-sm glass-font-medium glass-text-secondary glass-cursor-pointer hover:glass-surface-subtle glass-transition-colors glass-select-none"
            style="text-align: left; font-weight: 500;"
          >
            <div
              class="glass-flex glass-items-center glass-gap-2"
            >
              ID
              <div
                class="glass-flex glass-flex-col"
              >
                <div
                  class="glass-text-xs glass-transition-colors glass-text-secondary/50"
                >
                  ▲
                </div>
                <div
                  class="glass-text-xs glass-transition-colors glass--mt-1 glass-text-secondary/50"
                >
                  ▼
                </div>
              </div>
            </div>
          </th>
          <th
            class="glass-px-4 glass-py-3 glass-text-left glass-text-sm glass-font-medium glass-text-secondary glass-cursor-pointer hover:glass-surface-subtle glass-transition-colors glass-select-none"
            style="text-align: left; font-weight: 500;"
          >
            <div
              class="glass-flex glass-items-center glass-gap-2"
            >
              Name
              <div
                class="glass-flex glass-flex-col"
              >
                <div
                  class="glass-text-xs glass-transition-colors glass-text-secondary/50"
                >
                  ▲
                </div>
                <div
                  class="glass-text-xs glass-transition-colors glass--mt-1 glass-text-secondary/50"
                >
                  ▼
                </div>
              </div>
            </div>
          </th>
          <th
            class="glass-px-4 glass-py-3 glass-text-left glass-text-sm glass-font-medium glass-text-secondary glass-cursor-pointer hover:glass-surface-subtle glass-transition-colors glass-select-none"
            style="text-align: left; font-weight: 500;"
          >
            <div
              class="glass-flex glass-items-center glass-gap-2"
            >
              Value
              <div
                class="glass-flex glass-flex-col"
              >
                <div
                  class="glass-text-xs glass-transition-colors glass-text-secondary/50"
                >
                  ▲
                </div>
                <div
                  class="glass-text-xs glass-transition-colors glass--mt-1 glass-text-secondary/50"
                >
                  ▼
                </div>
              </div>
            </div>
          </th>
        </tr>
      </thead>
      <tbody>
        <tr
          class="hover:glass-surface-subtle glass-transition-colors glass-border-b glass-border-glass-border last:glass-border-b-0"
        >
          <td
            class="glass-px-4 glass-py-3 glass-text-sm"
          >
            1
          </td>
          <td
            class="glass-px-4 glass-py-3 glass-text-sm"
          >
            Item 1
          </td>
          <td
            class="glass-px-4 glass-py-3 glass-text-sm"
          >
            100
          </td>
        </tr>
        <tr
          class="hover:glass-surface-subtle glass-transition-colors glass-border-b glass-border-glass-border last:glass-border-b-0"
        >
          <td
            class="glass-px-4 glass-py-3 glass-text-sm"
          >
            2
          </td>
          <td
            class="glass-px-4 glass-py-3 glass-text-sm"
          >
            Item 2
          </td>
          <td
            class="glass-px-4 glass-py-3 glass-text-sm"
          >
            200
          </td>
        </tr>
        <tr
          class="hover:glass-surface-subtle glass-transition-colors glass-border-b glass-border-glass-border last:glass-border-b-0"
        >
          <td
            class="glass-px-4 glass-py-3 glass-text-sm"
          >
            3
          </td>
          <td
            class="glass-px-4 glass-py-3 glass-text-sm"
          >
            Item 3
          </td>
          <td
            class="glass-px-4 glass-py-3 glass-text-sm"
          >
            300
          </td>
        </tr>
      </tbody>
    </table>
  </div>
</div>
`;
