// Jest Snapshot v1, https://goo.gl/fbAQLP

exports[`GlassARPreview matches snapshot 1`] = `
<div
  class="optimized-glass-surface glass-neutral-level1 glass-tier-high glass-ar-preview relative glass-radius-lg glass-backdrop-blur-md border border-border/20 overflow-hidden"
  data-glass-component="true"
  id="glass-ar-preview-:r3:"
  style="background-color: rgba(15, 23, 42, 0.38); --glass-text-primary: rgba(255,255,255,0.98); --glass-text-secondary: rgba(255,255,255,0.88); --typography-text-primary: rgba(255,255,255,0.98); --typography-text-secondary: rgba(255,255,255,0.88); border: 1px solid rgba(148,163,184,0.18); border-radius: 8px; box-shadow: 0px 4px 16px 0px rgba(0,0,0,0.15); transition: all 200ms ease-out; position: relative; transform: translateZ(0);"
>
  <div
    class="motion-primitive glass-relative glass-w-full glass-h-full"
  >
    <canvas
      class="glass-absolute glass-inset-0 glass-w-full glass-h-full glass-cursor-pointer"
      height="0"
      width="0"
    />
    <div
      class="glass-absolute glass-bottom-4 glass--left-1-2 glass-transform glass--translate-x-1-2"
    >
      <div
        class="optimized-glass-surface glass-neutral-level3 glass-tier-high glass-flex glass-items-center glass-gap-2 glass-px-4 glass-py-2 glass-radius-lg glass-backdrop-blur-md glass-border glass-border-glass-border/20 glass-contrast-guard"
        style="--glass-text-primary: rgba(255,255,255,0.98); --glass-text-secondary: rgba(255,255,255,0.88); --typography-text-primary: rgba(255,255,255,0.98); --typography-text-secondary: rgba(255,255,255,0.88); border: 1px solid rgba(148,163,184,0.22); border-radius: 8px; box-shadow: 0px 12px 32px 0px rgba(0,0,0,0.25); transition: all 200ms ease-out; position: relative; transform: translateZ(0);"
      >
        <button
          class="glass-px-4 glass-py-2 glass-radius-md transition-all glass-text-sm font-medium bg-primary/20 text-primary hover:bg-primary/30"
        >
          Start AR
        </button>
        <div
          class="glass-text-xs glass-text-secondary"
        >
          Objects: 
          0
        </div>
      </div>
    </div>
    <div
      class="glass-absolute glass-top-4 glass-left-4"
    >
      <div
        class="optimized-glass-surface glass-neutral-level2 glass-tier-high glass-px-3 glass-py-2 glass-radius-lg glass-backdrop-blur-md glass-border glass-border-glass-border/20 glass-contrast-guard"
        style="--glass-text-primary: rgba(255,255,255,0.98); --glass-text-secondary: rgba(255,255,255,0.88); --typography-text-primary: rgba(255,255,255,0.98); --typography-text-secondary: rgba(255,255,255,0.88); border: 1px solid rgba(148,163,184,0.2); border-radius: 8px; box-shadow: 0px 8px 24px 0px rgba(0,0,0,0.2); transition: all 200ms ease-out; position: relative; transform: translateZ(0);"
      >
        <div
          class="glass-flex glass-items-center glass-gap-2 glass-text-xs"
        >
          <div
            class="w-2 h-2 glass-radius-full bg-gray-500"
          />
          <span
            class="glass-text-secondary"
          >
            Tracking Inactive
          </span>
        </div>
      </div>
    </div>
  </div>
</div>
`;
